V/SetupWizard( 2552): BaseActivity.onStart() com.google.android.setupwizard.SetupWizardActivity
V/SetupWizard( 2552): BaseActivity.onResume() com.google.android.setupwizard.SetupWizardActivity
I/ActivityManager( 2283): START u0 {cmp=com.google.android.setupwizard/.WelcomeActivity (has extras)} from pid 2552
E/PhoneMonitor( 2552): onOtaspChanged old =0, new =1
V/PhoneMonitor( 2552): mOtaspPhoneStateListener#onOtaspChanged, mOtaspMode=1
V/SetupWizard( 2552): BaseActivity.onPause() com.google.android.setupwizard.SetupWizardActivity
V/SetupWizard( 2552): BaseActivity.onCreate(null) com.google.android.setupwizard.WelcomeActivity
D/SetupWizard( 2552): BaseActivity.onCreate() mIsFirstRun=true mIsSecondaryUser=false
E/NFC-HCI ( 2530): Could not open /system/vendor/firmware/libpn544_fw.so or /system/lib/libpn544_fw.so
I/LatinIME:LogUtils( 2489): Dictionary info: dictionary = userunigram.en_US.dict ; version = ? ; date = ?
D/CheckConnectionTask( 2552): doInBackground: IOException retVal=false e=
V/Zygote  ( 2636): Switching descriptor 32 to /dev/null
V/Zygote  ( 2636): Switching descriptor 9 to /dev/null
I/ActivityManager( 2283): Start proc com.google.process.location for on-hold: pid=2636 uid=10010 gids={50010, 3003, 1007, 1028, 1015, 1006, 3002, 3001, 3007, 2001, 3006}
D/SetupWizard( 2552): getCurrentLocale return val=en_US mPickerLocale=null config.locale=en_US Locale.getDefault()=en_US
D/SetupWizard( 2552): onCreate current locale=en_US
D/BluetoothAdapter( 2389): 1109975616: getState() :  mService = null. Returning STATE_OFF
D/BluetoothAdapter( 2389): 1109975616: getState() :  mService = null. Returning STATE_OFF
I/LatinIME:LogUtils( 2489): Dictionary info: dictionary = UserHistoryDictionary.en_US.dic ; version = ? ; date = 1411855894
D/PhoneStatusBar( 2389): heads up is disabled
I/LatinIME:LogUtils( 2489): Dictionary info: dictionary = personalization.en_US.dict ; version = ? ; date = 1411855894
D/PhoneStatusBar( 2389): mSettingsPanelGravity = 55
I/LatinIME:LogUtils( 2489): Dictionary info: dictionary = PersonalizationPredictionDictio ; version = ? ; date = 1411855894
D/Tethering( 2283): exception when get active network info:java.lang.NullPointerException
D/IccSmsInterfaceManager( 2512): IccSmsInterfaceManager: initDispatchers()
D/ActivityThread( 2636): handleBindApplication:com.google.process.location
D/ActivityThread( 2636): setTargetHeapUtilization:0.75
D/ActivityThread( 2636): setTargetHeapMinFree:2097152
V/Zygote  ( 2654): Switching descriptor 32 to /dev/null
V/Zygote  ( 2654): Switching descriptor 9 to /dev/null
I/MultiDex( 2597): VM with version 1.6.0 does not have multidex support
I/MultiDex( 2597): install
I/ActivityManager( 2283): Start proc com.android.smspush for service com.android.smspush/.WapPushManager: pid=2654 uid=10062 gids={50062}
I/MultiDex( 2597): MultiDexExtractor.load(/system/priv-app/PrebuiltGmsCore.apk, false)
I/Choreographer( 2389): Skipped 43 frames!  The application may be doing too much work on its main thread.
D/MockSmsReceiver( 2512): Registered MockSmsReceiver
D/ActivityThread( 2654): handleBindApplication:com.android.smspush
D/ActivityThread( 2654): setTargetHeapUtilization:0.75
D/ActivityThread( 2654): setTargetHeapMinFree:2097152
I/PackageManager( 2283):   Action: "android.intent.action.SENDTO"
I/PackageManager( 2283):   Category: "android.intent.category.DEFAULT"
I/PackageManager( 2283):   Scheme: "sms"
I/PackageManager( 2283): Adding preferred activity ComponentInfo{com.android.mms/com.android.mms.ui.ComposeMessageActivity} for user 0 :
I/MultiDex( 2597): loading existing secondary dex files
I/MultiDex( 2597): load found 2 secondary dex files
I/PackageManager( 2283):   Action: "android.intent.action.SENDTO"
I/PackageManager( 2283):   Category: "android.intent.category.DEFAULT"
I/PackageManager( 2283):   Scheme: "smsto"
I/PackageManager( 2283): Adding preferred activity ComponentInfo{com.android.mms/com.android.mms.ui.ComposeMessageActivity} for user 0 :
I/MultiDex( 2597): install done
V/BackupManagerService( 2283): Connected to transport ComponentInfo{com.google.android.backuptransport/com.google.android.backup.BackupTransportService}
V/BackupManagerService( 2283): Registering transport com.google.android.backuptransport/com.google.android.backup.BackupTransportService::com.google.android.backup/.BackupTransportService = com.android.internal.backup.IBackupTransport$Stub$Proxy@4228cfd8
I/MultiDex( 2636): VM with version 1.6.0 does not have multidex support
I/MultiDex( 2636): install
D/libEGL  ( 2389): loaded /system/lib/egl/libEGL_mali.so
D/libEGL  ( 2389): loaded /system/lib/egl/libGLESv1_CM_mali.so
D/libEGL  ( 2389): loaded /system/lib/egl/libGLESv2_mali.so
I/MultiDex( 2636): MultiDexExtractor.load(/system/priv-app/PrebuiltGmsCore.apk, false)
I/PackageManager( 2283):   Action: "android.intent.action.SENDTO"
I/PackageManager( 2283):   Category: "android.intent.category.DEFAULT"
I/PackageManager( 2283):   Scheme: "mms"
E/        ( 2389): Device driver API match
E/        ( 2389): Device driver API version: 23
E/        ( 2389): User space API version: 23 
E/        ( 2389): mali: REVISION=Linux-r3p2-01rel3 BUILD_DATE=Fri Mar 21 13:52:50 KST 2014 
I/PackageManager( 2283): Adding preferred activity ComponentInfo{com.android.mms/com.android.mms.ui.ComposeMessageActivity} for user 0 :
I/MultiDex( 2636): loading existing secondary dex files
I/MultiDex( 2636): load found 2 secondary dex files
I/MultiDex( 2636): install done
D/OpenGLRenderer( 2389): Enabling debug mode 0
I/PackageManager( 2283):   Action: "android.intent.action.SENDTO"
I/PackageManager( 2283):   Category: "android.intent.category.DEFAULT"
I/PackageManager( 2283):   Scheme: "mmsto"
I/PackageManager( 2283): Adding preferred activity ComponentInfo{com.android.mms/com.android.mms.ui.ComposeMessageActivity} for user 0 :
D/Tethering( 2283): exception when get active network info:java.lang.NullPointerException
V/Zygote  ( 2683): Switching descriptor 32 to /dev/null
V/Zygote  ( 2683): Switching descriptor 9 to /dev/null
D/PhoneStatusBar( 2389): disable: < expand icons ALERTS* ticker system_info back HOME* RECENT* CLOCK* SEARCH* >
I/ActivityManager( 2283): Start proc com.google.process.gapps for content provider com.google.android.gsf/.gservices.GservicesProvider: pid=2683 uid=10010 gids={50010, 3003, 1007, 1028, 1015, 1006, 3002, 3001, 3007, 2001, 3006}
W/ContextImpl( 2512): Implicit intents with startService are not safe: Intent { act=org.codeaurora.ims.IImsService } android.content.ContextWrapper.bindService:517 android.content.ContextWrapper.bindService:517 com.android.phone.PhoneGlobals.createImsService:659 
V/Zygote  ( 2690): Switching descriptor 32 to /dev/null
V/Zygote  ( 2690): Switching descriptor 9 to /dev/null
I/TextToSpeech( 2552): Sucessfully bound to com.svox.pico
D/PhoneApp( 2512): IMSService bound request : false
I/ActivityManager( 2283): Start proc com.svox.pico for service com.svox.pico/.PicoService: pid=2690 uid=10012 gids={50012, 1028, 1015}
W/ActivityManager( 2283): Unable to start service Intent { act=org.codeaurora.ims.IImsService } U=0: not found
D/BluetoothManagerService( 2283): Message: 20
D/BluetoothManagerService( 2283): Added callback: android.bluetooth.IBluetoothManagerCallback$Stub$Proxy@42643f38:true
D/ActivityThread( 2683): handleBindApplication:com.google.process.gapps
D/ActivityThread( 2683): setTargetHeapUtilization:0.75
D/ActivityThread( 2683): setTargetHeapMinFree:2097152
D/BluetoothManagerService( 2283): Message: 30
D/ActivityThread( 2690): handleBindApplication:com.svox.pico
D/ActivityThread( 2690): setTargetHeapUtilization:0.75
D/ActivityThread( 2690): setTargetHeapMinFree:2097152
D/AwesomePlayer( 1907): Before reset_l
D/PhoneInterfaceManager( 2512): [PhoneIntfMgr] publish: com.android.phone.PhoneInterfaceManager@422e7dc8
D/OMXCodec( 1907): Successfully allocated OMX node 'OMX.google.vorbis.decoder'
I/OMXCodec( 1907): Codec outputs a different number of channels than the input stream contains (contains 2 channels, codec outputs 1 channels).
I/AwesomePlayer( 1907): Could not offload audio decode, try pcm offload
I/OMXCodec( 1907): [OMX.google.vorbis.decoder] allocating 4 buffers of size 8192 on input port
I/OMXCodec( 1907): [OMX.google.vorbis.decoder] allocated buffer 0x417ebf88 on input port
I/OMXCodec( 1907): [OMX.google.vorbis.decoder] allocated buffer 0x417e9ae0 on input port
I/OMXCodec( 1907): [OMX.google.vorbis.decoder] allocated buffer 0x417e9ec8 on input port
I/OMXCodec( 1907): [OMX.google.vorbis.decoder] allocated buffer 0x417e9f80 on input port
I/OMXCodec( 1907): [OMX.google.vorbis.decoder] allocating 4 buffers of size 32768 on output port
I/OMXCodec( 1907): [OMX.google.vorbis.decoder] allocated buffer 0x417ea108 on output port
I/OMXCodec( 1907): [OMX.google.vorbis.decoder] allocated buffer 0x417ea328 on output port
I/OMXCodec( 1907): [OMX.google.vorbis.decoder] allocated buffer 0x417ea438 on output port
I/OMXCodec( 1907): [OMX.google.vorbis.decoder] allocated buffer 0x417ea560 on output port
D/AudioPolicyManagerBase( 1907): getOutput() device 1, stream 0, samplingRate 0, format 0, channelMask 3, flags 0
D/AudioPolicyManagerBase( 1907): getOutput() returns output 2
D/Ringtone( 2552): Successfully created local player
I/OMXNodeInstance( 1907): OMX_FreeBuffer for buffer header 0x417e9f80 successful
I/OMXNodeInstance( 1907): OMX_FreeBuffer for buffer header 0x417e9ec8 successful
I/OMXNodeInstance( 1907): OMX_FreeBuffer for buffer header 0x417e9ae0 successful
I/OMXNodeInstance( 1907): OMX_FreeBuffer for buffer header 0x417ebf88 successful
I/OMXNodeInstance( 1907): OMX_FreeBuffer for buffer header 0x417ea560 successful
I/OMXNodeInstance( 1907): OMX_FreeBuffer for buffer header 0x417ea438 successful
I/OMXNodeInstance( 1907): OMX_FreeBuffer for buffer header 0x417ea328 successful
I/OMXNodeInstance( 1907): OMX_FreeBuffer for buffer header 0x417ea108 successful
D/AudioPolicyManagerBase( 1907): getOutput() device 1, stream 0, samplingRate 0, format 0, channelMask 3, flags 0
D/AudioPolicyManagerBase( 1907): getOutput() returns output 2
D/AudioPolicyManagerBase( 1907): getOutput() device 1, stream 0, samplingRate 44100, format 1, channelMask 1, flags 4
D/AudioPolicyManagerBase( 1907): getOutput() returns output 2
D/CallNotifier( 2512): CallNotifier: mSignalInfoToneGenerator created when toneplay
D/BluetoothManagerService( 2283): Message: 30
V/PhoneApp( 2512): register for ICC status
D/AwesomePlayer( 1907): Before reset_l
D/PhoneUtils( 2512): setAudioMode()...IDLE
D/PhoneUtils( 2512): setAudioMode() no change: MODE_NORMAL
D/AudioPolicyManagerBase( 1907): copl: Offload denied by duration < default min(=60)
V/SynthProxy( 2690): About to load /system/lib/libttspico.so, applyFilter=true
D/OMXCodec( 1907): Successfully allocated OMX node 'OMX.google.vorbis.decoder'
I/OMXCodec( 1907): Codec outputs a different number of channels than the input stream contains (contains 2 channels, codec outputs 1 channels).
I/AwesomePlayer( 1907): Could not offload audio decode, try pcm offload
D/AudioPolicyManagerBase( 1907): copl: Offload denied by duration < default min(=60)
I/OMXCodec( 1907): [OMX.google.vorbis.decoder] allocating 4 buffers of size 8192 on input port
I/OMXCodec( 1907): [OMX.google.vorbis.decoder] allocated buffer 0x417e2aa0 on input port
I/OMXCodec( 1907): [OMX.google.vorbis.decoder] allocated buffer 0x417e8750 on input port
I/OMXCodec( 1907): [OMX.google.vorbis.decoder] allocated buffer 0x417e8820 on input port
I/OMXCodec( 1907): [OMX.google.vorbis.decoder] allocated buffer 0x417e88d8 on input port
I/OMXCodec( 1907): [OMX.google.vorbis.decoder] allocating 4 buffers of size 32768 on output port
I/OMXCodec( 1907): [OMX.google.vorbis.decoder] allocated buffer 0x417e8a60 on output port
I/OMXCodec( 1907): [OMX.google.vorbis.decoder] allocated buffer 0x417e0f80 on output port
I/OMXCodec( 1907): [OMX.google.vorbis.decoder] allocated buffer 0x417e10c0 on output port
I/OMXCodec( 1907): [OMX.google.vorbis.decoder] allocated buffer 0x417e11e8 on output port
D/Ringtone( 2552): Successfully created local player
D/PhoneStatusBarPolicy( 2389): updateSimState for subscription :0
D/StatusBar.NetworkController( 2389): In updateSimIcon simState= UNKNOWN
D/MobileDataStateTracker( 2283): dun: Broadcast received: android.intent.action.ANY_DATA_STATE apnType=dun
D/MobileDataStateTracker( 2283): dun: Received state=DISCONNECTED, old=DISCONNECTED, reason=radioTurnedOff
D/MobileDataStateTracker( 2283): supl: Broadcast received: android.intent.action.ANY_DATA_STATE apnType=supl
D/MobileDataStateTracker( 2283): supl: Received state=DISCONNECTED, old=DISCONNECTED, reason=radioTurnedOff
D/MobileDataStateTracker( 2283): hipri: Broadcast received: android.intent.action.ANY_DATA_STATE apnType=hipri
D/KeyguardUpdateMonitor( 2389): ACTION_SIM_STATE_CHANGED intent received on sub = 0
D/MobileDataStateTracker( 2283): hipri: Received state=DISCONNECTED, old=DISCONNECTED, reason=radioTurnedOff
D/MobileDataStateTracker( 2283): default: Broadcast received: android.intent.action.ANY_DATA_STATE apnType=default
D/MobileDataStateTracker( 2283): default: Received state=DISCONNECTED, old=DISCONNECTED, reason=radioTurnedOff
D/MobileDataStateTracker( 2283): mms: Broadcast received: android.intent.action.ANY_DATA_STATE apnType=mms
D/MobileDataStateTracker( 2283): mms: Received state=DISCONNECTED, old=DISCONNECTED, reason=radioTurnedOff
D/MobileDataStateTracker( 2283): dun: Broadcast received: android.intent.action.ANY_DATA_STATE apnType=dun
D/MobileDataStateTracker( 2283): dun: Received state=DISCONNECTED, old=DISCONNECTED, reason=radioTurnedOff
D/MobileDataStateTracker( 2283): supl: Broadcast received: android.intent.action.ANY_DATA_STATE apnType=supl
D/MobileDataStateTracker( 2283): supl: Received state=DISCONNECTED, old=DISCONNECTED, reason=radioTurnedOff
D/MobileDataStateTracker( 2283): hipri: Broadcast received: android.intent.action.ANY_DATA_STATE apnType=hipri
D/MobileDataStateTracker( 2283): hipri: Received state=DISCONNECTED, old=DISCONNECTED, reason=radioTurnedOff
D/MobileDataStateTracker( 2283): default: Broadcast received: android.intent.action.ANY_DATA_STATE apnType=default
D/MobileDataStateTracker( 2283): default: Received state=DISCONNECTED, old=DISCONNECTED, reason=radioTurnedOff
D/MobileDataStateTracker( 2283): mms: Broadcast received: android.intent.action.ANY_DATA_STATE apnType=mms
D/MobileDataStateTracker( 2283): mms: Received state=DISCONNECTED, old=DISCONNECTED, reason=radioTurnedOff
D/MobileDataStateTracker( 2283): dun: Broadcast received: android.intent.action.ANY_DATA_STATE apnType=dun
D/MobileDataStateTracker( 2283): dun: Received state=DISCONNECTED, old=DISCONNECTED, reason=dataDetached
D/MobileDataStateTracker( 2283): supl: Broadcast received: android.intent.action.ANY_DATA_STATE apnType=supl
D/MobileDataStateTracker( 2283): supl: Received state=DISCONNECTED, old=DISCONNECTED, reason=dataDetached
D/MobileDataStateTracker( 2283): hipri: Broadcast received: android.intent.action.ANY_DATA_STATE apnType=hipri
D/MobileDataStateTracker( 2283): hipri: Received state=DISCONNECTED, old=DISCONNECTED, reason=dataDetached
D/MobileDataStateTracker( 2283): default: Broadcast received: android.intent.action.ANY_DATA_STATE apnType=default
D/MobileDataStateTracker( 2283): default: Received state=DISCONNECTED, old=DISCONNECTED, reason=dataDetached
D/MobileDataStateTracker( 2283): mms: Broadcast received: android.intent.action.ANY_DATA_STATE apnType=mms
D/MobileDataStateTracker( 2283): mms: Received state=DISCONNECTED, old=DISCONNECTED, reason=dataDetached
D/MobileDataStateTracker( 2283): dun: Broadcast received: android.intent.action.ANY_DATA_STATE apnType=dun
D/MobileDataStateTracker( 2283): dun: Received state=DISCONNECTED, old=DISCONNECTED, reason=roamingOff
D/MobileDataStateTracker( 2283): supl: Broadcast received: android.intent.action.ANY_DATA_STATE apnType=supl
D/MobileDataStateTracker( 2283): supl: Received state=DISCONNECTED, old=DISCONNECTED, reason=roamingOff
I/SVOX Pico Engine( 2690): loaded en-US successfully
D/MobileDataStateTracker( 2283): hipri: Broadcast received: android.intent.action.ANY_DATA_STATE apnType=hipri
D/MobileDataStateTracker( 2283): hipri: Received state=DISCONNECTED, old=DISCONNECTED, reason=roamingOff
D/MobileDataStateTracker( 2283): default: Broadcast received: android.intent.action.ANY_DATA_STATE apnType=default
D/MobileDataStateTracker( 2283): default: Received state=DISCONNECTED, old=DISCONNECTED, reason=roamingOff
D/MobileDataStateTracker( 2283): mms: Broadcast received: android.intent.action.ANY_DATA_STATE apnType=mms
D/MobileDataStateTracker( 2283): mms: Received state=DISCONNECTED, old=DISCONNECTED, reason=roamingOff
D/MobileDataStateTracker( 2283): dun: Broadcast received: android.intent.action.ANY_DATA_STATE apnType=dun
D/MobileDataStateTracker( 2283): dun: Received state=DISCONNECTED, old=DISCONNECTED, reason=roamingOff
D/MobileDataStateTracker( 2283): supl: Broadcast received: android.intent.action.ANY_DATA_STATE apnType=supl
D/MobileDataStateTracker( 2283): supl: Received state=DISCONNECTED, old=DISCONNECTED, reason=roamingOff
D/MobileDataStateTracker( 2283): hipri: Broadcast received: android.intent.action.ANY_DATA_STATE apnType=hipri
D/MobileDataStateTracker( 2283): hipri: Received state=DISCONNECTED, old=DISCONNECTED, reason=roamingOff
D/MobileDataStateTracker( 2283): default: Broadcast received: android.intent.action.ANY_DATA_STATE apnType=default
D/MobileDataStateTracker( 2283): default: Received state=DISCONNECTED, old=DISCONNECTED, reason=roamingOff
D/MobileDataStateTracker( 2283): mms: Broadcast received: android.intent.action.ANY_DATA_STATE apnType=mms
D/TelephonyDebugService( 2512): TelephonyDebugService()
D/MobileDataStateTracker( 2283): mms: Received state=DISCONNECTED, old=DISCONNECTED, reason=roamingOff
D/BluetoothManagerService( 2283): Message: 30
D/BluetoothPhoneService( 2512):  handlePreciseCallStateChange: foreground: IDLE background: IDLE ringing: IDLE
E/BluetoothPhoneService( 2512): Could not get a handle on Connection object for the call
D/BluetoothPhoneService( 2512): update the call states, active: 0held0
D/BluetoothPhoneService( 2512): registerForServiceStateChanged
D/BluetoothPhoneService( 2512): registerForPreciseCallStateChanged start
D/BluetoothPhoneService( 2512): BluetoothPhoneService started
D/SetupWizard( 2552): getCurrentLocale return val=en_US mPickerLocale=null config.locale=en_US Locale.getDefault()=en_US
D/SetupWizard( 2552): updateAvailableLocales() current locale=en_US accessibilityEnabled=false
D/SetupWizard( 2552): useAllLocales()
D/CallNotifier( 2512): onMwiChanged(): false
D/CallNotifier( 2512): onCfiChanged(): false
D/PhoneApp( 2512): mReceiver: ACTION_ANY_DATA_CONNECTION_STATE_CHANGED
D/PhoneApp( 2512): - state: DISCONNECTED
D/PhoneApp( 2512): - reason: radioTurnedOff
D/PhoneApp( 2512): mReceiver: ACTION_ANY_DATA_CONNECTION_STATE_CHANGED
D/PhoneApp( 2512): - state: DISCONNECTED
D/PhoneApp( 2512): - reason: radioTurnedOff
D/PhoneApp( 2512): mReceiver: ACTION_ANY_DATA_CONNECTION_STATE_CHANGED
D/PhoneApp( 2512): - state: DISCONNECTED
D/PhoneApp( 2512): - reason: radioTurnedOff
D/PhoneApp( 2512): mReceiver: ACTION_ANY_DATA_CONNECTION_STATE_CHANGED
D/PhoneApp( 2512): - state: DISCONNECTED
D/PhoneApp( 2512): - reason: radioTurnedOff
D/PhoneApp( 2512): mReceiver: ACTION_ANY_DATA_CONNECTION_STATE_CHANGED
D/PhoneApp( 2512): - state: DISCONNECTED
D/PhoneApp( 2512): - reason: radioTurnedOff
D/PhoneApp( 2512): mReceiver: ACTION_ANY_DATA_CONNECTION_STATE_CHANGED
D/PhoneApp( 2512): - state: DISCONNECTED
D/PhoneApp( 2512): - reason: radioTurnedOff
D/PhoneApp( 2512): mReceiver: ACTION_ANY_DATA_CONNECTION_STATE_CHANGED
D/PhoneApp( 2512): - state: DISCONNECTED
D/PhoneApp( 2512): - reason: radioTurnedOff
D/PhoneApp( 2512): mReceiver: ACTION_ANY_DATA_CONNECTION_STATE_CHANGED
D/PhoneApp( 2512): - state: DISCONNECTED
D/PhoneApp( 2512): - reason: radioTurnedOff
D/PhoneApp( 2512): mReceiver: ACTION_ANY_DATA_CONNECTION_STATE_CHANGED
D/PhoneApp( 2512): - state: DISCONNECTED
D/PhoneApp( 2512): - reason: radioTurnedOff
D/PhoneApp( 2512): mReceiver: ACTION_ANY_DATA_CONNECTION_STATE_CHANGED
D/PhoneApp( 2512): - state: DISCONNECTED
D/PhoneApp( 2512): - reason: radioTurnedOff
D/PhoneApp( 2512): mReceiver: ACTION_ANY_DATA_CONNECTION_STATE_CHANGED
D/PhoneApp( 2512): - state: DISCONNECTED
D/PhoneApp( 2512): - reason: dataDetached
D/PhoneApp( 2512): mReceiver: ACTION_ANY_DATA_CONNECTION_STATE_CHANGED
D/PhoneApp( 2512): - state: DISCONNECTED
D/PhoneApp( 2512): - reason: dataDetached
D/PhoneApp( 2512): mReceiver: ACTION_ANY_DATA_CONNECTION_STATE_CHANGED
D/PhoneApp( 2512): - state: DISCONNECTED
D/PhoneApp( 2512): - reason: dataDetached
D/PhoneApp( 2512): mReceiver: ACTION_ANY_DATA_CONNECTION_STATE_CHANGED
D/PhoneApp( 2512): - state: DISCONNECTED
D/PhoneApp( 2512): - reason: dataDetached
D/PhoneApp( 2512): mReceiver: ACTION_ANY_DATA_CONNECTION_STATE_CHANGED
D/PhoneApp( 2512): - state: DISCONNECTED
D/PhoneApp( 2512): - reason: dataDetached
D/PhoneApp( 2512): mReceiver: ACTION_ANY_DATA_CONNECTION_STATE_CHANGED
D/PhoneApp( 2512): - state: DISCONNECTED
D/PhoneApp( 2512): - reason: roamingOff
D/PhoneApp( 2512): mReceiver: ACTION_ANY_DATA_CONNECTION_STATE_CHANGED
D/PhoneApp( 2512): - state: DISCONNECTED
D/PhoneApp( 2512): - reason: roamingOff
I/GservicesProvider( 2683): Gservices pushing to system: true; secure/global: true
D/PhoneApp( 2512): mReceiver: ACTION_ANY_DATA_CONNECTION_STATE_CHANGED
D/PhoneApp( 2512): - state: DISCONNECTED
D/PhoneApp( 2512): - reason: roamingOff
D/PhoneApp( 2512): mReceiver: ACTION_ANY_DATA_CONNECTION_STATE_CHANGED
D/PhoneApp( 2512): - state: DISCONNECTED
D/PhoneApp( 2512): - reason: roamingOff
D/PhoneApp( 2512): mReceiver: ACTION_ANY_DATA_CONNECTION_STATE_CHANGED
D/PhoneApp( 2512): - state: DISCONNECTED
D/PhoneApp( 2512): - reason: roamingOff
D/PhoneApp( 2512): mReceiver: ACTION_ANY_DATA_CONNECTION_STATE_CHANGED
D/PhoneApp( 2512): - state: DISCONNECTED
D/PhoneApp( 2512): - reason: roamingOff
D/PhoneApp( 2512): mReceiver: ACTION_ANY_DATA_CONNECTION_STATE_CHANGED
D/PhoneApp( 2512): - state: DISCONNECTED
D/PhoneApp( 2512): - reason: roamingOff
D/PhoneApp( 2512): mReceiver: ACTION_ANY_DATA_CONNECTION_STATE_CHANGED
D/PhoneApp( 2512): - state: DISCONNECTED
D/PhoneApp( 2512): - reason: roamingOff
D/PhoneApp( 2512): mReceiver: ACTION_ANY_DATA_CONNECTION_STATE_CHANGED
D/PhoneApp( 2512): - state: DISCONNECTED
D/PhoneApp( 2512): - reason: roamingOff
D/PhoneApp( 2512): mReceiver: ACTION_ANY_DATA_CONNECTION_STATE_CHANGED
D/PhoneApp( 2512): - state: DISCONNECTED
D/PhoneApp( 2512): - reason: roamingOff
I/PhoneApp( 2512): Headset phone created, binding local service.
W/NFC     ( 2530): Firmware image not available: this device might be running old NFC firmware!
D/NFCJNI  ( 2530): NFC capabilities: HAL = 8150100, FW = b10122, HW = 620003, Model = 12, HCI = 1, Full_FW = 1, Rev = 34, FW Update Info = 0
I/ContactLocale( 2478): AddressBook Labels [en_US]: [, A, B, C, D, E, F, G, H, I, J, K, L, M, N, O, P, Q, R, S, T, U, V, W, X, Y, Z, , , , , , , , , , , , , , , , , , , , , , , , , , , , , , , , , , , , , , , , , , , , , , , , , , , , , , , , , , , , , , , , , , , , , , , , , , , , , , , , , , , , , , , , , , , , , , , , , , , , , , , , , , , , , , , , , , , , , , , , , , , , , , , , , , , , , , , , , , , , , , , , , , , , , , , , , , , , , , , , , , , , , , , , , , , , , , , , , , , , , , #, ]
I/ProviderInstaller( 2636): Insert disabled by gate 'gms:security:enable_conscrypt_in_gms_application'
I/dalvikvm( 2636): Could not find method android.os.PowerManager.isPowerSaveMode, referenced from method com.google.android.location.n.y.d
W/dalvikvm( 2636): VFY: unable to resolve virtual method 1463: Landroid/os/PowerManager;.isPowerSaveMode ()Z
D/dalvikvm( 2636): VFY: replacing opcode 0x6e at 0x000a
D/MccTable( 2512): updateMccMncConfiguration: mcc=260, mnc=2
D/MccTable( 2512): getLocaleFromMcc to null_pl mcc=260
D/SetupWizard( 2552): getCurrentLocale return val=en_US mPickerLocale=null config.locale=en_US Locale.getDefault()=en_US
D/SetupWizard( 2552): findLocaleIndex(en_US) returns 19
D/MccTable( 2512): getLocaleForLanguageCountry: skipping no language
D/MccTable( 2512): WIFI_COUNTRY_CODE set to pl
I/WifiService( 2283): WifiService trying to set country code to pl with persist set to true
V/SetupWizard( 2552): BaseActivity.onStart() com.google.android.setupwizard.WelcomeActivity
I/ProviderInstaller( 2597): Insert disabled by gate 'gms:security:enable_conscrypt_in_gms_application'
D/SetupWizard( 2552): getCurrentLocale return val=en_US mPickerLocale=null config.locale=en_US Locale.getDefault()=en_US
D/SetupWizard( 2552): onResume() current locale=en_US
V/SetupWizard( 2552): BaseActivity.onResume() com.google.android.setupwizard.WelcomeActivity
D/AlarmManagerService( 2283): Kernel timezone updated to -120 minutes west of GMT
I/ActivityManager( 2283): Config changes=8000 {1.0 ?mcc?mnc en_US ldltr sw360dp w360dp h615dp 320dpi nrml long port finger -keyb/v/h -nav/h s.6 themeResource=themes:{}}
D/PermissionCache( 1904): checking android.permission.READ_FRAME_BUFFER for uid=1000 => granted (261 us)
D/NFCJNI  ( 2530): phLibNfc_SE_GetSecureElementList()
D/NFCJNI  ( 2530): 
D/NFCJNI  ( 2530): > Number of Secure Element(s) : 1
D/NFCJNI  ( 2530): phLibNfc_SE_GetSecureElementList(): SMX detected, handle=0xabcdef
D/NFCJNI  ( 2530): phLibNfc_SE_SetMode() returned 0x000d[NFCSTATUS_PENDING]
I/NFCJNI  ( 2530): NFC Initialized
D/NdefPushServer( 2530): start, thread = null
D/NdefPushServer( 2530): starting new server thread
D/NdefPushServer( 2530): about create LLCP service socket
D/NdefPushServer( 2530): created LLCP service socket
D/NdefPushServer( 2530): about to accept
V/Zygote  ( 2746): Switching descriptor 32 to /dev/null
V/Zygote  ( 2746): Switching descriptor 9 to /dev/null
I/ActivityManager( 2283): Start proc com.google.android.gms.ui for broadcast com.google.android.gms/com.google.android.location.network.LocationProviderChangeReceiver: pid=2746 uid=10010 gids={50010, 3003, 1007, 1028, 1015, 1006, 3002, 3001, 3007, 2001, 3006}
D/KeyguardUpdateMonitor( 2389): Received SPN update on sub :0
D/KeyguardUpdateMonitor( 2389): handleSimStateChange: intentValue = UNKNOWN state resolved to UNKNOWN subscription =0
I/Choreographer( 2389): Skipped 43 frames!  The application may be doing too much work on its main thread.
D/NfcService( 2530): NFC-EE OFF
D/AwesomePlayer( 1907): Before reset_l
D/CheckConnectionTask( 2552): onPostExecute connected=false
D/CheckConnectionTask( 2552): onPostExecute set preference connected=false
E/PhoneMonitor( 2552): onOtaspChanged old =1, new =3
V/PhoneMonitor( 2552): mOtaspPhoneStateListener#onOtaspChanged, mOtaspMode=3
E/MediaPlayer( 2552): Should have subtitle controller already set
I/TextToSpeech( 2552): Connected to ComponentInfo{com.svox.pico/com.svox.pico.PicoService}
D/NfcService( 2530): NFC-C OFF
D/OMXCodec( 1907): Successfully allocated OMX node 'OMX.google.vorbis.decoder'
I/OMXCodec( 1907): Codec outputs at different sampling rate than what the input stream contains (contains data at 16000 Hz, codec outputs 44100 Hz)
I/AwesomePlayer( 1907): Could not offload audio decode, try pcm offload
I/OMXCodec( 1907): [OMX.google.vorbis.decoder] allocating 4 buffers of size 8192 on input port
I/OMXCodec( 1907): [OMX.google.vorbis.decoder] allocated buffer 0x417e5cd8 on input port
I/OMXCodec( 1907): [OMX.google.vorbis.decoder] allocated buffer 0x417e5e68 on input port
I/OMXCodec( 1907): [OMX.google.vorbis.decoder] allocated buffer 0x417e5f38 on input port
I/OMXCodec( 1907): [OMX.google.vorbis.decoder] allocated buffer 0x417e5ff0 on input port
I/OMXCodec( 1907): [OMX.google.vorbis.decoder] allocating 4 buffers of size 32768 on output port
I/OMXCodec( 1907): [OMX.google.vorbis.decoder] allocated buffer 0x417e6178 on output port
I/OMXCodec( 1907): [OMX.google.vorbis.decoder] allocated buffer 0x411d8190 on output port
I/OMXCodec( 1907): [OMX.google.vorbis.decoder] allocated buffer 0x411d82d0 on output port
I/OMXCodec( 1907): [OMX.google.vorbis.decoder] allocated buffer 0x411d83f8 on output port
D/AudioPlayer( 1907): start of Playback, useOffload 0
I/OMXNodeInstance( 1907): OMX_FreeBuffer for buffer header 0x417e6178 successful
I/OMXNodeInstance( 1907): OMX_FreeBuffer for buffer header 0x411d8190 successful
I/OMXNodeInstance( 1907): OMX_FreeBuffer for buffer header 0x411d82d0 successful
I/OMXNodeInstance( 1907): OMX_FreeBuffer for buffer header 0x411d83f8 successful
I/OMXCodec( 1907): [OMX.google.vorbis.decoder] allocating 4 buffers of size 32768 on output port
I/OMXCodec( 1907): [OMX.google.vorbis.decoder] allocated buffer 0x417e6278 on output port
I/OMXCodec( 1907): [OMX.google.vorbis.decoder] allocated buffer 0x417e60f8 on output port
I/OMXCodec( 1907): [OMX.google.vorbis.decoder] allocated buffer 0x4180f438 on output port
I/OMXCodec( 1907): [OMX.google.vorbis.decoder] allocated buffer 0x4180f560 on output port
D/AudioPlayer( 1907): Pause Playback at 1395562
D/AudioPlayer( 1907): reset: mPlaying=0 mReachedEOS=1 useOffload=0
I/OMXNodeInstance( 1907): OMX_FreeBuffer for buffer header 0x417e5ff0 successful
I/OMXNodeInstance( 1907): OMX_FreeBuffer for buffer header 0x417e5f38 successful
I/OMXNodeInstance( 1907): OMX_FreeBuffer for buffer header 0x417e5e68 successful
I/OMXNodeInstance( 1907): OMX_FreeBuffer for buffer header 0x417e5cd8 successful
I/OMXNodeInstance( 1907): OMX_FreeBuffer for buffer header 0x4180f560 successful
I/OMXNodeInstance( 1907): OMX_FreeBuffer for buffer header 0x4180f438 successful
I/OMXNodeInstance( 1907): OMX_FreeBuffer for buffer header 0x417e60f8 successful
I/OMXNodeInstance( 1907): OMX_FreeBuffer for buffer header 0x417e6278 successful
I/TextToSpeech( 2552): Set up connection to ComponentInfo{com.svox.pico/com.svox.pico.PicoService}
D/AwesomePlayer( 1907): Before reset_l
D/ActivityThread( 2746): handleBindApplication:com.google.android.gms.ui
D/ActivityThread( 2746): setTargetHeapUtilization:0.75
D/ActivityThread( 2746): setTargetHeapMinFree:2097152
D/SetupWizard( 2552): getCurrentLocale return val=en_US mPickerLocale=null config.locale=en_US Locale.getDefault()=en_US
D/SetupWizard( 2552): onPause() current locale=en_US
V/SetupWizard( 2552): BaseActivity.onPause() com.google.android.setupwizard.WelcomeActivity
D/OMXCodec( 1907): Successfully allocated OMX node 'OMX.google.vorbis.decoder'
I/OMXCodec( 1907): Codec outputs at different sampling rate than what the input stream contains (contains data at 16000 Hz, codec outputs 44100 Hz)
I/AwesomePlayer( 1907): Could not offload audio decode, try pcm offload
V/SetupWizard( 2552): BaseActivity.onSaveInstanceState(Bundle[{android:viewHierarchyState=Bundle[{android:views={16908290=android.view.AbsSavedState$1@41fbeae0, 16909034=TextView.SavedState{424649e0 start=0 end=0 text=English (United States)}, 2131623937=android.view.AbsSavedState$1@41fbeae0, 2131623938=android.view.AbsSavedState$1@41fbeae0, 2131623939=android.widget.ProgressBar$SavedState@424649c8, 2131623956=android.view.AbsSavedState$1@41fbeae0, 2131623995=android.view.AbsSavedState$1@41fbeae0, 2131623996=android.view.AbsSavedState$1@41fbeae0, 2131623997=android.view.AbsSavedState$1@41fbeae0, 2131623998=android.view.AbsSavedState$1@41fbeae0, 2131623999=android.view.AbsSavedState$1@41fbeae0}}], screenTimeout=121000, currentFocus=-1}]) com.google.android.setupwizard.WelcomeActivity
V/SetupWizard( 2552): BaseActivity.onStop() com.google.android.setupwizard.WelcomeActivity
V/SetupWizard( 2552): BaseActivity.onDestroy() com.google.android.setupwizard.WelcomeActivity
I/OMXCodec( 1907): [OMX.google.vorbis.decoder] allocating 4 buffers of size 8192 on input port
I/OMXCodec( 1907): [OMX.google.vorbis.decoder] allocated buffer 0x417e5ad8 on input port
I/OMXCodec( 1907): [OMX.google.vorbis.decoder] allocated buffer 0x417e5e68 on input port
D/PhoneStatusBarPolicy( 2389): updateSimState for subscription :0
D/StatusBar.NetworkController( 2389): In updateSimIcon simState= ABSENT
I/OMXCodec( 1907): [OMX.google.vorbis.decoder] allocated buffer 0x417e5f38 on input port
I/OMXCodec( 1907): [OMX.google.vorbis.decoder] allocated buffer 0x417e5ff0 on input port
I/OMXCodec( 1907): [OMX.google.vorbis.decoder] allocating 4 buffers of size 32768 on output port
I/OMXCodec( 1907): [OMX.google.vorbis.decoder] allocated buffer 0x417e6178 on output port
I/OMXCodec( 1907): [OMX.google.vorbis.decoder] allocated buffer 0x41e36908 on output port
I/OMXCodec( 1907): [OMX.google.vorbis.decoder] allocated buffer 0x41e36a48 on output port
I/OMXCodec( 1907): [OMX.google.vorbis.decoder] allocated buffer 0x41e36b70 on output port
D/AudioPlayer( 1907): start of Playback, useOffload 0
I/OMXNodeInstance( 1907): OMX_FreeBuffer for buffer header 0x417e6178 successful
I/OMXNodeInstance( 1907): OMX_FreeBuffer for buffer header 0x41e36908 successful
I/OMXNodeInstance( 1907): OMX_FreeBuffer for buffer header 0x41e36a48 successful
I/OMXNodeInstance( 1907): OMX_FreeBuffer for buffer header 0x41e36b70 successful
I/OMXCodec( 1907): [OMX.google.vorbis.decoder] allocating 4 buffers of size 32768 on output port
I/OMXCodec( 1907): [OMX.google.vorbis.decoder] allocated buffer 0x418119c0 on output port
V/SetupWizard( 2552): BaseActivity.onCreate(Bundle[{warmer_welcome_waiting=false, android:viewHierarchyState=Bundle[{android:views={16908290=android.view.AbsSavedState$1@41fbeae0, 16909034=TextView.SavedState{424649e0 start=0 end=0 text=English (United States)}, 2131623937=android.view.AbsSavedState$1@41fbeae0, 2131623938=android.view.AbsSavedState$1@41fbeae0, 2131623939=android.widget.ProgressBar$SavedState@424649c8, 2131623956=android.view.AbsSavedState$1@41fbeae0, 2131623995=android.view.AbsSavedState$1@41fbeae0, 2131623996=android.view.AbsSavedState$1@41fbeae0, 2131623997=android.view.AbsSavedState$1@41fbeae0, 2131623998=android.view.AbsSavedState$1@41fbeae0, 2131623999=android.view.AbsSavedState$1@41fbeae0}}], screenTimeout=121000, currentFocus=-1, WaitingModeStartTime=0, WaitingMode=false}]) com.google.android.setupwizard.WelcomeActivity
I/OMXCodec( 1907): [OMX.google.vorbis.decoder] allocated buffer 0x41e373f0 on output port
D/SetupWizard( 2552): BaseActivity.onCreate() mIsFirstRun=true mIsSecondaryUser=false
I/OMXCodec( 1907): [OMX.google.vorbis.decoder] allocated buffer 0x417e6290 on output port
I/OMXCodec( 1907): [OMX.google.vorbis.decoder] allocated buffer 0x417e6078 on output port
D/KeyguardUpdateMonitor( 2389): ACTION_SIM_STATE_CHANGED intent received on sub = 0
D/SetupWizard( 2552): getCurrentLocale return val=en_US mPickerLocale=null config.locale=en_US Locale.getDefault()=en_US
D/SetupWizard( 2552): onCreate current locale=en_US
D/Tethering( 2283): exception when get active network info:java.lang.NullPointerException
D/KeyguardUpdateMonitor( 2389): Received SPN update on sub :0
D/AudioPlayer( 1907): Pause Playback at 872000
D/AudioPlayer( 1907): reset: mPlaying=0 mReachedEOS=1 useOffload=0
I/OMXNodeInstance( 1907): OMX_FreeBuffer for buffer header 0x417e5ff0 successful
I/OMXNodeInstance( 1907): OMX_FreeBuffer for buffer header 0x417e5f38 successful
I/OMXNodeInstance( 1907): OMX_FreeBuffer for buffer header 0x417e5e68 successful
I/OMXNodeInstance( 1907): OMX_FreeBuffer for buffer header 0x417e5ad8 successful
I/OMXNodeInstance( 1907): OMX_FreeBuffer for buffer header 0x417e6078 successful
I/OMXNodeInstance( 1907): OMX_FreeBuffer for buffer header 0x417e6290 successful
I/OMXNodeInstance( 1907): OMX_FreeBuffer for buffer header 0x41e373f0 successful
I/OMXNodeInstance( 1907): OMX_FreeBuffer for buffer header 0x418119c0 successful
D/AwesomePlayer( 1907): Before reset_l
I/TextToSpeech( 2552): Sucessfully bound to com.svox.pico
V/SynthProxy( 2690): About to load /system/lib/libttspico.so, applyFilter=true
E/GCoreFlp( 2636): Bound FusedProviderService with LocationManager
D/OMXCodec( 1907): Successfully allocated OMX node 'OMX.google.vorbis.decoder'
I/OMXCodec( 1907): Codec outputs at different sampling rate than what the input stream contains (contains data at 16000 Hz, codec outputs 44100 Hz)
I/AwesomePlayer( 1907): Could not offload audio decode, try pcm offload
I/OMXCodec( 1907): [OMX.google.vorbis.decoder] allocating 4 buffers of size 8192 on input port
I/OMXCodec( 1907): [OMX.google.vorbis.decoder] allocated buffer 0x417e5a68 on input port
I/OMXCodec( 1907): [OMX.google.vorbis.decoder] allocated buffer 0x411d8178 on input port
I/OMXCodec( 1907): [OMX.google.vorbis.decoder] allocated buffer 0x411d8248 on input port
I/OMXCodec( 1907): [OMX.google.vorbis.decoder] allocated buffer 0x411d8300 on input port
I/OMXCodec( 1907): [OMX.google.vorbis.decoder] allocating 4 buffers of size 32768 on output port
I/OMXCodec( 1907): [OMX.google.vorbis.decoder] allocated buffer 0x411d8488 on output port
I/OMXCodec( 1907): [OMX.google.vorbis.decoder] allocated buffer 0x411d8688 on output port
I/OMXCodec( 1907): [OMX.google.vorbis.decoder] allocated buffer 0x411d87c8 on output port
I/OMXCodec( 1907): [OMX.google.vorbis.decoder] allocated buffer 0x411d88f0 on output port
I/SVOX Pico Engine( 2690): loaded en-US successfully
D/AudioPlayer( 1907): start of Playback, useOffload 0
I/OMXNodeInstance( 1907): OMX_FreeBuffer for buffer header 0x411d8488 successful
I/OMXNodeInstance( 1907): OMX_FreeBuffer for buffer header 0x411d8688 successful
I/OMXNodeInstance( 1907): OMX_FreeBuffer for buffer header 0x411d87c8 successful
I/OMXNodeInstance( 1907): OMX_FreeBuffer for buffer header 0x411d88f0 successful
I/OMXCodec( 1907): [OMX.google.vorbis.decoder] allocating 4 buffers of size 32768 on output port
I/OMXCodec( 1907): [OMX.google.vorbis.decoder] allocated buffer 0x41812788 on output port
I/OMXCodec( 1907): [OMX.google.vorbis.decoder] allocated buffer 0x411d83a0 on output port
I/OMXCodec( 1907): [OMX.google.vorbis.decoder] allocated buffer 0x4180fc80 on output port
I/OMXCodec( 1907): [OMX.google.vorbis.decoder] allocated buffer 0x4180fd70 on output port
D/AwesomePlayer( 1907): Before reset_l
D/PhoneStatusBar( 2389): mSettingsPanelGravity = 55
D/AudioPlayer( 1907): Pause Playback at 742250
D/AudioPlayer( 1907): reset: mPlaying=0 mReachedEOS=1 useOffload=0
I/OMXNodeInstance( 1907): OMX_FreeBuffer for buffer header 0x411d8300 successful
I/OMXNodeInstance( 1907): OMX_FreeBuffer for buffer header 0x411d8248 successful
I/OMXNodeInstance( 1907): OMX_FreeBuffer for buffer header 0x411d8178 successful
I/OMXNodeInstance( 1907): OMX_FreeBuffer for buffer header 0x417e5a68 successful
I/OMXNodeInstance( 1907): OMX_FreeBuffer for buffer header 0x4180fd70 successful
I/OMXNodeInstance( 1907): OMX_FreeBuffer for buffer header 0x4180fc80 successful
I/OMXNodeInstance( 1907): OMX_FreeBuffer for buffer header 0x411d83a0 successful
I/OMXNodeInstance( 1907): OMX_FreeBuffer for buffer header 0x41812788 successful
D/OMXCodec( 1907): Successfully allocated OMX node 'OMX.google.vorbis.decoder'
I/OMXCodec( 1907): Codec outputs a different number of channels than the input stream contains (contains 2 channels, codec outputs 1 channels).
I/AwesomePlayer( 1907): Could not offload audio decode, try pcm offload
I/OMXCodec( 1907): [OMX.google.vorbis.decoder] allocating 4 buffers of size 8192 on input port
I/OMXCodec( 1907): [OMX.google.vorbis.decoder] allocated buffer 0x411d89d0 on input port
I/OMXCodec( 1907): [OMX.google.vorbis.decoder] allocated buffer 0x400c8f08 on input port
I/MultiDex( 2746): VM with version 1.6.0 does not have multidex support
I/MultiDex( 2746): install
I/OMXCodec( 1907): [OMX.google.vorbis.decoder] allocated buffer 0x411d8a98 on input port
I/OMXCodec( 1907): [OMX.google.vorbis.decoder] allocated buffer 0x41817878 on input port
I/OMXCodec( 1907): [OMX.google.vorbis.decoder] allocating 4 buffers of size 32768 on output port
I/OMXCodec( 1907): [OMX.google.vorbis.decoder] allocated buffer 0x411d8d68 on output port
I/OMXCodec( 1907): [OMX.google.vorbis.decoder] allocated buffer 0x411d82d8 on output port
I/OMXCodec( 1907): [OMX.google.vorbis.decoder] allocated buffer 0x411d8418 on output port
I/OMXCodec( 1907): [OMX.google.vorbis.decoder] allocated buffer 0x4180f8f8 on output port
D/Ringtone( 2552): Successfully created local player
I/OMXNodeInstance( 1907): OMX_FreeBuffer for buffer header 0x41817878 successful
I/OMXNodeInstance( 1907): OMX_FreeBuffer for buffer header 0x411d8a98 successful
I/OMXNodeInstance( 1907): OMX_FreeBuffer for buffer header 0x400c8f08 successful
I/OMXNodeInstance( 1907): OMX_FreeBuffer for buffer header 0x411d89d0 successful
I/OMXNodeInstance( 1907): OMX_FreeBuffer for buffer header 0x4180f8f8 successful
I/OMXNodeInstance( 1907): OMX_FreeBuffer for buffer header 0x411d8418 successful
I/OMXNodeInstance( 1907): OMX_FreeBuffer for buffer header 0x411d82d8 successful
I/OMXNodeInstance( 1907): OMX_FreeBuffer for buffer header 0x411d8d68 successful
I/MultiDex( 2746): MultiDexExtractor.load(/system/priv-app/PrebuiltGmsCore.apk, false)
I/MultiDex( 2746): loading existing secondary dex files
D/AwesomePlayer( 1907): Before reset_l
I/MultiDex( 2746): load found 2 secondary dex files
I/MultiDex( 2746): install done
D/Tethering( 2283): exception when get active network info:java.lang.NullPointerException
D/AudioPolicyManagerBase( 1907): copl: Offload denied by duration < default min(=60)
D/OMXCodec( 1907): Successfully allocated OMX node 'OMX.google.vorbis.decoder'
I/OMXCodec( 1907): Codec outputs a different number of channels than the input stream contains (contains 2 channels, codec outputs 1 channels).
I/AwesomePlayer( 1907): Could not offload audio decode, try pcm offload
D/AudioPolicyManagerBase( 1907): copl: Offload denied by duration < default min(=60)
I/OMXCodec( 1907): [OMX.google.vorbis.decoder] allocating 4 buffers of size 8192 on input port
I/OMXCodec( 1907): [OMX.google.vorbis.decoder] allocated buffer 0x400c80b0 on input port
I/OMXCodec( 1907): [OMX.google.vorbis.decoder] allocated buffer 0x400c8a60 on input port
I/OMXCodec( 1907): [OMX.google.vorbis.decoder] allocated buffer 0x400c8b30 on input port
I/OMXCodec( 1907): [OMX.google.vorbis.decoder] allocated buffer 0x400c8be8 on input port
I/OMXCodec( 1907): [OMX.google.vorbis.decoder] allocating 4 buffers of size 32768 on output port
I/OMXCodec( 1907): [OMX.google.vorbis.decoder] allocated buffer 0x400c8d70 on output port
I/OMXCodec( 1907): [OMX.google.vorbis.decoder] allocated buffer 0x400c8338 on output port
I/OMXCodec( 1907): [OMX.google.vorbis.decoder] allocated buffer 0x400c8478 on output port
I/OMXCodec( 1907): [OMX.google.vorbis.decoder] allocated buffer 0x400c85a0 on output port
D/Ringtone( 2552): Successfully created local player
I/ProviderInstaller( 2746): Insert disabled by gate 'gms:security:enable_conscrypt_in_gms_application'
D/PhoneStatusBarPolicy( 2389): updateSimState for subscription :0
D/StatusBar.NetworkController( 2389): In updateSimIcon simState= PIN_REQUIRED
D/KeyguardUpdateMonitor( 2389): ACTION_SIM_STATE_CHANGED intent received on sub = 0
D/SetupWizard( 2552): getCurrentLocale return val=en_US mPickerLocale=null config.locale=en_US Locale.getDefault()=en_US
D/SetupWizard( 2552): updateAvailableLocales() current locale=en_US accessibilityEnabled=false
D/SetupWizard( 2552): useAllLocales()
D/GeofencerStateMachine( 2636): Creating GeofencerStateMachine
D/KeyguardUpdateMonitor( 2389): handleSimStateChange: intentValue = ABSENT state resolved to ABSENT subscription =0
D/KeyguardUpdateMonitor( 2389): handleSimStateChange: intentValue = PIN_REQUIRED state resolved to PIN_REQUIRED subscription =0
D/SetupWizard( 2552): getCurrentLocale return val=en_US mPickerLocale=null config.locale=en_US Locale.getDefault()=en_US
D/SetupWizard( 2552): findLocaleIndex(en_US) returns 19
V/SetupWizard( 2552): BaseActivity.onStart() com.google.android.setupwizard.WelcomeActivity
V/SetupWizard( 2552): BaseActivity.onRestoreInstanceState(Bundle[{warmer_welcome_waiting=false, android:viewHierarchyState=Bundle[{android:views={16908290=android.view.AbsSavedState$1@41fbeae0, 16909034=TextView.SavedState{424649e0 start=0 end=0 text=English (United States)}, 2131623937=android.view.AbsSavedState$1@41fbeae0, 2131623938=android.view.AbsSavedState$1@41fbeae0, 2131623939=android.widget.ProgressBar$SavedState@424649c8, 2131623956=android.view.AbsSavedState$1@41fbeae0, 2131623995=android.view.AbsSavedState$1@41fbeae0, 2131623996=android.view.AbsSavedState$1@41fbeae0, 2131623997=android.view.AbsSavedState$1@41fbeae0, 2131623998=android.view.AbsSavedState$1@41fbeae0, 2131623999=android.view.AbsSavedState$1@41fbeae0}}], screenTimeout=121000, currentFocus=-1, WaitingModeStartTime=0, WaitingMode=false}]) com.google.android.setupwizard.WelcomeActivity
D/SetupWizard( 2552): getCurrentLocale return val=en_US mPickerLocale=null config.locale=en_US Locale.getDefault()=en_US
D/SetupWizard( 2552): onResume() current locale=en_US
V/SetupWizard( 2552): BaseActivity.onResume() com.google.android.setupwizard.WelcomeActivity
D/libEGL  ( 2552): loaded /system/lib/egl/libEGL_mali.so
D/libEGL  ( 2552): loaded /system/lib/egl/libGLESv1_CM_mali.so
D/libEGL  ( 2552): loaded /system/lib/egl/libGLESv2_mali.so
E/        ( 2552): Device driver API match
E/        ( 2552): Device driver API version: 23
E/        ( 2552): User space API version: 23 
E/        ( 2552): mali: REVISION=Linux-r3p2-01rel3 BUILD_DATE=Fri Mar 21 13:52:50 KST 2014 
D/OpenGLRenderer( 2552): Enabling debug mode 0
I/TextToSpeech( 2552): Connected to ComponentInfo{com.svox.pico/com.svox.pico.PicoService}
E/MediaPlayer( 2552): Should have subtitle controller already set
I/TextToSpeech( 2552): Set up connection to ComponentInfo{com.svox.pico/com.svox.pico.PicoService}
I/Timeline( 2552): Timeline: Activity_idle id: android.os.BinderProxy@42296a68 time:19326
I/Timeline( 2552): Timeline: Activity_idle id: android.os.BinderProxy@42296a68 time:19326
W/ContextImpl( 2283): Calling a method in the system process without a qualified user: android.app.ContextImpl.sendStickyBroadcast:1345 com.android.internal.policy.impl.keyguard.KeyguardServiceDelegate.sendStateChangeBroadcast:126 com.android.internal.policy.impl.keyguard.KeyguardServiceDelegate.onBootCompleted:337 com.android.internal.policy.impl.PhoneWindowManager.systemBooted:5687 com.android.server.wm.WindowManagerService.enableScreenAfterBoot:5402 
I/ActivityManager( 2283): Displayed com.google.android.setupwizard/.WelcomeActivity: +1s751ms (total +2s122ms)
I/Timeline( 2283): Timeline: Activity_windows_visible id: ActivityRecord{423dfd60 u0 com.google.android.setupwizard/.WelcomeActivity t1} time:19334
I/WindowManager( 2283): Screen frozen for +844ms due to Window{4282b570 u0 com.google.android.setupwizard/com.google.android.setupwizard.WelcomeActivity}
V/SetupWizard( 2552): BaseActivity.onSaveInstanceState(Bundle[{android:viewHierarchyState=Bundle[{android:views={16908290=android.view.AbsSavedState$1@41fbeae0}}], screenTimeout=121000, currentFocus=-1}]) com.google.android.setupwizard.SetupWizardActivity
V/SetupWizard( 2552): BaseActivity.onStop() com.google.android.setupwizard.SetupWizardActivity
V/Zygote  ( 2802): Switching descriptor 32 to /dev/null
V/Zygote  ( 2802): Switching descriptor 9 to /dev/null
I/ActivityManager( 2283): Start proc com.google.android.gms.wearable for service com.google.android.gms/.wearable.service.WearableService: pid=2802 uid=10010 gids={50010, 3003, 1007, 1028, 1015, 1006, 3002, 3001, 3007, 2001, 3006}
D/ActivityThread( 2802): handleBindApplication:com.google.android.gms.wearable
D/ActivityThread( 2802): setTargetHeapUtilization:0.75
D/ActivityThread( 2802): setTargetHeapMinFree:2097152
E/MediaFocusControl( 2283): Error updating focussed RCC to RCD 
E/MediaFocusControl( 2283): java.util.EmptyStackException
E/MediaFocusControl( 2283): 	at java.util.Stack.peek(Stack.java:57)
E/MediaFocusControl( 2283): 	at android.media.MediaFocusControl.registerRemoteControlDisplay_int(MediaFocusControl.java:2238)
E/MediaFocusControl( 2283): 	at android.media.MediaFocusControl.registerRemoteControlDisplay(MediaFocusControl.java:230)
E/MediaFocusControl( 2283): 	at android.media.AudioService.registerRemoteControlDisplay(AudioService.java:4501)
E/MediaFocusControl( 2283): 	at android.media.IAudioService$Stub.onTransact(IAudioService.java:593)
E/MediaFocusControl( 2283): 	at android.os.Binder.execTransact(Binder.java:404)
E/MediaFocusControl( 2283): 	at dalvik.system.NativeStart.run(Native Method)
I/MultiDex( 2802): VM with version 1.6.0 does not have multidex support
I/MultiDex( 2802): install
I/MultiDex( 2802): MultiDexExtractor.load(/system/priv-app/PrebuiltGmsCore.apk, false)
D/dalvikvm( 2636): DexOpt: --- BEGIN 'ads-549036865.jar' (bootstrap=0) ---
I/MultiDex( 2802): loading existing secondary dex files
I/MultiDex( 2802): load found 2 secondary dex files
I/MultiDex( 2802): install done
I/ProviderInstaller( 2802): Insert disabled by gate 'gms:security:enable_conscrypt_in_gms_application'
D/dalvikvm( 2820): DexOpt: load 3ms, verify+opt 6ms, 179116 bytes
D/dalvikvm( 2636): DexOpt: --- END 'ads-549036865.jar' (success) ---
D/dalvikvm( 2636): DEX prep '/data/data/com.google.android.gms/cache/ads-549036865.jar': unzip in 0ms, rewrite 66ms
D/PhoneStatusBar( 2389): disable: < EXPAND* icons ALERTS TICKER* system_info BACK* HOME RECENT CLOCK SEARCH >
I/SurfaceFlinger( 1904): Boot is finished (13910 ms)
D/BluetoothManagerService( 2283): Message: 20
D/BluetoothManagerService( 2283): Added callback: android.bluetooth.IBluetoothManagerCallback$Stub$Proxy@42618038:true
I/dalvikvm( 2636): Could not find method android.accounts.AccountManager.getPreviousName, referenced from method com.google.android.location.n.b.a
W/dalvikvm( 2636): VFY: unable to resolve virtual method 24: Landroid/accounts/AccountManager;.getPreviousName (Landroid/accounts/Account;)Ljava/lang/String;
D/dalvikvm( 2636): VFY: replacing opcode 0x6e at 0x0008
E/copresGcore( 2636): ObfuscatedGaiaIdLookup: Could not load ObfuscatedGaiaIds: /data/data/com.google.android.gms/files/copresence_gaia_id: open failed: ENOENT (No such file or directory)
W/copresGcore( 2636): CopresenceAccountManager: No copresence accounts found after init.
