V/GLSUser ( 2683): [ AccountStateSummary ] - get() - <StoredState>[isConsistent= true, expectedNames=null, expectedHmacs=*****]
V/GLSUser ( 2683): AccountStateSummary - No changes.
V/Zygote  ( 3140): Switching descriptor 32 to /dev/null
V/Zygote  ( 3140): Switching descriptor 9 to /dev/null
I/ActivityManager( 2283): Start proc com.google.android.googlequicksearchbox:search for broadcast com.google.android.googlequicksearchbox/com.google.android.search.core.StartUpReceiver: pid=3140 uid=10024 gids={50024, 3003, 3001, 1028, 3002, 1015, 1006}
D/ActivityThread( 3140): handleBindApplication:com.google.android.googlequicksearchbox:search
D/ActivityThread( 3140): setTargetHeapUtilization:0.75
D/ActivityThread( 3140): setTargetHeapMinFree:2097152
D/Finsky  ( 3026): [1] DailyHygiene.inHoldoffPeriod: DailyHygiene holdoff continue
D/MccTable( 2512): updateMccMncConfiguration: mcc=260, mnc=2
D/MccTable( 2512): getLocaleFromMcc to null_pl mcc=260
D/MccTable( 2512): getLocaleForLanguageCountry: skipping no language
D/MccTable( 2512): updateMccMncConfiguration updateConfig config={1.0 260mcc2mnc ?locale ?layoutDir ?swdp ?wdp ?hdp ?density ?lsize ?long ?orien ?uimode ?night ?touch ?keyb/?/? ?nav/? themeResource=null}
I/ActivityManager( 2283): Config changes=3 {1.0 260mcc2mnc en_US ldltr sw360dp w360dp h615dp 320dpi nrml long port finger -keyb/v/h -nav/h s.7 themeResource=themes:{}}
D/PhoneStatusBar( 2389): mSettingsPanelGravity = 55
D/Tethering( 2283): exception when get active network info:java.lang.NullPointerException
D/CallNotifier( 2512): onCfiChanged(): false
D/SetupWizard( 2552): getCurrentLocale return val=en_US mPickerLocale=null config.locale=en_US Locale.getDefault()=en_US
D/SetupWizard( 2552): onPause() current locale=en_US
V/SetupWizard( 2552): BaseActivity.onPause() com.google.android.setupwizard.WelcomeActivity
V/SetupWizard( 2552): BaseActivity.onSaveInstanceState(Bundle[{android:viewHierarchyState=Bundle[{android:views={16908290=android.view.AbsSavedState$1@41fbeae0, 16909034=TextView.SavedState{424bbc60 start=23 end=23 text=English (United States)}, 2131623937=android.view.AbsSavedState$1@41fbeae0, 2131623938=android.view.AbsSavedState$1@41fbeae0, 2131623939=android.widget.ProgressBar$SavedState@424bbc48, 2131623956=android.view.AbsSavedState$1@41fbeae0, 2131623995=android.view.AbsSavedState$1@41fbeae0, 2131623996=android.view.AbsSavedState$1@41fbeae0, 2131623997=android.view.AbsSavedState$1@41fbeae0, 2131623998=android.view.AbsSavedState$1@41fbeae0, 2131623999=android.view.AbsSavedState$1@41fbeae0}, android:focusedViewId=2131623997}], screenTimeout=121000, currentFocus=2131623997}]) com.google.android.setupwizard.WelcomeActivity
V/SetupWizard( 2552): BaseActivity.onStop() com.google.android.setupwizard.WelcomeActivity
V/SetupWizard( 2552): BaseActivity.onDestroy() com.google.android.setupwizard.WelcomeActivity
V/SetupWizard( 2552): BaseActivity.onCreate(Bundle[{warmer_welcome_waiting=false, android:viewHierarchyState=Bundle[{android:views={16908290=android.view.AbsSavedState$1@41fbeae0, 16909034=TextView.SavedState{424bbc60 start=23 end=23 text=English (United States)}, 2131623937=android.view.AbsSavedState$1@41fbeae0, 2131623938=android.view.AbsSavedState$1@41fbeae0, 2131623939=android.widget.ProgressBar$SavedState@424bbc48, 2131623956=android.view.AbsSavedState$1@41fbeae0, 2131623995=android.view.AbsSavedState$1@41fbeae0, 2131623996=android.view.AbsSavedState$1@41fbeae0, 2131623997=android.view.AbsSavedState$1@41fbeae0, 2131623998=android.view.AbsSavedState$1@41fbeae0, 2131623999=android.view.AbsSavedState$1@41fbeae0}, android:focusedViewId=2131623997}], screenTimeout=121000, currentFocus=2131623997, WaitingModeStartTime=0, WaitingMode=false}]) com.google.android.setupwizard.WelcomeActivity
D/SetupWizard( 2552): BaseActivity.onCreate() mIsFirstRun=true mIsSecondaryUser=false
D/Tethering( 2283): exception when get active network info:java.lang.NullPointerException
D/SetupWizard( 2552): getCurrentLocale return val=en_US mPickerLocale=null config.locale=en_US Locale.getDefault()=en_US
D/SetupWizard( 2552): onCreate current locale=en_US
I/TextToSpeech( 2552): Sucessfully bound to com.svox.pico
V/SynthProxy( 2690): About to load /system/lib/libttspico.so, applyFilter=true
I/SVOX Pico Engine( 2690): loaded en-US successfully
D/AwesomePlayer( 1907): Before reset_l
D/OMXCodec( 1907): Successfully allocated OMX node 'OMX.google.vorbis.decoder'
I/OMXCodec( 1907): Codec outputs a different number of channels than the input stream contains (contains 2 channels, codec outputs 1 channels).
I/AwesomePlayer( 1907): Could not offload audio decode, try pcm offload
I/OMXCodec( 1907): [OMX.google.vorbis.decoder] allocating 4 buffers of size 8192 on input port
I/OMXCodec( 1907): [OMX.google.vorbis.decoder] allocated buffer 0x418133a8 on input port
I/OMXCodec( 1907): [OMX.google.vorbis.decoder] allocated buffer 0x4180c280 on input port
I/OMXCodec( 1907): [OMX.google.vorbis.decoder] allocated buffer 0x4180c350 on input port
I/OMXCodec( 1907): [OMX.google.vorbis.decoder] allocated buffer 0x4180c408 on input port
I/OMXCodec( 1907): [OMX.google.vorbis.decoder] allocating 4 buffers of size 32768 on output port
I/OMXCodec( 1907): [OMX.google.vorbis.decoder] allocated buffer 0x4180c590 on output port
I/OMXCodec( 1907): [OMX.google.vorbis.decoder] allocated buffer 0x4180c7b0 on output port
I/OMXCodec( 1907): [OMX.google.vorbis.decoder] allocated buffer 0x4180c8f0 on output port
I/OMXCodec( 1907): [OMX.google.vorbis.decoder] allocated buffer 0x4180ca18 on output port
D/Ringtone( 2552): Successfully created local player
I/OMXNodeInstance( 1907): OMX_FreeBuffer for buffer header 0x4180c408 successful
I/OMXNodeInstance( 1907): OMX_FreeBuffer for buffer header 0x4180c350 successful
I/OMXNodeInstance( 1907): OMX_FreeBuffer for buffer header 0x4180c280 successful
I/OMXNodeInstance( 1907): OMX_FreeBuffer for buffer header 0x418133a8 successful
I/OMXNodeInstance( 1907): OMX_FreeBuffer for buffer header 0x4180ca18 successful
I/OMXNodeInstance( 1907): OMX_FreeBuffer for buffer header 0x4180c8f0 successful
I/OMXNodeInstance( 1907): OMX_FreeBuffer for buffer header 0x4180c7b0 successful
I/OMXNodeInstance( 1907): OMX_FreeBuffer for buffer header 0x4180c590 successful
D/AwesomePlayer( 1907): Before reset_l
D/AudioPolicyManagerBase( 1907): copl: Offload denied by duration < default min(=60)
D/OMXCodec( 1907): Successfully allocated OMX node 'OMX.google.vorbis.decoder'
I/OMXCodec( 1907): Codec outputs a different number of channels than the input stream contains (contains 2 channels, codec outputs 1 channels).
I/AwesomePlayer( 1907): Could not offload audio decode, try pcm offload
D/AudioPolicyManagerBase( 1907): copl: Offload denied by duration < default min(=60)
I/OMXCodec( 1907): [OMX.google.vorbis.decoder] allocating 4 buffers of size 8192 on input port
I/OMXCodec( 1907): [OMX.google.vorbis.decoder] allocated buffer 0x4180dbc8 on input port
I/OMXCodec( 1907): [OMX.google.vorbis.decoder] allocated buffer 0x4180d320 on input port
I/OMXCodec( 1907): [OMX.google.vorbis.decoder] allocated buffer 0x4180d500 on input port
I/OMXCodec( 1907): [OMX.google.vorbis.decoder] allocated buffer 0x4180d5b8 on input port
I/OMXCodec( 1907): [OMX.google.vorbis.decoder] allocating 4 buffers of size 32768 on output port
I/OMXCodec( 1907): [OMX.google.vorbis.decoder] allocated buffer 0x4180d740 on output port
I/OMXCodec( 1907): [OMX.google.vorbis.decoder] allocated buffer 0x4180d960 on output port
I/OMXCodec( 1907): [OMX.google.vorbis.decoder] allocated buffer 0x4180daa0 on output port
I/OMXCodec( 1907): [OMX.google.vorbis.decoder] allocated buffer 0x417e58b0 on output port
D/Ringtone( 2552): Successfully created local player
D/SetupWizard( 2552): getCurrentLocale return val=en_US mPickerLocale=null config.locale=en_US Locale.getDefault()=en_US
D/SetupWizard( 2552): updateAvailableLocales() current locale=en_US accessibilityEnabled=false
D/SetupWizard( 2552): useAllLocales()
D/SetupWizard( 2552): getCurrentLocale return val=en_US mPickerLocale=null config.locale=en_US Locale.getDefault()=en_US
D/SetupWizard( 2552): findLocaleIndex(en_US) returns 19
V/SetupWizard( 2552): BaseActivity.onStart() com.google.android.setupwizard.WelcomeActivity
V/SetupWizard( 2552): BaseActivity.onRestoreInstanceState(Bundle[{warmer_welcome_waiting=false, android:viewHierarchyState=Bundle[{android:views={16908290=android.view.AbsSavedState$1@41fbeae0, 16909034=TextView.SavedState{424bbc60 start=23 end=23 text=English (United States)}, 2131623937=android.view.AbsSavedState$1@41fbeae0, 2131623938=android.view.AbsSavedState$1@41fbeae0, 2131623939=android.widget.ProgressBar$SavedState@424bbc48, 2131623956=android.view.AbsSavedState$1@41fbeae0, 2131623995=android.view.AbsSavedState$1@41fbeae0, 2131623996=android.view.AbsSavedState$1@41fbeae0, 2131623997=android.view.AbsSavedState$1@41fbeae0, 2131623998=android.view.AbsSavedState$1@41fbeae0, 2131623999=android.view.AbsSavedState$1@41fbeae0}, android:focusedViewId=2131623997}], screenTimeout=121000, currentFocus=2131623997, WaitingModeStartTime=0, WaitingMode=false}]) com.google.android.setupwizard.WelcomeActivity
W/GAV2    ( 3140): Thread[Background Non-Blocking-0,5,main]: Need to call initialize() and be in fallback mode to start dispatch.
D/SetupWizard( 2552): getCurrentLocale return val=en_US mPickerLocale=null config.locale=en_US Locale.getDefault()=en_US
D/SetupWizard( 2552): onResume() current locale=en_US
V/SetupWizard( 2552): BaseActivity.onResume() com.google.android.setupwizard.WelcomeActivity
W/GAV2    ( 3140): Thread[Background Non-Blocking-0,5,main]: dispatch call queued.  Need to call GAServiceManager.getInstance().initialize().
I/TextToSpeech( 2552): Connected to ComponentInfo{com.svox.pico/com.svox.pico.PicoService}
E/MediaPlayer( 2552): Should have subtitle controller already set
W/dalvikvm( 3140): method Lcom/google/android/search/core/state/QueryState;.a incorrectly overrides package-private method with same name in Lcfl;
I/TextToSpeech( 2552): Set up connection to ComponentInfo{com.svox.pico/com.svox.pico.PicoService}
W/InputMethodInfo( 2283): Duplicated subtype definition found: , voice
I/MediaRouter( 3140): Found default route: MediaRouter.RouteInfo{ uniqueId=android/kb:DEFAULT_ROUTE, name=Phone, description=null, enabled=true, connecting=false, playbackType=0, playbackStream=3, volumeHandling=1, volume=11, volumeMax=15, presentationDisplayId=-1, extras=null, providerPackageName=android }
I/Timeline( 2552): Timeline: Activity_idle id: android.os.BinderProxy@42296a68 time:24046
I/Timeline( 2283): Timeline: Activity_windows_visible id: ActivityRecord{423dfd60 u0 com.google.android.setupwizard/.WelcomeActivity t1} time:24050
I/WindowManager( 2283): Screen frozen for +584ms due to Window{42574ef0 u0 com.google.android.setupwizard/com.google.android.setupwizard.WelcomeActivity}
I/ActivityManager( 2283): Delay finish: com.google.android.googlequicksearchbox/.GelStubAppWatcher
D/MccTable( 2512): updateMccMncConfiguration: mcc=260, mnc=2
D/MccTable( 2512): getLocaleFromMcc to null_pl mcc=260
D/MccTable( 2512): getLocaleForLanguageCountry: skipping no language
D/MccTable( 2512): WIFI_COUNTRY_CODE set to pl
D/AlarmManagerService( 2283): Kernel timezone updated to -120 minutes west of GMT
I/WifiService( 2283): WifiService trying to set country code to pl with persist set to true
D/KeyguardUpdateMonitor( 2389): Received SPN update on sub :0
D/PhoneStatusBarPolicy( 2389): updateSimState for subscription :0
D/StatusBar.NetworkController( 2389): In updateSimIcon simState= UNKNOWN
D/KeyguardUpdateMonitor( 2389): ACTION_SIM_STATE_CHANGED intent received on sub = 0
D/KeyguardUpdateMonitor( 2389): handleSimStateChange: intentValue = READY state resolved to READY subscription =0
D/TelephonyProvider( 2512): Column apn id key is 'apn_id'
D/MobileDataStateTracker( 2283): dun: Broadcast received: android.intent.action.ANY_DATA_STATE apnType=dun
D/MobileDataStateTracker( 2283): dun: Received state=DISCONNECTED, old=DISCONNECTED, reason=simLoaded
D/MobileDataStateTracker( 2283): supl: Broadcast received: android.intent.action.ANY_DATA_STATE apnType=supl
D/MobileDataStateTracker( 2283): supl: Received state=DISCONNECTED, old=DISCONNECTED, reason=simLoaded
D/MobileDataStateTracker( 2283): hipri: Broadcast received: android.intent.action.ANY_DATA_STATE apnType=hipri
D/MobileDataStateTracker( 2283): hipri: Received state=DISCONNECTED, old=DISCONNECTED, reason=simLoaded
D/MobileDataStateTracker( 2283): default: Broadcast received: android.intent.action.ANY_DATA_STATE apnType=default
D/MobileDataStateTracker( 2283): default: Received state=DISCONNECTED, old=DISCONNECTED, reason=simLoaded
D/MobileDataStateTracker( 2283): mms: Broadcast received: android.intent.action.ANY_DATA_STATE apnType=mms
D/MobileDataStateTracker( 2283): mms: Received state=DISCONNECTED, old=DISCONNECTED, reason=simLoaded
D/MobileDataStateTracker( 2283): dun: Broadcast received: android.intent.action.ANY_DATA_STATE apnType=dun
D/MobileDataStateTracker( 2283): dun: Received state=DISCONNECTED, old=DISCONNECTED, reason=simLoaded
D/MobileDataStateTracker( 2283): supl: Broadcast received: android.intent.action.ANY_DATA_STATE apnType=supl
D/MobileDataStateTracker( 2283): supl: Received state=DISCONNECTED, old=DISCONNECTED, reason=simLoaded
D/MobileDataStateTracker( 2283): hipri: Broadcast received: android.intent.action.ANY_DATA_STATE apnType=hipri
D/MobileDataStateTracker( 2283): hipri: Received state=DISCONNECTED, old=DISCONNECTED, reason=simLoaded
D/MobileDataStateTracker( 2283): default: Broadcast received: android.intent.action.ANY_DATA_STATE apnType=default
D/CallNotifier( 2512): onCfiChanged(): false
D/CallNotifier( 2512): onMwiChanged(): false
D/PhoneApp( 2512): mReceiver: ACTION_ANY_DATA_CONNECTION_STATE_CHANGED
D/MobileDataStateTracker( 2283): default: Received state=DISCONNECTED, old=DISCONNECTED, reason=simLoaded
D/MobileDataStateTracker( 2283): mms: Broadcast received: android.intent.action.ANY_DATA_STATE apnType=mms
D/MobileDataStateTracker( 2283): mms: Received state=DISCONNECTED, old=DISCONNECTED, reason=simLoaded
D/PhoneApp( 2512): - state: DISCONNECTED
D/PhoneApp( 2512): - reason: simLoaded
D/PhoneApp( 2512): mReceiver: ACTION_ANY_DATA_CONNECTION_STATE_CHANGED
D/PhoneApp( 2512): - state: DISCONNECTED
D/PhoneApp( 2512): - reason: simLoaded
D/PhoneApp( 2512): mReceiver: ACTION_ANY_DATA_CONNECTION_STATE_CHANGED
D/PhoneApp( 2512): - state: DISCONNECTED
D/PhoneApp( 2512): - reason: simLoaded
D/PhoneApp( 2512): mReceiver: ACTION_ANY_DATA_CONNECTION_STATE_CHANGED
D/PhoneApp( 2512): - state: DISCONNECTED
D/PhoneApp( 2512): - reason: simLoaded
D/PhoneApp( 2512): mReceiver: ACTION_ANY_DATA_CONNECTION_STATE_CHANGED
D/PhoneApp( 2512): - state: DISCONNECTED
D/PhoneApp( 2512): - reason: simLoaded
D/PhoneApp( 2512): mReceiver: ACTION_ANY_DATA_CONNECTION_STATE_CHANGED
D/PhoneApp( 2512): - state: DISCONNECTED
D/PhoneApp( 2512): - reason: simLoaded
D/PhoneApp( 2512): mReceiver: ACTION_ANY_DATA_CONNECTION_STATE_CHANGED
D/PhoneApp( 2512): - state: DISCONNECTED
D/PhoneApp( 2512): - reason: simLoaded
D/PhoneApp( 2512): mReceiver: ACTION_ANY_DATA_CONNECTION_STATE_CHANGED
D/PhoneApp( 2512): - state: DISCONNECTED
D/PhoneApp( 2512): - reason: simLoaded
D/PhoneApp( 2512): mReceiver: ACTION_ANY_DATA_CONNECTION_STATE_CHANGED
D/PhoneApp( 2512): - state: DISCONNECTED
D/PhoneApp( 2512): - reason: simLoaded
D/PhoneApp( 2512): mReceiver: ACTION_ANY_DATA_CONNECTION_STATE_CHANGED
D/PhoneApp( 2512): - state: DISCONNECTED
D/PhoneApp( 2512): - reason: simLoaded
D/AudioPolicyManagerBase( 1907): getOutput() device 2, stream 1, samplingRate 0, format 0, channelMask 3, flags 0
D/AudioPolicyManagerBase( 1907): getOutput() returns output 2
D/AudioPolicyManagerBase( 1907): getOutput() device 2, stream 1, samplingRate 0, format 0, channelMask 3, flags 0
D/AudioPolicyManagerBase( 1907): getOutput() returns output 2
D/AudioPolicyManagerBase( 1907): getOutput() device 2, stream 1, samplingRate 48000, format 1, channelMask 3, flags 4
D/AudioPolicyManagerBase( 1907): getOutput() returns output 2
W/AudioTrack( 2283): AUDIO_OUTPUT_FLAG_FAST denied by client due to mismatching sample rate (48000 vs 44100)
D/AudioFlinger( 1907): start(4099), calling pid 2283 session 17
D/AudioFlinger( 1907): ? => ACTIVE (4099) on thread 0x417e5d28
D/AudioPolicyManagerBase( 1907): startOutput() output 2, stream 1, session 17
D/SetupWizard( 2552): getCurrentLocale return val=en_US mPickerLocale=null config.locale=en_US Locale.getDefault()=en_US
I/SetupWizard( 2552): getSimState() == 5
E/SetupWizard( 2552): lteUnknown = false
E/SetupWizard( 2552): simStateUnknown = false
E/PhoneMonitor( 2552): otaspStateIsKnown - state =3
E/SetupWizard( 2552): lteUnknown = false
E/SetupWizard( 2552): simStateUnknown = false
E/PhoneMonitor( 2552): otaspStateIsKnown - state =3
I/SetupWizard( 2552): nextScreen(-1) this=com.google.android.setupwizard.WelcomeActivity@424c4c48
I/SetupWizard( 2552): onWelcomeScreenCompleted()
I/SetupWizard( 2552): getSimState() == 5
V/SetupWizard( 2552): launchActivationActivityOrSkip()
E/PhoneMonitor( 2552): otaspStateIsKnown - state =3
V/SetupWizard( 2552): otasp not needed or not known, skipping activation
I/SetupWizard( 2552): onActivationActivityCompleted(-1)
V/SetupWizard( 2552): launchWifiSetup()
I/SetupWizard( 2552): starting activity WIFI_ACTIVITY_REQUEST(10004)
I/Timeline( 2552): Timeline: Activity_launch_request id:com.google.android.setupwizard time:24497
I/ActivityManager( 2283): START u0 {cmp=com.google.android.setupwizard/.WifiSettingsActivity (has extras)} from pid 2552
D/SetupWizard( 2552): getCurrentLocale return val=en_US mPickerLocale=null config.locale=en_US Locale.getDefault()=en_US
D/SetupWizard( 2552): onPause() current locale=en_US
V/SetupWizard( 2552): BaseActivity.onPause() com.google.android.setupwizard.WelcomeActivity
V/SetupWizard( 2552): BaseActivity.onCreate(null) com.google.android.setupwizard.WifiSettingsActivity
D/SetupWizard( 2552): BaseActivity.onCreate() mIsFirstRun=true mIsSecondaryUser=false
D/AndroidRuntime( 2552): Shutting down VM
W/dalvikvm( 2552): threadid=1: thread exiting with uncaught exception (group=0x41e05ce0)
E/AndroidRuntime( 2552): FATAL EXCEPTION: main
E/AndroidRuntime( 2552): Process: com.google.android.setupwizard, PID: 2552
E/AndroidRuntime( 2552): java.lang.NoSuchMethodError: android.net.wifi.IWifiManager.setWifiEnabled
E/AndroidRuntime( 2552): 	at com.google.android.setupwizard.BaseActivity.tryEnablingWifi(BaseActivity.java:1526)
E/AndroidRuntime( 2552): 	at com.google.android.setupwizard.WifiSettingsActivity.launchWifiSettingsPanel(WifiSettingsActivity.java:103)
E/AndroidRuntime( 2552): 	at com.google.android.setupwizard.WifiSettingsActivity.onCreate(WifiSettingsActivity.java:68)
E/AndroidRuntime( 2552): 	at android.app.Activity.performCreate(Activity.java:5231)
E/AndroidRuntime( 2552): 	at android.app.Instrumentation.callActivityOnCreate(Instrumentation.java:1087)
E/AndroidRuntime( 2552): 	at android.app.ActivityThread.performLaunchActivity(ActivityThread.java:2169)
E/AndroidRuntime( 2552): 	at android.app.ActivityThread.handleLaunchActivity(ActivityThread.java:2271)
E/AndroidRuntime( 2552): 	at android.app.ActivityThread.access$800(ActivityThread.java:144)
E/AndroidRuntime( 2552): 	at android.app.ActivityThread$H.handleMessage(ActivityThread.java:1205)
E/AndroidRuntime( 2552): 	at android.os.Handler.dispatchMessage(Handler.java:102)
E/AndroidRuntime( 2552): 	at android.os.Looper.loop(Looper.java:136)
E/AndroidRuntime( 2552): 	at android.app.ActivityThread.main(ActivityThread.java:5146)
E/AndroidRuntime( 2552): 	at java.lang.reflect.Method.invokeNative(Native Method)
E/AndroidRuntime( 2552): 	at java.lang.reflect.Method.invoke(Method.java:515)
E/AndroidRuntime( 2552): 	at com.android.internal.os.ZygoteInit$MethodAndArgsCaller.run(ZygoteInit.java:732)
E/AndroidRuntime( 2552): 	at com.android.internal.os.ZygoteInit.main(ZygoteInit.java:566)
E/AndroidRuntime( 2552): 	at dalvik.system.NativeStart.main(Native Method)
W/ActivityManager( 2283):   Force finishing activity com.google.android.setupwizard/.WifiSettingsActivity
D/PhoneStatusBar( 2389): disable: < expand icons ALERTS ticker system_info back* HOME RECENT CLOCK SEARCH >
W/ActivityManager( 2283): Activity pause timeout for ActivityRecord{42249e88 u0 com.google.android.setupwizard/.WifiSettingsActivity t1 f}
D/AlarmManagerService( 2283): Kernel timezone updated to -120 minutes west of GMT
W/BroadcastQueue( 2283): Skipping deliver [background] BroadcastRecord{4275d318 u-1 android.intent.action.NETWORK_SET_TIMEZONE} to ReceiverList{42249b60 2552 com.google.android.setupwizard/10023/u0 remote:425df3e0}: process crashing
D/        ( 2512): Setting time of day to sec=1411857130
W/BroadcastQueue( 2283): Skipping deliver [background] BroadcastRecord{4263cb58 u-1 android.intent.action.NETWORK_SET_TIME} to ReceiverList{42249b60 2552 com.google.android.setupwizard/10023/u0 remote:425df3e0}: process crashing
W/BroadcastQueue( 2283): Skipping deliver [foreground] BroadcastRecord{426d63e0 u-1 android.intent.action.TIME_SET} to ReceiverList{42249b60 2552 com.google.android.setupwizard/10023/u0 remote:425df3e0}: process crashing
V/AlarmClock( 2884): AlarmInitReceiver android.intent.action.TIME_SET
D/AlarmManagerService( 2283): Kernel timezone updated to -120 minutes west of GMT
I/AlarmClock( 2884): Displaying next alarm time: ''
W/BroadcastQueue( 2283): Skipping deliver [background] BroadcastRecord{4263dc30 u-1 android.intent.action.NETWORK_SET_TIMEZONE} to ReceiverList{42249b60 2552 com.google.android.setupwizard/10023/u0 remote:425df3e0}: process crashing
V/AlarmClock( 2884): AlarmInitReceiver finished
D/MobileDataStateTracker( 2283): dun: Broadcast received: android.intent.action.ANY_DATA_STATE apnType=dun
D/MobileDataStateTracker( 2283): dun: Received state=DISCONNECTED, old=DISCONNECTED, reason=dataAttached
D/MobileDataStateTracker( 2283): supl: Broadcast received: android.intent.action.ANY_DATA_STATE apnType=supl
D/MobileDataStateTracker( 2283): supl: Received state=DISCONNECTED, old=DISCONNECTED, reason=dataAttached
D/MobileDataStateTracker( 2283): hipri: Broadcast received: android.intent.action.ANY_DATA_STATE apnType=hipri
D/MobileDataStateTracker( 2283): hipri: Received state=DISCONNECTED, old=DISCONNECTED, reason=dataAttached
D/MobileDataStateTracker( 2283): mms: Broadcast received: android.intent.action.ANY_DATA_STATE apnType=mms
D/MobileDataStateTracker( 2283): mms: Received state=DISCONNECTED, old=DISCONNECTED, reason=dataAttached
I/CheckinService( 2597): active receiver: enabled
D/MobileDataStateTracker( 2283): default: Broadcast received: android.intent.action.ANY_DATA_STATE apnType=default
D/MobileDataStateTracker( 2283): default: Received state=CONNECTING, old=DISCONNECTED, reason=dataAttached
D/MobileDataStateTracker( 2283): default: setDetailed state, old =IDLE and new state=CONNECTING
D/MobileDataStateTracker( 2283): dun: Broadcast received: android.intent.action.ANY_DATA_STATE apnType=dun
D/MobileDataStateTracker( 2283): dun: Received state=DISCONNECTED, old=DISCONNECTED, reason=dataAttached
D/MobileDataStateTracker( 2283): supl: Broadcast received: android.intent.action.ANY_DATA_STATE apnType=supl
D/MobileDataStateTracker( 2283): supl: Received state=DISCONNECTED, old=DISCONNECTED, reason=dataAttached
V/Zygote  ( 3188): Switching descriptor 32 to /dev/null
V/Zygote  ( 3188): Switching descriptor 9 to /dev/null
I/ActivityManager( 2283): Start proc com.android.calendar for broadcast com.android.calendar/.widget.CalendarAppWidgetService$CalendarFactory: pid=3188 uid=10031 gids={50031, 1028, 3003}
D/PhoneApp( 2512): mReceiver: ACTION_ANY_DATA_CONNECTION_STATE_CHANGED
D/PhoneApp( 2512): - state: DISCONNECTED
D/PhoneApp( 2512): - reason: dataAttached
D/PhoneApp( 2512): mReceiver: ACTION_ANY_DATA_CONNECTION_STATE_CHANGED
D/PhoneApp( 2512): - state: DISCONNECTED
D/PhoneApp( 2512): - reason: dataAttached
D/PhoneApp( 2512): mReceiver: ACTION_ANY_DATA_CONNECTION_STATE_CHANGED
D/PhoneApp( 2512): - state: DISCONNECTED
D/PhoneApp( 2512): - reason: dataAttached
D/MobileDataStateTracker( 2283): hipri: Broadcast received: android.intent.action.ANY_DATA_STATE apnType=hipri
D/MobileDataStateTracker( 2283): hipri: Received state=DISCONNECTED, old=DISCONNECTED, reason=dataAttached
D/MobileDataStateTracker( 2283): mms: Broadcast received: android.intent.action.ANY_DATA_STATE apnType=mms
D/MobileDataStateTracker( 2283): mms: Received state=DISCONNECTED, old=DISCONNECTED, reason=dataAttached
D/PhoneApp( 2512): mReceiver: ACTION_ANY_DATA_CONNECTION_STATE_CHANGED
D/PhoneApp( 2512): - state: DISCONNECTED
D/PhoneApp( 2512): - reason: dataAttached
D/PhoneApp( 2512): mReceiver: ACTION_ANY_DATA_CONNECTION_STATE_CHANGED
D/PhoneApp( 2512): - state: CONNECTING
D/PhoneApp( 2512): - reason: dataAttached
D/PhoneApp( 2512): mReceiver: ACTION_ANY_DATA_CONNECTION_STATE_CHANGED
D/PhoneApp( 2512): - state: DISCONNECTED
D/PhoneApp( 2512): - reason: dataAttached
D/PhoneApp( 2512): mReceiver: ACTION_ANY_DATA_CONNECTION_STATE_CHANGED
D/PhoneApp( 2512): - state: DISCONNECTED
D/PhoneApp( 2512): - reason: dataAttached
D/AlarmManagerService( 2283): Kernel timezone updated to -120 minutes west of GMT
D/        ( 2512): Setting time of day to sec=1411857130
W/BroadcastQueue( 2283): Skipping deliver [background] BroadcastRecord{42735418 u-1 android.intent.action.NETWORK_SET_TIMEZONE} to ReceiverList{42249b60 2552 com.google.android.setupwizard/10023/u0 remote:425df3e0}: process crashing
D/ActivityThread( 3188): handleBindApplication:com.android.calendar
D/ActivityThread( 3188): setTargetHeapUtilization:0.75
D/ActivityThread( 3188): setTargetHeapMinFree:2097152
D/PhoneApp( 2512): mReceiver: ACTION_ANY_DATA_CONNECTION_STATE_CHANGED
D/PhoneApp( 2512): - state: DISCONNECTED
D/PhoneApp( 2512): - reason: dataAttached
D/PhoneApp( 2512): mReceiver: ACTION_ANY_DATA_CONNECTION_STATE_CHANGED
D/PhoneApp( 2512): - state: DISCONNECTED
D/PhoneApp( 2512): - reason: dataAttached
W/BroadcastQueue( 2283): Skipping deliver [background] BroadcastRecord{42594b28 u-1 android.intent.action.NETWORK_SET_TIME} to ReceiverList{42249b60 2552 com.google.android.setupwizard/10023/u0 remote:425df3e0}: process crashing
W/BroadcastQueue( 2283): Skipping deliver [foreground] BroadcastRecord{4224fc20 u-1 android.intent.action.TIME_SET} to ReceiverList{42249b60 2552 com.google.android.setupwizard/10023/u0 remote:425df3e0}: process crashing
D/ExtensionsFactory( 3188): No custom extensions.
V/Zygote  ( 3205): Switching descriptor 32 to /dev/null
V/Zygote  ( 3205): Switching descriptor 9 to /dev/null
I/ActivityManager( 2283): Start proc com.cyanogenmod.lockclock for broadcast com.cyanogenmod.lockclock/.ClockWidgetProvider: pid=3205 uid=10047 gids={50047, 3003}
D/ActivityThread( 3205): handleBindApplication:com.cyanogenmod.lockclock
D/ActivityThread( 3205): setTargetHeapUtilization:0.75
D/ActivityThread( 3205): setTargetHeapMinFree:2097152
V/AlarmClock( 2884): AlarmInitReceiver android.intent.action.TIME_SET
I/AlarmClock( 2884): Displaying next alarm time: ''
V/AlarmClock( 2884): AlarmInitReceiver finished
I/CheckinService( 2597): active receiver: enabled
D/AudioPolicyManagerBase( 1907): getOutput() device 2, stream 1, samplingRate 0, format 0, channelMask 3, flags 0
D/AudioPolicyManagerBase( 1907): getOutput() returns output 2
D/AudioPolicyManagerBase( 1907): getOutput() device 2, stream 1, samplingRate 0, format 0, channelMask 3, flags 0
D/AudioPolicyManagerBase( 1907): getOutput() returns output 2
D/AudioPolicyManagerBase( 1907): getOutput() device 2, stream 1, samplingRate 48000, format 1, channelMask 3, flags 4
D/AudioPolicyManagerBase( 1907): getOutput() returns output 2
W/AudioTrack( 2283): AUDIO_OUTPUT_FLAG_FAST denied by client due to mismatching sample rate (48000 vs 44100)
D/AudioFlinger( 1907): start(4098), calling pid 2283 session 18
D/AudioFlinger( 1907): ? => ACTIVE (4098) on thread 0x417e5f60
D/AudioPolicyManagerBase( 1907): startOutput() output 2, stream 1, session 18
I/Process ( 2552): Sending signal. PID: 2552 SIG: 9
D/PhoneStatusBar( 2389): disable: < expand icons ALERTS ticker system_info BACK* HOME RECENT CLOCK SEARCH >
I/ActivityManager( 2283): Process com.google.android.setupwizard (pid 2552) has died.
I/StatusBarManagerService( 2283): binder died for pkg=com.google.android.setupwizard
I/StatusBarManagerService( 2283): binder died for pkg=com.google.android.setupwizard
I/StatusBarManagerService( 2283): binder died for pkg=com.google.android.setupwizard
I/StatusBarManagerService( 2283): binder died for pkg=com.google.android.setupwizard
I/WindowState( 2283): WIN DEATH: Window{42574ef0 u0 com.google.android.setupwizard/com.google.android.setupwizard.WelcomeActivity}
I/StatusBarManagerService( 2283): binder died for pkg=com.google.android.setupwizard
I/OMXNodeInstance( 1907): OMX_FreeBuffer for buffer header 0x417e88d8 successful
I/OMXNodeInstance( 1907): OMX_FreeBuffer for buffer header 0x417e8820 successful
I/OMXNodeInstance( 1907): OMX_FreeBuffer for buffer header 0x417e8750 successful
I/OMXNodeInstance( 1907): OMX_FreeBuffer for buffer header 0x417e2aa0 successful
I/OMXNodeInstance( 1907): OMX_FreeBuffer for buffer header 0x417e11e8 successful
I/OMXNodeInstance( 1907): OMX_FreeBuffer for buffer header 0x417e10c0 successful
I/OMXNodeInstance( 1907): OMX_FreeBuffer for buffer header 0x417e0f80 successful
I/OMXNodeInstance( 1907): OMX_FreeBuffer for buffer header 0x417e8a60 successful
I/OMXNodeInstance( 1907): OMX_FreeBuffer for buffer header 0x400c8be8 successful
I/OMXNodeInstance( 1907): OMX_FreeBuffer for buffer header 0x400c8b30 successful
I/OMXNodeInstance( 1907): OMX_FreeBuffer for buffer header 0x400c8a60 successful
I/OMXNodeInstance( 1907): OMX_FreeBuffer for buffer header 0x400c80b0 successful
I/OMXNodeInstance( 1907): OMX_FreeBuffer for buffer header 0x400c85a0 successful
I/OMXNodeInstance( 1907): OMX_FreeBuffer for buffer header 0x400c8478 successful
I/OMXNodeInstance( 1907): OMX_FreeBuffer for buffer header 0x400c8338 successful
I/OMXNodeInstance( 1907): OMX_FreeBuffer for buffer header 0x400c8d70 successful
D/PhoneStatusBar( 2389): disable: < expand icons alerts* ticker system_info BACK home* recent* clock* search* >
I/OMXNodeInstance( 1907): OMX_FreeBuffer for buffer header 0x4180d5b8 successful
I/OMXNodeInstance( 1907): OMX_FreeBuffer for buffer header 0x4180d500 successful
I/OMXNodeInstance( 1907): OMX_FreeBuffer for buffer header 0x4180d320 successful
I/OMXNodeInstance( 1907): OMX_FreeBuffer for buffer header 0x4180dbc8 successful
I/OMXNodeInstance( 1907): OMX_FreeBuffer for buffer header 0x417e58b0 successful
I/OMXNodeInstance( 1907): OMX_FreeBuffer for buffer header 0x4180daa0 successful
I/OMXNodeInstance( 1907): OMX_FreeBuffer for buffer header 0x4180d960 successful
I/OMXNodeInstance( 1907): OMX_FreeBuffer for buffer header 0x4180d740 successful
W/ActivityManager( 2283): Force removing ActivityRecord{423dfd60 u0 com.google.android.setupwizard/.WelcomeActivity t1}: app died, no saved state
V/Zygote  ( 3226): Switching descriptor 32 to /dev/null
V/Zygote  ( 3226): Switching descriptor 9 to /dev/null
I/ActivityManager( 2283): Start proc com.google.android.setupwizard for activity com.google.android.setupwizard/.SetupWizardActivity: pid=3226 uid=10023 gids={50023, 3003}
D/ActivityThread( 3226): handleBindApplication:com.google.android.setupwizard
D/ActivityThread( 3226): setTargetHeapUtilization:0.75
D/ActivityThread( 3226): setTargetHeapMinFree:2097152
I/dalvikvm( 3226): Could not find method android.net.wifi.IWifiManager.setWifiEnabled, referenced from method com.google.android.setupwizard.BaseActivity.tryEnablingWifi
W/dalvikvm( 3226): VFY: unable to resolve interface method 158: Landroid/net/wifi/IWifiManager;.setWifiEnabled (Z)Z
D/dalvikvm( 3226): VFY: replacing opcode 0x72 at 0x0017
I/SetupWizard( 3226): SetupWizardActivity.onCreate(icicle) LTE == false userID=0
V/SetupWizard( 3226): BaseActivity.onCreate(Bundle[mParcelledData.dataSize=292]) com.google.android.setupwizard.SetupWizardActivity
D/SetupWizard( 3226): BaseActivity.onCreate() mIsFirstRun=true mIsSecondaryUser=false
D/PhoneStatusBar( 2389): disable: < expand icons ALERTS* ticker system_info BACK HOME* RECENT* CLOCK* SEARCH* >
D/SetupWizard( 3226): DEVICE_PROVISIONED=false
D/SetupWizard( 3226): USER_SETUP_COMPLETE=false
I/SetupWizard( 3226): SetupWizardActivity.onCreate() completed
V/SetupWizard( 3226): BaseActivity.onStart() com.google.android.setupwizard.SetupWizardActivity
V/SetupWizard( 3226): BaseActivity.onRestoreInstanceState(Bundle[{android:viewHierarchyState=Bundle[mParcelledData.dataSize=124], screenTimeout=121000, currentFocus=-1}]) com.google.android.setupwizard.SetupWizardActivity
I/SetupWizard( 3226): BaseActivity.onActivityResult(WELCOME_REQUEST(10001), RESULT_CANCELED(0)) lastActivity=WIFI_ACTIVITY_REQUEST(10004)
D/SetupWizard( 3226):   RESULT_CANCELED, going back
V/SetupWizard( 3226): BaseActivity.onResume() com.google.android.setupwizard.SetupWizardActivity
E/PhoneMonitor( 3226): onOtaspChanged old =0, new =3
V/PhoneMonitor( 3226): mOtaspPhoneStateListener#onOtaspChanged, mOtaspMode=3
D/PhoneStatusBar( 2389): disable: < expand icons ALERTS ticker system_info back* HOME RECENT CLOCK SEARCH >
D/libEGL  ( 3226): loaded /system/lib/egl/libEGL_mali.so
D/libEGL  ( 3226): loaded /system/lib/egl/libGLESv1_CM_mali.so
D/libEGL  ( 3226): loaded /system/lib/egl/libGLESv2_mali.so
E/        ( 3226): Device driver API match
E/        ( 3226): Device driver API version: 23
E/        ( 3226): User space API version: 23 
E/        ( 3226): mali: REVISION=Linux-r3p2-01rel3 BUILD_DATE=Fri Mar 21 13:52:50 KST 2014 
D/OpenGLRenderer( 3226): Enabling debug mode 0
W/Binder  ( 2489): Caught a RuntimeException from the binder stub implementation.
W/Binder  ( 2489): java.lang.NullPointerException
W/Binder  ( 2489): 	at android.inputmethodservice.IInputMethodWrapper.setSessionEnabled(IInputMethodWrapper.java:280)
W/Binder  ( 2489): 	at com.android.internal.view.IInputMethod$Stub.onTransact(IInputMethod.java:129)
W/Binder  ( 2489): 	at android.os.Binder.execTransact(Binder.java:404)
W/Binder  ( 2489): 	at dalvik.system.NativeStart.run(Native Method)
W/InputMethodManagerService( 2283): Got RemoteException sending setActive(false) notification to pid 2552 uid 10023
I/Timeline( 3226): Timeline: Activity_idle id: android.os.BinderProxy@42252760 time:26376
I/ActivityManager( 2283): Displayed com.google.android.setupwizard/.SetupWizardActivity: +276ms (total +1s829ms)
I/Timeline( 2283): Timeline: Activity_windows_visible id: ActivityRecord{422751f8 u0 com.google.android.setupwizard/.SetupWizardActivity t1} time:26717
D/PhoneApp( 2512): mReceiver: ACTION_ANY_DATA_CONNECTION_STATE_CHANGED
D/PhoneApp( 2512): - state: CONNECTING
D/PhoneApp( 2512): - reason: null
D/MobileDataStateTracker( 2283): default: Broadcast received: android.intent.action.ANY_DATA_STATE apnType=default
D/MobileDataStateTracker( 2283): default: Received state=CONNECTING, old=CONNECTING, reason=(unspecified)
D/MobileDataStateTracker( 2283): default: Broadcast received: android.intent.action.ANY_DATA_STATE apnType=default
D/MobileDataStateTracker( 2283): default: Received state=CONNECTED, old=CONNECTING, reason=connected
D/MobileDataStateTracker( 2283): default: setDetailed state, old =CONNECTING and new state=CONNECTED
D/ConnectivityService( 2283): ConnectivityChange for mobile: CONNECTED/CONNECTED
D/ConnectivityService( 2283): Setting TCP values: [0] which comes from [net.tcp.usercfg.default]
E/ConnectivityService( 2283): Can't set delayed ACK size:java.io.FileNotFoundException: /sys/kernel/ipv4/tcp_use_userconfig: open failed: ENOENT (No such file or directory)
D/ConnectivityService( 2283): Setting TCP values: [1] which comes from [net.tcp.delack.default]
E/ConnectivityService( 2283): Can't set delayed ACK size:java.io.FileNotFoundException: /sys/kernel/ipv4/tcp_delack_seg: open failed: ENOENT (No such file or directory)
D/PhoneApp( 2512): mReceiver: ACTION_ANY_DATA_CONNECTION_STATE_CHANGED
D/PhoneApp( 2512): - state: CONNECTED
D/PhoneApp( 2512): - reason: connected
D/Nat464Xlat( 2283): requiresClat: netType=0, hasIPv4Address=true
D/CaptivePortalTracker( 2283): NoActiveNetworkState{ when=-1ms what=1 obj=NetworkInfo: type: mobile[HSPA+], state: CONNECTED/CONNECTED, reason: connected, extra: erainternet, roaming: false, failover: false, isAvailable: true, isConnectedToProvisioningNetwork: false target=com.android.internal.util.StateMachine$SmHandler }
D/CaptivePortalTracker( 2283): NoActiveNetworkState not a wifi connectivity change, ignore
I/CheckinService( 2597): active receiver: enabled
I/CheckinService( 2597): Preparing to send checkin request
I/EventLogService( 2597): Accumulating logs since 1411856059357
I/GoogleHttpClient( 2597): Falling back to old SSLCertificateSocketFactory
V/Zygote  ( 3249): Switching descriptor 32 to /dev/null
V/Zygote  ( 3249): Switching descriptor 9 to /dev/null
I/ActivityManager( 2283): Start proc com.google.android.gms.unstable for service com.google.android.gms/.droidguard.DroidGuardService: pid=3249 uid=10010 gids={50010, 3003, 1007, 1028, 1015, 1006, 3002, 3001, 3007, 2001, 3006}
D/MobileDataStateTracker( 2283): default: setPolicyDataEnable(enabled=true)
D/ActivityThread( 3249): handleBindApplication:com.google.android.gms.unstable
D/ActivityThread( 3249): setTargetHeapUtilization:0.75
D/ActivityThread( 3249): setTargetHeapMinFree:2097152
I/MultiDex( 3249): VM with version 1.6.0 does not have multidex support
I/MultiDex( 3249): install
I/MultiDex( 3249): MultiDexExtractor.load(/system/priv-app/PrebuiltGmsCore.apk, false)
I/MultiDex( 3249): loading existing secondary dex files
I/MultiDex( 3249): load found 2 secondary dex files
I/MultiDex( 3249): install done
I/ProviderInstaller( 3249): Insert disabled by gate 'gms:security:enable_conscrypt_in_gms_application'
D/MobileDataStateTracker( 2283): default: setPolicyDataEnable(enabled=true)
V/SetupWizard( 3226): BaseActivity.onBackPressed() backAllowed=true
V/SetupWizard( 3226): BaseActivity.onPause() com.google.android.setupwizard.SetupWizardActivity
I/GoogleHttpClient( 3249): Falling back to old SSLCertificateSocketFactory
I/ActivityManager( 2283): START u0 {act=android.intent.action.MAIN cat=[android.intent.category.HOME] flg=0x10000000 cmp=com.google.android.setupwizard/.SetupWizardActivity} from pid 0
I/SetupWizard( 3226): SetupWizardActivity.onCreate(null) LTE == false userID=0
V/SetupWizard( 3226): BaseActivity.onCreate(null) com.google.android.setupwizard.SetupWizardActivity
D/SetupWizard( 3226): BaseActivity.onCreate() mIsFirstRun=true mIsSecondaryUser=false
D/SetupWizard( 3226): DEVICE_PROVISIONED=false
D/SetupWizard( 3226): USER_SETUP_COMPLETE=false
D/SetupWizard( 3226): startWelcomeActivity() lastActivity=WIFI_ACTIVITY_REQUEST(10004)
I/SetupWizard( 3226): starting activity WELCOME_REQUEST(10001)
D/CheckConnectionTask( 3226): doInBackground: url=http://clients3.google.com/generate_204
I/Timeline( 3226): Timeline: Activity_launch_request id:com.google.android.setupwizard time:28756
I/SetupWizard( 3226): SetupWizardActivity.onCreate() completed
V/SetupWizard( 3226): BaseActivity.onStart() com.google.android.setupwizard.SetupWizardActivity
I/ActivityManager( 2283): START u0 {cmp=com.google.android.setupwizard/.WelcomeActivity (has extras)} from pid 3226
V/SetupWizard( 3226): BaseActivity.onResume() com.google.android.setupwizard.SetupWizardActivity
V/SetupWizard( 3226): BaseActivity.onStop() com.google.android.setupwizard.SetupWizardActivity
V/SetupWizard( 3226): BaseActivity.onDestroy() com.google.android.setupwizard.SetupWizardActivity
V/SetupWizard( 3226): BaseActivity.onPause() com.google.android.setupwizard.SetupWizardActivity
V/SetupWizard( 3226): BaseActivity.onCreate(null) com.google.android.setupwizard.WelcomeActivity
D/SetupWizard( 3226): BaseActivity.onCreate() mIsFirstRun=true mIsSecondaryUser=false
D/SetupWizard( 3226): getCurrentLocale return val=en_US mPickerLocale=null config.locale=en_US Locale.getDefault()=en_US
D/SetupWizard( 3226): onCreate current locale=en_US
I/TextToSpeech( 3226): Sucessfully bound to com.svox.pico
V/SynthProxy( 2690): About to load /system/lib/libttspico.so, applyFilter=true
I/SVOX Pico Engine( 2690): loaded en-US successfully
D/AwesomePlayer( 1907): Before reset_l
D/OMXCodec( 1907): Successfully allocated OMX node 'OMX.google.vorbis.decoder'
I/OMXCodec( 1907): Codec outputs a different number of channels than the input stream contains (contains 2 channels, codec outputs 1 channels).
I/AwesomePlayer( 1907): Could not offload audio decode, try pcm offload
I/OMXCodec( 1907): [OMX.google.vorbis.decoder] allocating 4 buffers of size 8192 on input port
I/OMXCodec( 1907): [OMX.google.vorbis.decoder] allocated buffer 0x417e7d50 on input port
I/OMXCodec( 1907): [OMX.google.vorbis.decoder] allocated buffer 0x417e7ee0 on input port
I/OMXCodec( 1907): [OMX.google.vorbis.decoder] allocated buffer 0x417e7fb0 on input port
I/OMXCodec( 1907): [OMX.google.vorbis.decoder] allocated buffer 0x417e8068 on input port
I/OMXCodec( 1907): [OMX.google.vorbis.decoder] allocating 4 buffers of size 32768 on output port
I/OMXCodec( 1907): [OMX.google.vorbis.decoder] allocated buffer 0x417e81b0 on output port
I/OMXCodec( 1907): [OMX.google.vorbis.decoder] allocated buffer 0x411da158 on output port
I/OMXCodec( 1907): [OMX.google.vorbis.decoder] allocated buffer 0x41e37f28 on output port
I/OMXCodec( 1907): [OMX.google.vorbis.decoder] allocated buffer 0x40e3ff10 on output port
D/Ringtone( 3226): Successfully created local player
I/OMXNodeInstance( 1907): OMX_FreeBuffer for buffer header 0x417e8068 successful
I/OMXNodeInstance( 1907): OMX_FreeBuffer for buffer header 0x417e7fb0 successful
I/OMXNodeInstance( 1907): OMX_FreeBuffer for buffer header 0x417e7ee0 successful
I/OMXNodeInstance( 1907): OMX_FreeBuffer for buffer header 0x417e7d50 successful
I/OMXNodeInstance( 1907): OMX_FreeBuffer for buffer header 0x40e3ff10 successful
I/OMXNodeInstance( 1907): OMX_FreeBuffer for buffer header 0x41e37f28 successful
I/OMXNodeInstance( 1907): OMX_FreeBuffer for buffer header 0x411da158 successful
I/OMXNodeInstance( 1907): OMX_FreeBuffer for buffer header 0x417e81b0 successful
D/AwesomePlayer( 1907): Before reset_l
D/AudioPolicyManagerBase( 1907): copl: Offload denied by duration < default min(=60)
D/OMXCodec( 1907): Successfully allocated OMX node 'OMX.google.vorbis.decoder'
I/OMXCodec( 1907): Codec outputs a different number of channels than the input stream contains (contains 2 channels, codec outputs 1 channels).
I/AwesomePlayer( 1907): Could not offload audio decode, try pcm offload
D/AudioPolicyManagerBase( 1907): copl: Offload denied by duration < default min(=60)
I/OMXCodec( 1907): [OMX.google.vorbis.decoder] allocating 4 buffers of size 8192 on input port
I/OMXCodec( 1907): [OMX.google.vorbis.decoder] allocated buffer 0x40e3ff28 on input port
I/OMXCodec( 1907): [OMX.google.vorbis.decoder] allocated buffer 0x411d8960 on input port
I/OMXCodec( 1907): [OMX.google.vorbis.decoder] allocated buffer 0x411d8a30 on input port
I/OMXCodec( 1907): [OMX.google.vorbis.decoder] allocated buffer 0x411da1f0 on input port
I/OMXCodec( 1907): [OMX.google.vorbis.decoder] allocating 4 buffers of size 32768 on output port
I/OMXCodec( 1907): [OMX.google.vorbis.decoder] allocated buffer 0x411da378 on output port
I/OMXCodec( 1907): [OMX.google.vorbis.decoder] allocated buffer 0x411da598 on output port
I/OMXCodec( 1907): [OMX.google.vorbis.decoder] allocated buffer 0x411da6d8 on output port
I/OMXCodec( 1907): [OMX.google.vorbis.decoder] allocated buffer 0x411da800 on output port
D/Ringtone( 3226): Successfully created local player
I/GAV2    ( 3140): Thread[GAThread,5,main]: No campaign data found.
D/SetupWizard( 3226): getCurrentLocale return val=en_US mPickerLocale=null config.locale=en_US Locale.getDefault()=en_US
D/SetupWizard( 3226): updateAvailableLocales() current locale=en_US accessibilityEnabled=false
D/SetupWizard( 3226): useAllLocales()
D/SetupWizard( 3226): getCurrentLocale return val=en_US mPickerLocale=null config.locale=en_US Locale.getDefault()=en_US
D/SetupWizard( 3226): findLocaleIndex(en_US) returns 19
V/SetupWizard( 3226): BaseActivity.onStart() com.google.android.setupwizard.WelcomeActivity
D/SetupWizard( 3226): getCurrentLocale return val=en_US mPickerLocale=null config.locale=en_US Locale.getDefault()=en_US
D/SetupWizard( 3226): onResume() current locale=en_US
V/SetupWizard( 3226): BaseActivity.onResume() com.google.android.setupwizard.WelcomeActivity
D/PhoneStatusBar( 2389): disable: < expand icons ALERTS ticker system_info BACK* HOME RECENT CLOCK SEARCH >
D/CheckConnectionTask( 3226): doInBackground: resultCode=204 retVal=true
I/TextToSpeech( 3226): Connected to ComponentInfo{com.svox.pico/com.svox.pico.PicoService}
E/MediaPlayer( 3226): Should have subtitle controller already set
I/TextToSpeech( 3226): Set up connection to ComponentInfo{com.svox.pico/com.svox.pico.PicoService}
D/CheckConnectionTask( 3226): onPostExecute connected=true
D/CheckConnectionTask( 3226): onPostExecute set preference connected=true
I/ActivityManager( 2283): Displayed com.google.android.setupwizard/.WelcomeActivity: +417ms (total +464ms)
I/Timeline( 3226): Timeline: Activity_idle id: android.os.BinderProxy@422c8960 time:29191
I/Timeline( 3226): Timeline: Activity_idle id: android.os.BinderProxy@422adc28 time:29192
D/dalvikvm( 3249): Trying to load lib /data/data/com.google.android.gms/app_dg_cache/0F385CAA4172847B3F62BCFA0A3443A7AFBDBB36/lib/libdroidguard_3EB3FFE531475B56EDD672EE68846782A2615BD0.so 0x42353058
D/dalvikvm( 3249): Added shared lib /data/data/com.google.android.gms/app_dg_cache/0F385CAA4172847B3F62BCFA0A3443A7AFBDBB36/lib/libdroidguard_3EB3FFE531475B56EDD672EE68846782A2615BD0.so 0x42353058
D/dalvikvm( 3249): No JNI_OnLoad found in /data/data/com.google.android.gms/app_dg_cache/0F385CAA4172847B3F62BCFA0A3443A7AFBDBB36/lib/libdroidguard_3EB3FFE531475B56EDD672EE68846782A2615BD0.so 0x42353058, skipping init
I/Timeline( 2283): Timeline: Activity_windows_visible id: ActivityRecord{4251eb50 u0 com.google.android.setupwizard/.WelcomeActivity t2} time:29919
V/SetupWizard( 3226): BaseActivity.onSaveInstanceState(Bundle[{android:viewHierarchyState=Bundle[{android:views={16908290=android.view.AbsSavedState$1@41fbeae0}}], screenTimeout=121000, currentFocus=-1}]) com.google.android.setupwizard.SetupWizardActivity
V/SetupWizard( 3226): BaseActivity.onStop() com.google.android.setupwizard.SetupWizardActivity
D/AudioPolicyManagerBase( 1907): getOutput() device 2, stream 1, samplingRate 0, format 0, channelMask 3, flags 0
D/AudioPolicyManagerBase( 1907): getOutput() returns output 2
D/AudioPolicyManagerBase( 1907): getOutput() device 2, stream 1, samplingRate 0, format 0, channelMask 3, flags 0
D/AudioPolicyManagerBase( 1907): getOutput() returns output 2
D/AudioPolicyManagerBase( 1907): getOutput() device 2, stream 1, samplingRate 48000, format 1, channelMask 3, flags 4
D/AudioPolicyManagerBase( 1907): getOutput() returns output 2
D/SetupWizard( 3226): getCurrentLocale return val=en_US mPickerLocale=null config.locale=en_US Locale.getDefault()=en_US
W/AudioTrack( 2283): AUDIO_OUTPUT_FLAG_FAST denied by client due to mismatching sample rate (48000 vs 44100)
D/AudioFlinger( 1907): start(4099), calling pid 2283 session 21
D/AudioFlinger( 1907): ? => ACTIVE (4099) on thread 0x41813480
D/AudioPolicyManagerBase( 1907): startOutput() output 2, stream 1, session 21
D/audio_hw_primary( 1907): select_output_device: AUDIO_DEVICE_OUT_SPEAKER
I/SetupWizard( 3226): getSimState() == 5
E/SetupWizard( 3226): lteUnknown = false
E/SetupWizard( 3226): simStateUnknown = false
E/PhoneMonitor( 3226): otaspStateIsKnown - state =3
E/SetupWizard( 3226): lteUnknown = false
E/SetupWizard( 3226): simStateUnknown = false
E/PhoneMonitor( 3226): otaspStateIsKnown - state =3
I/SetupWizard( 3226): nextScreen(-1) this=com.google.android.setupwizard.WelcomeActivity@422ca588
I/SetupWizard( 3226): onWelcomeScreenCompleted()
I/SetupWizard( 3226): getSimState() == 5
V/SetupWizard( 3226): launchActivationActivityOrSkip()
E/PhoneMonitor( 3226): otaspStateIsKnown - state =3
V/SetupWizard( 3226): otasp not needed or not known, skipping activation
I/SetupWizard( 3226): onActivationActivityCompleted(-1)
V/SetupWizard( 3226): launchWifiSetup()
I/SetupWizard( 3226): starting activity WIFI_ACTIVITY_REQUEST(10004)
I/Timeline( 3226): Timeline: Activity_launch_request id:com.google.android.setupwizard time:30250
D/SetupWizard( 3226): getCurrentLocale return val=en_US mPickerLocale=null config.locale=en_US Locale.getDefault()=en_US
D/SetupWizard( 3226): onPause() current locale=en_US
I/ActivityManager( 2283): START u0 {cmp=com.google.android.setupwizard/.WifiSettingsActivity (has extras)} from pid 3226
V/SetupWizard( 3226): BaseActivity.onPause() com.google.android.setupwizard.WelcomeActivity
V/SetupWizard( 3226): BaseActivity.onCreate(null) com.google.android.setupwizard.WifiSettingsActivity
D/SetupWizard( 3226): BaseActivity.onCreate() mIsFirstRun=true mIsSecondaryUser=false
D/AndroidRuntime( 3226): Shutting down VM
W/dalvikvm( 3226): threadid=1: thread exiting with uncaught exception (group=0x41e05ce0)
E/AndroidRuntime( 3226): FATAL EXCEPTION: main
E/AndroidRuntime( 3226): Process: com.google.android.setupwizard, PID: 3226
E/AndroidRuntime( 3226): java.lang.NoSuchMethodError: android.net.wifi.IWifiManager.setWifiEnabled
E/AndroidRuntime( 3226): 	at com.google.android.setupwizard.BaseActivity.tryEnablingWifi(BaseActivity.java:1526)
E/AndroidRuntime( 3226): 	at com.google.android.setupwizard.WifiSettingsActivity.launchWifiSettingsPanel(WifiSettingsActivity.java:103)
E/AndroidRuntime( 3226): 	at com.google.android.setupwizard.WifiSettingsActivity.onCreate(WifiSettingsActivity.java:68)
E/AndroidRuntime( 3226): 	at android.app.Activity.performCreate(Activity.java:5231)
E/AndroidRuntime( 3226): 	at android.app.Instrumentation.callActivityOnCreate(Instrumentation.java:1087)
