W/PackageManager( 2283): Unknown permission com.google.android.voicesearch.ACCESS_SETTINGS in package com.google.android.googlequicksearchbox
W/PackageManager( 2283): Unknown permission com.google.android.ears.permission.WRITE in package com.google.android.googlequicksearchbox
W/PackageManager( 2283): Unknown permission com.google.googlenav.friend.permission.OPT_IN in package com.google.android.googlequicksearchbox
W/PackageManager( 2283): Unknown permission com.google.android.apps.maps.permission.PREFETCH in package com.google.android.googlequicksearchbox
W/PackageManager( 2283): Unknown permission com.google.android.apps.googlevoice.permission.AUTO_SEND in package com.google.android.googlequicksearchbox
W/PackageManager( 2283): Unknown permission com.google.android.gm.permission.AUTO_SEND in package com.google.android.googlequicksearchbox
W/PackageManager( 2283): Unknown permission com.google.android.hangouts.START_HANGOUT in package com.google.android.googlequicksearchbox
W/PackageManager( 2283): Unknown permission com.android.chrome.PRERENDER_URL in package com.google.android.googlequicksearchbox
W/PackageManager( 2283): Unknown permission com.google.android.launcher.permission.CONTENT_REDIRECT in package com.google.android.googlequicksearchbox
W/PackageManager( 2283): Not granting permission com.android.launcher3.permission.RECEIVE_LAUNCH_BROADCASTS to package com.google.android.googlequicksearchbox (protectionLevel=2 flags=0x405bbe45)
W/PackageManager( 2283): Not granting permission android.permission.SEND_DOWNLOAD_COMPLETED_INTENTS to package com.android.vending (protectionLevel=2 flags=0x400abe45)
W/PackageManager( 2283): Unknown permission android.permission.SEND_SMS_NO_CONFIRMATION in package com.android.vending
W/PackageManager( 2283): Unknown permission android.permission.CANCEL_NOTIFICATIONS in package org.cyanogenmod.theme.chooser
W/PackageManager( 2283): Unknown permission com.cyngn.cmstats.SEND_ANALYTICS in package com.android.dialer
W/PackageManager( 2283): Not granting permission android.permission.DEVICE_POWER to package com.android.deskclock (protectionLevel=2 flags=0x48be45)
W/PackageManager( 2283): Unknown permission com.android.deskclock.worldclock.permissions.WRITE_DATABASE in package com.android.deskclock
W/PackageManager( 2283): Not granting permission android.permission.READ_DREAM_STATE to package com.google.android.gsf (protectionLevel=2 flags=0x40083e45)
W/PackageManager( 2283): Unknown permission android.permission.CANCEL_NOTIFICATIONS in package org.cyanogenmod.voiceplus
V/PackageManager( 2283): Disabling com.google.android.gsf/com.google.android.gsf.update.SystemUpdateActivity
V/PackageManager( 2283): Disabling com.google.android.gsf/com.google.android.gsf.update.SystemUpdateService
V/PackageManager( 2283): Disabling com.google.android.gsf/com.google.android.gsf.update.SystemUpdateService$Receiver
V/PackageManager( 2283): Disabling com.google.android.gms/com.google.android.gms.update.SystemUpdateActivity
V/PackageManager( 2283): Disabling com.google.android.gms/com.google.android.gms.update.SystemUpdateService
V/PackageManager( 2283): Disabling com.google.android.gms/com.google.android.gms.update.SystemUpdateService$Receiver
V/PackageManager( 2283): Disabling com.google.android.gms/com.google.android.gms.update.SystemUpdateService$ActiveReceiver
I/SystemServer( 2283): Entropy Mixer
I/EntropyMixer( 2283): Writing entropy...
I/SystemServer( 2283): User Service
I/SystemServer( 2283): Account Manager
I/SystemServer( 2283): Content Manager
I/SystemServer( 2283): System Content Providers
I/SystemServer( 2283): Lights Service
I/SystemServer( 2283): Battery Service
I/SystemServer( 2283): Vibrator Service
I/SystemServer( 2283): Consumer IR Service
E/ConsumerIrService( 2283): Can't open consumer IR HW Module, error: -2
I/libsuspend( 2283): Selected early suspend
I/libsuspend( 2283): Starting early suspend unblocker thread
D/PermissionCache( 1904): checking android.permission.ACCESS_SURFACE_FLINGER for uid=1000 => granted (345 us)
D/SurfaceFlinger( 1904): Screen acquired, type=0 flinger=0x41b69450
D/SurfaceFlinger( 1904):  screen was previously acquired
D/AlarmManagerService( 2283): Kernel timezone updated to -120 minutes west of GMT
I/SystemServer( 2283): Alarm Manager
I/SystemServer( 2283): Init Watchdog
I/SystemServer( 2283): Input Manager
I/InputManager( 2283): Initializing input manager, mUseDevInputEventForAudioJack=false
I/SystemServer( 2283): Window Manager
I/WindowManager( 2283): No existing display settings /data/system/display_settings.xml; starting empty
I/iNemoSensor( 2283): enable(): handle(0), en(1), what(0)
D/AkmSensor( 2283): akm_enable_sensor: Accel is enabled. (orien = 0)
I/AkmSensor( 2283): enable_accelerometer, mEnabled = 0, enable = 1
D/iNemoSensor( 2283): enable(): MASK_ACC (1) MASK_MAG (0) MASK_GYR (0), MASK_UMAG(0)
D/iNemoSensor( 2283): enable(): mEnAcc(1) mEnMag(0) mEnGyr(0), mEUMag(0)
I/AkmSensor( 2283): enabled = 2, shutdown = 0
I/iNemoSensor( 2283): update_delay wanted_accel = 200000000
D/AkmSensor( 2283): MeasureSNGLoop: interval.interval = 200000000, doze_max = 196000, prms->enabled = 2
D/iNemoSensor( 2283): setDelay(): handle(0), en(66667000)
I/iNemoSensor( 2283): update_delay wanted_accel = 66667000
D/iNemoSensor( 2283): setDelay(): handle(0), en(66667000)
I/iNemoSensor( 2283): skip update_delay wanted_accel = 66667000 current delay = 66667000
I/WindowManager( 2283): No keyguard interface!
D/EventHub( 2283): No input device configuration file found for device 'compass_sensor'.
D/BluetoothManagerService( 2283): Loading stored name and address
D/BluetoothManagerService( 2283): Stored bluetooth Name=GT-I9300,Address=78:59:5E:DC:93:BC
I/InputManager( 2283): Starting input manager
I/SystemServer( 2283): Bluetooth Manager Service
I/SystemServer( 2283): Input Method Service
W/InputMethodManagerService( 2283): Couldn't create dir.: /data/system/inputmethod
I/SystemServer( 2283): Accessibility Manager
D/EventHub( 2283): No input device configuration file found for device 'barometer_sensor'.
I/ActivityManager( 2283): Config changes=1df8 {1.0 ?mcc?mnc en_US ldltr sw360dp w360dp h640dp 320dpi nrml long port ?uimode ?night -touch -keyb/v/h -nav/h s.2 themeResource=null}
I/ActivityManager( 2283): Config changes=400 {1.0 ?mcc?mnc en_US ldltr sw360dp w360dp h615dp 320dpi nrml long port ?uimode ?night -touch -keyb/v/h -nav/h s.3 themeResource=null}
I/SystemServer( 2283): Mount Service
D/MountService( 2283): got storage path: /storage/sdcard0 description: Internal storage primary: true removable: false emulated: true mtpReserve: 100 allowMassStorage: false maxFileSize: 0
D/MountService( 2283): addVolumeLocked() StorageVolume:
D/MountService( 2283):     mStorageId=65537 mPath=/storage/emulated/0 mDescriptionId=17039384 
D/MountService( 2283):     mPrimary=true mRemovable=false mEmulated=true mMtpReserveSpace=100 
D/MountService( 2283):     mAllowMassStorage=false mMaxFileSize=0 mOwner=UserHandle{0} mUuid=null 
D/MountService( 2283):     mUserLabel=null mState=null 
D/MountService( 2283): got storage path: /storage/sdcard1 description: SD card primary: false removable: true emulated: false mtpReserve: 0 allowMassStorage: true maxFileSize: 0
D/MountService( 2283): addVolumeLocked() StorageVolume:
D/MountService( 2283):     mStorageId=0 mPath=/storage/sdcard1 mDescriptionId=17039385 mPrimary=false 
D/MountService( 2283):     mRemovable=true mEmulated=false mMtpReserveSpace=0 mAllowMassStorage=true 
D/MountService( 2283):     mMaxFileSize=0 mOwner=null mUuid=null mUserLabel=null mState=null 
D/MountService( 2283): got storage path: /storage/usbdisk0 description: USB storage primary: false removable: true emulated: false mtpReserve: 0 allowMassStorage: false maxFileSize: 0
D/MountService( 2283): addVolumeLocked() StorageVolume:
D/MountService( 2283):     mStorageId=0 mPath=/storage/usbdisk0 mDescriptionId=17039386 
D/MountService( 2283):     mPrimary=false mRemovable=true mEmulated=false mMtpReserveSpace=0 
D/MountService( 2283):     mAllowMassStorage=false mMaxFileSize=0 mOwner=null mUuid=null 
D/MountService( 2283):     mUserLabel=null mState=null 
I/SystemServer( 2283): LockSettingsService
I/SystemServer( 2283): Device Policy
I/SystemServer( 2283): Status Bar
I/PackageManager( 2283): No secure containers on sdcard
I/SystemServer( 2283): Clipboard Service
W/MountService( 2283): Duplicate state transition (unmounted -> unmounted) for /storage/sdcard1
D/MountService( 2283): volume state changed for /storage/usbdisk0 (unmounted -> removed)
I/SystemServer( 2283): TorchService
I/SystemServer( 2283): NetworkManagement Service
W/PackageManager( 2283): Not granting permission android.permission.WRITE_MEDIA_STORAGE to package com.android.soundrecorder (protectionLevel=18 flags=0x8be45)
W/PackageManager( 2283): Unknown permission com.baidu.permission.QCCLOUD_PROVIDER in package com.android.contacts
I/SystemServer( 2283): Text Service Manager Service
W/PackageManager( 2283): Unknown permission com.android.launcher.permission.READ_SETTINGS in package com.google.android.onetimeinitializer
W/PackageManager( 2283): Unknown permission com.android.launcher.permission.WRITE_SETTINGS in package com.google.android.onetimeinitializer
W/PackageManager( 2283): Unknown permission com.android.launcher.permission.PRELOAD_WORKSPACE in package com.google.android.partnersetup
W/PackageManager( 2283): Unknown permission com.android.vending.billing.IBillingAccountService.BIND2 in package com.google.android.gsf.login
W/PackageManager( 2283): Unknown permission com.android.chrome.TOS_ACKED in package com.google.android.gsf.login
W/PackageManager( 2283): Unknown permission com.google.android.gallery3d.permission.GALLERY_PROVIDER in package com.android.bluetooth
W/PackageManager( 2283): Not granting permission android.permission.ACCESS_DOWNLOAD_MANAGER to package com.android.browser (protectionLevel=18 flags=0x49be45)
W/PackageManager( 2283): Not granting permission android.permission.SEND_DOWNLOAD_COMPLETED_INTENTS to package com.android.browser (protectionLevel=2 flags=0x49be45)
W/PackageManager( 2283): Not granting permission android.permission.BIND_WALLPAPER to package com.android.camera2 (protectionLevel=18 flags=0x58bc45)
W/PackageManager( 2283): Not granting permission com.android.gallery3d.permission.STORAGE_CHANGE to package com.android.camera2 (protectionLevel=18 flags=0x58bc45)
W/PackageManager( 2283): Unknown permission android.permission.INSTALL_DRM in package com.android.mms
W/PackageManager( 2283): Unknown permission com.cyanogenmod.filemanager.permissions.READ_THEME in package com.cyanogenmod.filemanager
D/EventHub( 2283): No input device configuration file found for device 'light_sensor'.
W/PackageManager( 2283): Unknown permission android.permission.MMS_PUSH in package org.codeaurora.bluetooth
W/PackageManager( 2283): Unknown permission android.permission.RECOVERY in package com.google.android.gms
W/PackageManager( 2283): Not granting permission android.permission.READ_DREAM_STATE to package com.google.android.gms (protectionLevel=2 flags=0x40483e45)
W/PackageManager( 2283): Unknown permission android.permission.PROVIDE_TRUST_AGENT in package com.google.android.gms
W/PackageManager( 2283): Unknown permission com.google.android.apps.enterprise.dmagent.permission.AutoSyncPermission in package com.google.android.gms
W/PackageManager( 2283): Unknown permission android.permission.MANAGE_VOICE_KEYPHRASES in package com.google.android.gms
W/PackageManager( 2283): Unknown permission com.google.android.hangouts.START_HANGOUT in package com.google.android.gms
W/PackageManager( 2283): Unknown permission android.permission.READ_WIFI_CREDENTIAL in package com.google.android.gms
W/PackageManager( 2283): Unknown permission android.permission.CONTROL_INCALL_EXPERIENCE in package com.google.android.gms
W/PackageManager( 2283): Unknown permission android.permission.USER_ACTIVITY in package com.google.android.gms
W/PackageManager( 2283): Unknown permission com.google.android.wearable.READ_SETTINGS in package com.google.android.gms
W/PackageManager( 2283): Unknown permission android.permission.SCORE_NETWORKS in package com.google.android.gms
W/PackageManager( 2283): Unknown permission android.permission.BODY_SENSORS in package com.google.android.gms
W/PackageManager( 2283): Unknown permission com.google.android.gallery3d.permission.PICASA_STORE in package com.android.dreams.phototable
W/PackageManager( 2283): Unknown permission android.permission.READ_OWNER_DATA in package com.google.android.setupwizard
W/PackageManager( 2283): Unknown permission android.permission.WRITE_OWNER_DATA in package com.google.android.setupwizard
W/PackageManager( 2283): Unknown permission com.android.launcher.permission.READ_SETTINGS in package com.android.settings
W/PackageManager( 2283): Unknown permission com.android.launcher.permission.WRITE_SETTINGS in package com.android.settings
W/PackageManager( 2283): Unknown permission android.permission.CHANGE_PRIVACY_GUARD_STATE in package com.android.settings
W/PackageManager( 2283): Unknown permission com.android.launcher.permission.READ_SETTINGS in package com.cyanogenmod.trebuchet
W/PackageManager( 2283): Unknown permission com.android.launcher.permission.WRITE_SETTINGS in package com.cyanogenmod.trebuchet
W/PackageManager( 2283): Unknown permission com.google.android.voicesearch.SHORTCUTS_ACCESS in package com.google.android.googlequicksearchbox
W/PackageManager( 2283): Unknown permission com.google.android.voicesearch.ACCESS_SETTINGS in package com.google.android.googlequicksearchbox
W/PackageManager( 2283): Unknown permission com.google.android.ears.permission.WRITE in package com.google.android.googlequicksearchbox
W/PackageManager( 2283): Unknown permission com.google.googlenav.friend.permission.OPT_IN in package com.google.android.googlequicksearchbox
W/PackageManager( 2283): Unknown permission com.google.android.apps.maps.permission.PREFETCH in package com.google.android.googlequicksearchbox
W/PackageManager( 2283): Unknown permission com.google.android.apps.googlevoice.permission.AUTO_SEND in package com.google.android.googlequicksearchbox
W/PackageManager( 2283): Unknown permission com.google.android.gm.permission.AUTO_SEND in package com.google.android.googlequicksearchbox
W/PackageManager( 2283): Unknown permission com.google.android.hangouts.START_HANGOUT in package com.google.android.googlequicksearchbox
W/PackageManager( 2283): Unknown permission com.android.chrome.PRERENDER_URL in package com.google.android.googlequicksearchbox
W/PackageManager( 2283): Unknown permission com.google.android.launcher.permission.CONTENT_REDIRECT in package com.google.android.googlequicksearchbox
W/PackageManager( 2283): Not granting permission com.android.launcher3.permission.RECEIVE_LAUNCH_BROADCASTS to package com.google.android.googlequicksearchbox (protectionLevel=2 flags=0x40dbbe45)
W/PackageManager( 2283): Not granting permission android.permission.SEND_DOWNLOAD_COMPLETED_INTENTS to package com.android.vending (protectionLevel=2 flags=0x400abe45)
W/PackageManager( 2283): Unknown permission android.permission.SEND_SMS_NO_CONFIRMATION in package com.android.vending
W/PackageManager( 2283): Unknown permission android.permission.CANCEL_NOTIFICATIONS in package org.cyanogenmod.theme.chooser
W/PackageManager( 2283): Unknown permission com.cyngn.cmstats.SEND_ANALYTICS in package com.android.dialer
W/PackageManager( 2283): Not granting permission android.permission.DEVICE_POWER to package com.android.deskclock (protectionLevel=2 flags=0x48be45)
W/PackageManager( 2283): Unknown permission com.android.deskclock.worldclock.permissions.WRITE_DATABASE in package com.android.deskclock
W/PackageManager( 2283): Not granting permission android.permission.READ_DREAM_STATE to package com.google.android.gsf (protectionLevel=2 flags=0x40083e45)
W/PackageManager( 2283): Unknown permission android.permission.CANCEL_NOTIFICATIONS in package org.cyanogenmod.voiceplus
D/EventHub( 2283): No input device configuration file found for device 'proximity_sensor'.
I/SystemServer( 2283): NetworkStats Service
I/SystemServer( 2283): NetworkPolicy Service
D/EventHub( 2283): No input device configuration file found for device 'gyro_sensor'.
D/AkmSensor( 2283): MeasureSNGLoop: interval.interval = 66667000, doze_max = 65333, prms->enabled = 2
I/SystemServer( 2283): Wi-Fi P2pService
I/SystemServer( 2283): Wi-Fi Service
D/EventHub( 2283): No input device configuration file found for device 'sii9234_rcp'.
W/EventHub( 2283): Unable to disable kernel key repeat for /dev/input/event3: Function not implemented
I/EventHub( 2283): New device: id=6, fd=122, path='/dev/input/event3', name='sii9234_rcp', classes=0x1, configuration='', keyLayout='/system/usr/keylayout/sii9234_rcp.kl', keyCharacterMap='/system/usr/keychars/Generic.kcm', builtinKeyboard=false, usingSuspendBlockIoctl=true, usingClockIoctl=false
E/EventHub( 2283): could not get driver version for /dev/input/mice, Not a typewriter
D/WifiController( 2283): isAirplaneModeOn = false, isWifiEnabled = false, isScanningAvailable = false
I/SystemServer( 2283): Connectivity Service
D/ConnectivityService( 2283): ConnectivityService starting up
D/ConnectivityService( 2283): wifiOnly=false
E/ConnectivityService( 2283): Ignoring protectedNetwork 10
E/ConnectivityService( 2283): Ignoring protectedNetwork 11
E/ConnectivityService( 2283): Ignoring protectedNetwork 12
E/ConnectivityService( 2283): Ignoring protectedNetwork 14
D/BluetoothTethering( 2283): startMonitoring: target: Handler (com.android.server.ConnectivityService$NetworkStateTrackerHandler) {427b4658}
D/BluetoothTethering( 2283): startMonitoring: mCsHandler: Handler (com.android.server.ConnectivityService$NetworkStateTrackerHandler) {427b4658}
D/BluetoothManagerService( 2283): Message: 20
D/BluetoothManagerService( 2283): Added callback: android.bluetooth.BluetoothAdapter$2@42797a40:true
D/BluetoothManagerService( 2283): Message: 30
W/ContextImpl( 2283): Calling a method in the system process without a qualified user: android.app.ContextImpl.bindService:1607 android.bluetooth.BluetoothPan.doBind:148 android.bluetooth.BluetoothPan.<init>:141 android.bluetooth.BluetoothAdapter.getProfileProxy:1378 android.bluetooth.BluetoothTetheringDataTracker.startMonitoring:116 
E/MobileDataStateTracker( 2283): default: Ignoring feature request because could not acquire PhoneService
E/MobileDataStateTracker( 2283): default: Could not enable APN type "default"
D/Tethering( 2283): exception when get active network info:java.lang.NullPointerException
I/WifiService( 2283): WifiService starting up with Wi-Fi disabled
I/SystemServer( 2283): Network Service Discovery Service
D/NsdService( 2283): Network service discovery enabled true
I/SystemServer( 2283): UpdateLock Service
D/EventHub( 2283): No input device configuration file found for device 'Midas_WM1811 Midas Jack'.
W/EventHub( 2283): Unable to disable kernel key repeat for /dev/input/event8: Function not implemented
I/EventHub( 2283): New device: id=7, fd=139, path='/dev/input/event8', name='Midas_WM1811 Midas Jack', classes=0x81, configuration='', keyLayout='/system/usr/keylayout/Generic.kl', keyCharacterMap='/system/usr/keychars/Generic.kcm', builtinKeyboard=false, usingSuspendBlockIoctl=true, usingClockIoctl=false
D/EventHub( 2283): No input device configuration file found for device 'gpio-keys'.
W/EventHub( 2283): Unable to disable kernel key repeat for /dev/input/event1: Function not implemented
I/EventHub( 2283): New device: id=8, fd=140, path='/dev/input/event1', name='gpio-keys', classes=0x1, configuration='', keyLayout='/system/usr/keylayout/gpio-keys.kl', keyCharacterMap='/system/usr/keychars/Generic.kcm', builtinKeyboard=false, usingSuspendBlockIoctl=true, usingClockIoctl=false
D/EventHub( 2283): No input device configuration file found for device 'max77693-muic'.
I/EventHub( 2283): New device: id=9, fd=142, path='/dev/input/event0', name='max77693-muic', classes=0x1, configuration='', keyLayout='/system/usr/keylayout/Generic.kl', keyCharacterMap='/system/usr/keychars/Generic.kcm', builtinKeyboard=false, usingSuspendBlockIoctl=true, usingClockIoctl=false
D/EventHub( 2283): No input device configuration file found for device 'sec_touchkey'.
W/EventHub( 2283): Unable to disable kernel key repeat for /dev/input/event9: Function not implemented
I/EventHub( 2283): New device: id=10, fd=143, path='/dev/input/event9', name='sec_touchkey', classes=0x1, configuration='', keyLayout='/system/usr/keylayout/sec_touchkey.kl', keyCharacterMap='/system/usr/keychars/Generic.kcm', builtinKeyboard=false, usingSuspendBlockIoctl=true, usingClockIoctl=false
I/EventHub( 2283): New device: id=11, fd=141, path='/dev/input/event2', name='sec_touchscreen', classes=0x14, configuration='/system/usr/idc/sec_touchscreen.idc', keyLayout='', keyCharacterMap='', builtinKeyboard=false, usingSuspendBlockIoctl=true, usingClockIoctl=false
I/InputReader( 2283): Device added: id=-1, name='Virtual', sources=0x00000301
I/InputReader( 2283):   Touch device 'sec_touchscreen' could not query the properties of its associated display.  The device will be inoperable until the display size becomes available.
I/InputReader( 2283): Device added: id=11, name='sec_touchscreen', sources=0x00001002
I/InputReader( 2283): Device added: id=10, name='sec_touchkey', sources=0x00000101
I/InputReader( 2283): Device added: id=9, name='max77693-muic', sources=0x00000101
I/InputReader( 2283): Device added: id=8, name='gpio-keys', sources=0x00000101
I/InputReader( 2283): Device added: id=7, name='Midas_WM1811 Midas Jack', sources=0x80000101
I/InputReader( 2283): Device added: id=6, name='sii9234_rcp', sources=0x00000101
I/InputReader( 2283): Reconfiguring input devices.  changes=0x00000004
I/InputReader( 2283): Device reconfigured: id=11, name='sec_touchscreen', size 720x1280, orientation 0, mode 1, display id 0
I/ActivityManager( 2283): Config changes=8 {1.0 ?mcc?mnc en_US ldltr sw360dp w360dp h615dp 320dpi nrml long port ?uimode ?night finger -keyb/v/h -nav/h s.4 themeResource=null}
V/ProfileTriggerHelper( 2283): Enabling
I/SystemServer( 2283): Profile Manager
D/ProfileService( 2283): Found active: 3e051235-45d9-4590-b09b-ffc127333c5d
D/ProfileService( 2283): Set active profile to: 3e051235-45d9-4590-b09b-ffc127333c5d - Default
D/ProfileService( 2283): Saving profile data...
D/ProfileService( 2283): Save completed.
I/SystemServer( 2283): Notification Manager
I/SystemServer( 2283): Device Storage Monitor
I/SystemServer( 2283): Location Manager
I/SystemServer( 2283): Country Detector
I/SystemServer( 2283): Search Service
I/SystemServer( 2283): DropBox Service
I/SystemServer( 2283): Wallpaper Service
W/WallpaperService( 2283): no current wallpaper -- first boot?
I/SystemServer( 2283): Audio Service
D/WifiHW  ( 2283): Unable to unload driver module "dhd": No such file or directory
I/VolumePanel( 2283): changeOverlayStyle : 1
I/SystemServer( 2283): Dock Observer
I/SystemServer( 2283): Wired Accessory Manager
W/WiredAccessoryManager( 2283): This kernel does not have usb audio support
W/WiredAccessoryManager( 2283): This kernel does not have Motorola EMU audio support
I/SystemServer( 2283): USB Service
I/SystemServer( 2283): Serial Service
I/SystemServer( 2283): Twilight Service
I/SystemServer( 2283): UI Mode Manager Service
I/SystemServer( 2283): Backup Service
V/BackupManagerService( 2283): Initializing package tracking
V/BackupManagerService( 2283): No ancestral data
V/BackupManagerService( 2283): addPackageParticipantsLocked: all
I/BackupManagerService( 2283): Scheduling backup for new app com.android.calendar
D/BackupManagerService( 2283): Now staging backup of com.android.calendar
I/BackupManagerService( 2283): Scheduling backup for new app com.android.browser
D/BackupManagerService( 2283): Now staging backup of com.android.browser
I/BackupManagerService( 2283): Scheduling backup for new app com.android.nfc
D/BackupManagerService( 2283): Now staging backup of com.android.nfc
I/BackupManagerService( 2283): Scheduling backup for new app com.android.providers.userdictionary
D/BackupManagerService( 2283): Now staging backup of com.android.providers.userdictionary
I/BackupManagerService( 2283): Scheduling backup for new app com.android.sharedstoragebackup
D/BackupManagerService( 2283): Now staging backup of com.android.sharedstoragebackup
I/BackupManagerService( 2283): Scheduling backup for new app android
D/BackupManagerService( 2283): Now staging backup of android
I/BackupManagerService( 2283): Scheduling backup for new app com.google.android.googlequicksearchbox
D/BackupManagerService( 2283): Now staging backup of com.google.android.googlequicksearchbox
I/BackupManagerService( 2283): Scheduling backup for new app com.android.vending
D/BackupManagerService( 2283): Now staging backup of com.android.vending
I/BackupManagerService( 2283): Scheduling backup for new app com.android.providers.telephony
D/BackupManagerService( 2283): Now staging backup of com.android.providers.telephony
I/BackupManagerService( 2283): Scheduling backup for new app com.android.dialer
D/BackupManagerService( 2283): Now staging backup of com.android.dialer
I/BackupManagerService( 2283): Scheduling backup for new app com.android.providers.settings
D/BackupManagerService( 2283): Now staging backup of com.android.providers.settings
V/BackupManagerService( 2283): Starting with transport com.google.android.backup/.BackupTransportService
V/BackupManagerService( 2283): Found transports: 2
I/BackupManagerService( 2283): Binding to transport host ComponentInfo{android/com.android.internal.backup.LocalTransportService}
I/BackupManagerService( 2283): Binding to transport host ComponentInfo{com.google.android.backuptransport/com.google.android.backup.BackupTransportService}
I/BackupManagerService( 2283): Found stale backup journal, scheduling
I/BackupManagerService( 2283):   com.android.calendar
I/BackupManagerService( 2283):   com.android.browser
I/BackupManagerService( 2283):   com.android.nfc
I/BackupManagerService( 2283):   com.android.providers.userdictionary
I/BackupManagerService( 2283):   com.android.sharedstoragebackup
I/BackupManagerService( 2283):   android
I/BackupManagerService( 2283):   com.google.android.googlequicksearchbox
I/BackupManagerService( 2283):   com.android.vending
I/BackupManagerService( 2283):   com.android.providers.telephony
I/BackupManagerService( 2283):   com.android.dialer
I/BackupManagerService( 2283):   com.android.providers.settings
I/BackupManagerService( 2283): Backup enabled => false
I/BackupManagerService( 2283): Opting out of backup
I/SystemServer( 2283): AppWidget Service
I/SystemServer( 2283): Recognition Service
I/SystemServer( 2283): DiskStats Service
I/SystemServer( 2283): SamplingProfiler Service
I/SystemServer( 2283): NetworkTimeUpdateService
I/SystemServer( 2283): CommonTimeManagementService
I/SystemServer( 2283): CertBlacklister
I/SystemServer( 2283): Dreams Service
I/SystemServer( 2283): Assets Atlas Service
D/Atlas   ( 2283): Computing best atlas configuration...
D/Atlas   ( 2283): Running Atlas Worker #1
D/Atlas   ( 2283): Running Atlas Worker #2
D/Atlas   ( 2283): Running Atlas Worker #3
D/Atlas   ( 2283): Running Atlas Worker #4
I/SystemServer( 2283): IdleMaintenanceService
I/SystemServer( 2283): Print Service
I/com.android.server.ThemeService( 2283): Spawned worker thread
I/SystemServer( 2283): Theme Service
I/SystemServer( 2283): Media Router Service
I/SystemServer( 2283): EdgeGesture service
I/WindowManager( 2283): SAFE MODE not enabled
D/dalvikvm( 2283): JIT started for system_server
E/Atlas   ( 2283): Could not find any configuration!!!
D/Atlas   ( 2283): Loaded configuration: null
I/Zygote  ( 2283): Process: zygote socket opened
V/Zygote  ( 2389): Switching descriptor 32 to /dev/null
V/Zygote  ( 2389): Switching descriptor 9 to /dev/null
I/ActivityManager( 2283): Start proc com.android.systemui for service com.android.keyguard/.KeyguardService: pid=2389 uid=10008 gids={50008, 1028, 1015, 1035, 1006, 3002, 3001}
D/lights  ( 2283): set_light_buttons: 2
I/AppOps  ( 2283): Pruning old package media/1013: new uid=-1
I/ActivityManager( 2283): System now ready
I/SystemServer( 2283): Making services ready
D/NetworkManagementService( 2283): enabling bandwidth control
I/Vold    ( 1899): /dev/block/vold/179:17 being considered for volume sdcard1
D/Vold    ( 1899): Volume sdcard1 state changing 1 (Idle-Unmounted) -> 3 (Checking)
D/Vold    ( 1899): Trying to get filesystem type for /dev/block/vold/179:17 
D/MountService( 2283): volume state changed for /storage/sdcard1 (unmounted -> checking)
D/MountService( 2283): sendStorageIntent Intent { act=android.intent.action.MEDIA_CHECKING dat=file:///storage/sdcard1 (has extras) } to UserHandle{-1}
D/ActivityThread( 2389): handleBindApplication:com.android.systemui
D/ActivityThread( 2389): setTargetHeapUtilization:0.75
D/ActivityThread( 2389): setTargetHeapMinFree:2097152
D/Vold    ( 1899): Found vfat filesystem on /dev/block/vold/179:17
I/fsck_msdos( 1899): ** /dev/block/vold/179:17
I/fsck_msdos( 1899): ** Phase 1 - Read and Compare FATs
I/fsck_msdos( 1899): Attempting to allocate 1871 KB for FAT
V/KeyguardService( 2389): onCreate()
D/SystemUIService( 2389): loading: class com.android.systemui.recent.Recents
D/SystemUIService( 2389): running: com.android.systemui.recent.Recents@4227b1f0
D/SystemUIService( 2389): loading: class com.android.systemui.statusbar.SystemBars
D/SystemUIService( 2389): running: com.android.systemui.statusbar.SystemBars@4227b7d8
E/SEC_COMP_REGS( 1907): .
E/SEC_COMP_REGS( 1907): ..
E/SEC_COMP_REGS( 1907): libOMX.SEC.AVC.Decoder.so
E/SEC_COMP_REGS( 1907): Path & libName : /system/lib/omx/libOMX.SEC.AVC.Decoder.so
D/SystemUIService( 2389): loading: class com.android.systemui.usb.StorageNotification
D/SystemUIService( 2389): running: com.android.systemui.usb.StorageNotification@4227d498
I/fsck_msdos( 1899): Attempting to allocate 1871 KB for FAT
D/SystemUIService( 2389): loading: class com.android.systemui.power.PowerUI
E/SEC_COMP_REGS( 1907): libOMX.SEC.AVC.Encoder.so
E/SEC_COMP_REGS( 1907): Path & libName : /system/lib/omx/libOMX.SEC.AVC.Encoder.so
D/SystemUIService( 2389): running: com.android.systemui.power.PowerUI@4227ed00
D/SystemUIService( 2389): loading: class com.android.systemui.media.RingtonePlayer
D/SystemUIService( 2389): running: com.android.systemui.media.RingtonePlayer@42280188
E/SEC_COMP_REGS( 1907): libOMX.SEC.M4V.Decoder.so
E/SEC_COMP_REGS( 1907): Path & libName : /system/lib/omx/libOMX.SEC.M4V.Decoder.so
D/SystemUIService( 2389): loading: class com.android.systemui.settings.SettingsUI
D/SystemUIService( 2389): running: com.android.systemui.settings.SettingsUI@422813c8
E/SEC_COMP_REGS( 1907): libOMX.SEC.M4V.Encoder.so
E/SEC_COMP_REGS( 1907): Path & libName : /system/lib/omx/libOMX.SEC.M4V.Encoder.so
E/SEC_COMP_REGS( 1907): libOMX.SEC.WMV.Decoder.so
E/SEC_COMP_REGS( 1907): Path & libName : /system/lib/omx/libOMX.SEC.WMV.Decoder.so
D/AwesomePlayer( 1907): Before reset_l
D/BluetoothAdapter( 2389): 1109975616: getState() :  mService = null. Returning STATE_OFF
D/BluetoothAdapter( 2389): 1109975616: getState() :  mService = null. Returning STATE_OFF
D/BluetoothManagerService( 2283): Message: 20
D/BluetoothManagerService( 2283): Added callback: android.bluetooth.IBluetoothManagerCallback$Stub$Proxy@426f4308:true
D/PhoneStatusBar( 2389): mSettingsPanelGravity = 55
I/StatusBarManagerService( 2283): registerStatusBar bar=com.android.internal.statusbar.IStatusBar$Stub$Proxy@425e9a30
E/cutils-trace( 1907): Error opening trace file: No such file or directory (2)
D/OMXCodec( 1907): Successfully allocated OMX node 'OMX.google.vorbis.decoder'
I/OMXCodec( 1907): Codec outputs a different number of channels than the input stream contains (contains 2 channels, codec outputs 1 channels).
I/AwesomePlayer( 1907): Could not offload audio decode, try pcm offload
I/OMXCodec( 1907): [OMX.google.vorbis.decoder] allocating 4 buffers of size 8192 on input port
I/OMXCodec( 1907): [OMX.google.vorbis.decoder] allocated buffer 0x417e2d10 on input port
I/OMXCodec( 1907): [OMX.google.vorbis.decoder] allocated buffer 0x417e2ed8 on input port
I/OMXCodec( 1907): [OMX.google.vorbis.decoder] allocated buffer 0x417e2fa8 on input port
I/OMXCodec( 1907): [OMX.google.vorbis.decoder] allocated buffer 0x417e06e0 on input port
I/OMXCodec( 1907): [OMX.google.vorbis.decoder] allocating 4 buffers of size 32768 on output port
I/OMXCodec( 1907): [OMX.google.vorbis.decoder] allocated buffer 0x417e0868 on output port
I/OMXCodec( 1907): [OMX.google.vorbis.decoder] allocated buffer 0x417e0a88 on output port
I/OMXCodec( 1907): [OMX.google.vorbis.decoder] allocated buffer 0x417e0bc8 on output port
I/OMXCodec( 1907): [OMX.google.vorbis.decoder] allocated buffer 0x417e0cf0 on output port
D/AudioPlayer( 1907): start of Playback, useOffload 0
I/OMXNodeInstance( 1907): OMX_FreeBuffer for buffer header 0x417e0868 successful
I/OMXNodeInstance( 1907): OMX_FreeBuffer for buffer header 0x417e0a88 successful
I/OMXNodeInstance( 1907): OMX_FreeBuffer for buffer header 0x417e0bc8 successful
I/OMXNodeInstance( 1907): OMX_FreeBuffer for buffer header 0x417e0cf0 successful
I/OMXCodec( 1907): [OMX.google.vorbis.decoder] allocating 4 buffers of size 32768 on output port
I/OMXCodec( 1907): [OMX.google.vorbis.decoder] allocated buffer 0x417e0738 on output port
I/OMXCodec( 1907): [OMX.google.vorbis.decoder] allocated buffer 0x417e63f8 on output port
I/OMXCodec( 1907): [OMX.google.vorbis.decoder] allocated buffer 0x417e0950 on output port
I/OMXCodec( 1907): [OMX.google.vorbis.decoder] allocated buffer 0x417e0a58 on output port
D/AudioPlayer( 1907): Pause Playback at 226507
D/AudioPlayer( 1907): reset: mPlaying=0 mReachedEOS=1 useOffload=0
I/OMXNodeInstance( 1907): OMX_FreeBuffer for buffer header 0x417e06e0 successful
I/OMXNodeInstance( 1907): OMX_FreeBuffer for buffer header 0x417e2fa8 successful
I/OMXNodeInstance( 1907): OMX_FreeBuffer for buffer header 0x417e2ed8 successful
I/OMXNodeInstance( 1907): OMX_FreeBuffer for buffer header 0x417e2d10 successful
I/OMXNodeInstance( 1907): OMX_FreeBuffer for buffer header 0x417e0a58 successful
I/OMXNodeInstance( 1907): OMX_FreeBuffer for buffer header 0x417e0950 successful
I/OMXNodeInstance( 1907): OMX_FreeBuffer for buffer header 0x417e63f8 successful
I/OMXNodeInstance( 1907): OMX_FreeBuffer for buffer header 0x417e0738 successful
D/AwesomePlayer( 1907): Before reset_l
D/OMXCodec( 1907): Successfully allocated OMX node 'OMX.google.vorbis.decoder'
I/OMXCodec( 1907): Codec outputs a different number of channels than the input stream contains (contains 2 channels, codec outputs 1 channels).
I/AwesomePlayer( 1907): Could not offload audio decode, try pcm offload
I/OMXCodec( 1907): [OMX.google.vorbis.decoder] allocating 4 buffers of size 8192 on input port
I/OMXCodec( 1907): [OMX.google.vorbis.decoder] allocated buffer 0x417e03b0 on input port
I/OMXCodec( 1907): [OMX.google.vorbis.decoder] allocated buffer 0x417e0578 on input port
I/OMXCodec( 1907): [OMX.google.vorbis.decoder] allocated buffer 0x417e0630 on input port
I/OMXCodec( 1907): [OMX.google.vorbis.decoder] allocated buffer 0x417e0710 on input port
I/OMXCodec( 1907): [OMX.google.vorbis.decoder] allocating 4 buffers of size 32768 on output port
I/OMXCodec( 1907): [OMX.google.vorbis.decoder] allocated buffer 0x411da840 on output port
I/OMXCodec( 1907): [OMX.google.vorbis.decoder] allocated buffer 0x400c7350 on output port
I/OMXCodec( 1907): [OMX.google.vorbis.decoder] allocated buffer 0x400c7490 on output port
I/OMXCodec( 1907): [OMX.google.vorbis.decoder] allocated buffer 0x400c75b8 on output port
D/AudioPlayer( 1907): start of Playback, useOffload 0
I/OMXNodeInstance( 1907): OMX_FreeBuffer for buffer header 0x411da840 successful
I/OMXNodeInstance( 1907): OMX_FreeBuffer for buffer header 0x400c7350 successful
I/OMXNodeInstance( 1907): OMX_FreeBuffer for buffer header 0x400c7490 successful
I/OMXNodeInstance( 1907): OMX_FreeBuffer for buffer header 0x400c75b8 successful
I/OMXCodec( 1907): [OMX.google.vorbis.decoder] allocating 4 buffers of size 32768 on output port
I/OMXCodec( 1907): [OMX.google.vorbis.decoder] allocated buffer 0x417e0780 on output port
I/OMXCodec( 1907): [OMX.google.vorbis.decoder] allocated buffer 0x417e7ab0 on output port
I/OMXCodec( 1907): [OMX.google.vorbis.decoder] allocated buffer 0x417e6e58 on output port
I/OMXCodec( 1907): [OMX.google.vorbis.decoder] allocated buffer 0x417e6f68 on output port
D/AudioPlayer( 1907): Pause Playback at 188866
D/AudioPlayer( 1907): reset: mPlaying=0 mReachedEOS=1 useOffload=0
I/OMXNodeInstance( 1907): OMX_FreeBuffer for buffer header 0x417e0710 successful
I/OMXNodeInstance( 1907): OMX_FreeBuffer for buffer header 0x417e0630 successful
I/OMXNodeInstance( 1907): OMX_FreeBuffer for buffer header 0x417e0578 successful
I/OMXNodeInstance( 1907): OMX_FreeBuffer for buffer header 0x417e03b0 successful
I/OMXNodeInstance( 1907): OMX_FreeBuffer for buffer header 0x417e6f68 successful
I/OMXNodeInstance( 1907): OMX_FreeBuffer for buffer header 0x417e6e58 successful
I/OMXNodeInstance( 1907): OMX_FreeBuffer for buffer header 0x417e7ab0 successful
I/OMXNodeInstance( 1907): OMX_FreeBuffer for buffer header 0x417e0780 successful
I/fsck_msdos( 1899): ** Phase 2 - Check Cluster Chains
W/Settings( 2283): Setting usb_mass_storage_enabled has moved from android.provider.Settings.Secure to android.provider.Settings.Global.
V/Zygote  ( 2462): Switching descriptor 32 to /dev/null
V/Zygote  ( 2462): Switching descriptor 9 to /dev/null
I/ActivityManager( 2283): Start proc android.process.media for broadcast com.android.providers.media/.MtpReceiver: pid=2462 uid=10006 gids={50006, 1028, 1015, 1023, 1024, 2001, 3003, 3007}
I/ActivityManager( 2283): Config changes=200 {1.0 ?mcc?mnc en_US ldltr sw360dp w360dp h615dp 320dpi nrml long port finger -keyb/v/h -nav/h s.5 themeResource=null}
W/ContextImpl( 2283): Calling a method in the system process without a qualified user: android.app.ContextImpl.sendBroadcast:1187 com.android.server.usb.UsbSettingsManager.deviceAttached:621 com.android.server.usb.UsbHostManager.usbDeviceAdded:156 com.android.server.usb.UsbHostManager.monitorUsbHostBus:-2 com.android.server.usb.UsbHostManager.access$000:38 
I/fsck_msdos( 1899): ** Phase 3 - Checking Directories
D/ActivityThread( 2462): handleBindApplication:android.process.media
D/ActivityThread( 2462): setTargetHeapUtilization:0.75
D/ActivityThread( 2462): setTargetHeapMinFree:2097152
I/QuickSettingsController( 2389): Default tiles being loaded
I/QuickSettingsController( 2389): Tiles list: toggleUser|toggleBrightness|toggleSettings|toggleWifi|toggleMobileData|toggleGPS|toggleFlashlight|toggleBattery|toggleAirplane|toggleBluetooth|toggleAutoRotate
W/InputMethodManagerService( 2283): Ignoring setImeWindowStatus of uid 1000 token: null
V/Zygote  ( 2478): Switching descriptor 32 to /dev/null
V/Zygote  ( 2478): Switching descriptor 9 to /dev/null
I/ActivityManager( 2283): Start proc android.process.acore for content provider com.android.providers.contacts/.ContactsProvider2: pid=2478 uid=10003 gids={50003, 3003, 1028, 1015}
V/Zygote  ( 2489): Switching descriptor 32 to /dev/null
V/Zygote  ( 2489): Switching descriptor 9 to /dev/null
I/ActivityManager( 2283): Start proc com.android.inputmethod.latin for service com.android.inputmethod.latin/.LatinIME: pid=2489 uid=10044 gids={50044, 1028, 1015}
V/InputMethodManagerService( 2283): Adding window token: android.os.Binder@42248718
E/libgps  ( 2283): proxy_gps_get_extension: Unsupported GpsInterface extension: "gps_geofencing"
E/libgps  ( 2283): Interface "gps_geofencing" is not supported
D/ActivityThread( 2478): handleBindApplication:android.process.acore
D/ActivityThread( 2478): setTargetHeapUtilization:0.75
D/ActivityThread( 2478): setTargetHeapMinFree:2097152
I/fsck_msdos( 1899): ** Phase 4 - Checking for Lost Files
I/fsck_msdos( 1899): Next free cluster in FSInfo block (26670) not free
I/fsck_msdos( 1899): FIXED
I/fsck_msdos( 1899): 269 files, 514012 free (128503 clusters)
E/FlpHardwareProvider( 2283): Error hw_get_module 'flp': -2
E/FlpHardwareProvider( 2283): Error hw_get_module 'flp': -2
D/ActivityThread( 2489): handleBindApplication:com.android.inputmethod.latin
D/ActivityThread( 2489): setTargetHeapUtilization:0.75
D/ActivityThread( 2489): setTargetHeapMinFree:2097152
I/CommonTimeManagementService( 2283): No common time service detected on this platform.  Common time services will be unavailable.
I/InputReader( 2283): Reconfiguring input devices.  changes=0x00000020
I/InputReader( 2283): Reconfiguring input devices.  changes=0x00000010
I/Vold    ( 1899): Filesystem check completed OK
D/libgps  ( 2283): SendGpsExtensionMessage: Waiting for IPC connection...
I/libgps  ( 2283): Restore: No SUPL config to restore
D/GpsLocationProvider( 2283): set_capabilities_callback: 6u
E/PackageManager( 2283): Unable to find icon pack: holo
V/Zygote  ( 2512): Switching descriptor 32 to /dev/null
V/Zygote  ( 2512): Switching descriptor 9 to /dev/null
D/Vold    ( 1899): blkid identified as /dev/block/vold/179:17: UUID="52B1-D3B3" TYPE="vfat" 
D/Vold    ( 1899): Volume sdcard1 state changing 3 (Checking) -> 4 (Mounted)
I/ActivityManager( 2283): Start proc com.android.phone for added application com.android.phone: pid=2512 uid=1001 gids={41001, 3002, 3001, 3003, 1028, 1015}
E/VoldConnector( 2283): NDC Command {3 volume mount /storage/sdcard1} took too long (698ms)
D/MountService( 2283): volume state changed for /storage/sdcard1 (checking -> mounted)
W/MountService( 2283): Duplicate state transition (mounted -> mounted) for /storage/emulated/0
I/libgps  ( 2283): Save: type=1, hostname=supl.google.com, port=7276, ssl=0, ssl_version=0, ssl_type=0
D/MountService( 2283): sendStorageIntent Intent { act=android.intent.action.MEDIA_MOUNTED dat=file:///storage/sdcard1 (has extras) } to UserHandle{-1}
I/ActivityManager( 2283): Start proc com.bel.android.dspmanager for added application com.bel.android.dspmanager: pid=2523 uid=10035 gids={50035, 3002}
V/Zygote  ( 2523): Switching descriptor 32 to /dev/null
V/Zygote  ( 2523): Switching descriptor 9 to /dev/null
V/Zygote  ( 2530): Switching descriptor 32 to /dev/null
V/Zygote  ( 2530): Switching descriptor 9 to /dev/null
I/ActivityManager( 2283): Start proc com.android.nfc for added application com.android.nfc: pid=2530 uid=1027 gids={41027, 3002, 3001, 1028, 1015}
V/Zygote  ( 2538): Switching descriptor 32 to /dev/null
V/Zygote  ( 2538): Switching descriptor 9 to /dev/null
I/ActivityManager( 2283): Start proc com.android.incallui for added application com.android.incallui: pid=2538 uid=10005 gids={50005, 3003, 1028, 1015, 1006}
I/ActivityManager( 2283): START u0 {act=android.intent.action.MAIN cat=[android.intent.category.HOME] flg=0x10000000 cmp=com.google.android.setupwizard/.SetupWizardActivity} from pid 0
D/Tethering( 2283): exception when get active network info:java.lang.NullPointerException
D/Tethering( 2283): exception when get active network info:java.lang.NullPointerException
V/Zygote  ( 2552): Switching descriptor 32 to /dev/null
V/Zygote  ( 2552): Switching descriptor 9 to /dev/null
I/ActivityManager( 2283): Start proc com.google.android.setupwizard for activity com.google.android.setupwizard/.SetupWizardActivity: pid=2552 uid=10023 gids={50023, 3003}
V/Zygote  ( 2579): Switching descriptor 32 to /dev/null
V/Zygote  ( 2579): Switching descriptor 9 to /dev/null
E/MediaFocusControl( 2283): Error updating focussed RCC to RCD 
E/MediaFocusControl( 2283): java.util.EmptyStackException
E/MediaFocusControl( 2283): 	at java.util.Stack.peek(Stack.java:57)
E/MediaFocusControl( 2283): 	at android.media.MediaFocusControl.registerRemoteControlDisplay_int(MediaFocusControl.java:2238)
E/MediaFocusControl( 2283): 	at android.media.MediaFocusControl.registerRemoteController(MediaFocusControl.java:217)
E/MediaFocusControl( 2283): 	at android.media.AudioService.registerRemoteController(AudioService.java:4497)
E/MediaFocusControl( 2283): 	at android.media.IAudioService$Stub.onTransact(IAudioService.java:614)
E/MediaFocusControl( 2283): 	at android.os.Binder.execTransact(Binder.java:404)
E/MediaFocusControl( 2283): 	at dalvik.system.NativeStart.run(Native Method)
I/ActivityManager( 2283): Start proc com.android.printspooler for service com.android.printspooler/.PrintSpoolerService: pid=2579 uid=10055 gids={50055}
D/ActivityThread( 2512): handleBindApplication:com.android.phone
D/ActivityThread( 2512): setTargetHeapUtilization:0.75
D/ActivityThread( 2512): setTargetHeapMinFree:2097152
I/LatinIME( 2489): Hardware accelerated drawing: true
D/ActivityThread( 2538): handleBindApplication:com.android.incallui
D/ActivityThread( 2538): setTargetHeapUtilization:0.75
D/ActivityThread( 2538): setTargetHeapMinFree:2097152
D/ActivityThread( 2530): handleBindApplication:com.android.nfc
D/ActivityThread( 2530): setTargetHeapUtilization:0.75
D/ActivityThread( 2530): setTargetHeapMinFree:2097152
D/ActivityThread( 2523): handleBindApplication:com.bel.android.dspmanager
D/ActivityThread( 2523): setTargetHeapUtilization:0.75
D/ActivityThread( 2552): handleBindApplication:com.google.android.setupwizard
D/ActivityThread( 2552): setTargetHeapUtilization:0.75
D/ActivityThread( 2552): setTargetHeapMinFree:2097152
D/ActivityThread( 2523): setTargetHeapMinFree:2097152
D/Tethering( 2283): exception when get active network info:java.lang.NullPointerException
I/Choreographer( 2283): Skipped 54 frames!  The application may be doing too much work on its main thread.
D/Tethering( 2283): exception when get active network info:java.lang.NullPointerException
W/InputMethodManagerService( 2283): Focus gain on non-focused client android.view.inputmethod.InputMethodManager$1@427a4268 (uid=1000 pid=2283)
E/SELinux ( 2462): SELinux: Loaded file_contexts from /file_contexts
E/SELinux ( 2462): SELinux:  Could not open /data/system/packages.list:  Permission denied.
D/ActivityThread( 2579): handleBindApplication:com.android.printspooler
D/Tethering( 2283): exception when get active network info:java.lang.NullPointerException
D/ActivityThread( 2579): setTargetHeapUtilization:0.75
D/ActivityThread( 2579): setTargetHeapMinFree:2097152
I/NfcService( 2530): Starting NFC service
V/Zygote  ( 2597): Switching descriptor 32 to /dev/null
V/Zygote  ( 2597): Switching descriptor 9 to /dev/null
I/ActivityManager( 2283): Start proc com.google.android.gms for broadcast com.google.android.gms/com.google.android.location.internal.NlpNetworkProviderSettingsUpdateReceiver: pid=2597 uid=10010 gids={50010, 3003, 1007, 1028, 1015, 1006, 3002, 3001, 3007, 2001, 3006}
I/NFCJNI  ( 2530): NFC Service: loading nxp JNI
I/PrintSpoolerService( 2579): No existing print spooler state.
D/BluetoothManagerService( 2283): Message: 20
D/BluetoothManagerService( 2283): Added callback: android.bluetooth.IBluetoothManagerCallback$Stub$Proxy@42474940:true
D/PhoneStatusBar( 2389): disable: < expand icons alerts ticker system_info back home recent clock search >
D/BluetoothManagerService( 2283): Message: 300
D/BluetoothManagerService( 2283): MESSAGE_USER_SWITCHED
V/BackupManagerService( 2283): Connected to transport ComponentInfo{android/com.android.internal.backup.LocalTransportService}
V/BackupManagerService( 2283): Registering transport android/com.android.internal.backup.LocalTransportService::android/com.android.internal.backup.LocalTransport = com.android.internal.backup.LocalTransport@427254a0
V/PhoneApp( 2512): onCreate()...
I/dalvikvm( 2552): Could not find method android.net.wifi.IWifiManager.setWifiEnabled, referenced from method com.google.android.setupwizard.BaseActivity.tryEnablingWifi
W/dalvikvm( 2552): VFY: unable to resolve interface method 158: Landroid/net/wifi/IWifiManager;.setWifiEnabled (Z)Z
D/dalvikvm( 2552): VFY: replacing opcode 0x72 at 0x0017
I/NfceeAccess( 2530): read 1 signature(s) for NFCEE access
W/Settings( 2530): Setting airplane_mode_radios has moved from android.provider.Settings.System to android.provider.Settings.Global, returning read-only value.
W/Settings( 2530): Setting airplane_mode_toggleable_radios has moved from android.provider.Settings.System to android.provider.Settings.Global, returning read-only value.
I/SetupWizard( 2552): SetupWizardActivity.onCreate(null) LTE == false userID=0
V/SetupWizard( 2552): BaseActivity.onCreate(null) com.google.android.setupwizard.SetupWizardActivity
D/SetupWizard( 2552): BaseActivity.onCreate() mIsFirstRun=true mIsSecondaryUser=false
W/InputAttributes( 2489): No editor info for this field. Bug?
I/ResourceUtils( 2489): Find override value: resource=keypress_vibration_durations build=[HARDWARE=smdk4x12 MODEL=GT-I9300 BRAND=samsung MANUFACTURER=samsung] override=8
I/ResourceUtils( 2489): Found default value: resource=keypress_volumes build=[HARDWARE=smdk4x12 MODEL=GT-I9300 BRAND=samsung MANUFACTURER=samsung] default=-1.0f
D/ActivityThread( 2597): handleBindApplication:com.google.android.gms
D/ActivityThread( 2597): setTargetHeapUtilization:0.75
D/ActivityThread( 2597): setTargetHeapMinFree:2097152
D/SetupWizard( 2552): DEVICE_PROVISIONED=false
D/SetupWizard( 2552): USER_SETUP_COMPLETE=false
D/NfcService( 2530): checking on firmware download
W/Settings( 2530): Setting airplane_mode_on has moved from android.provider.Settings.System to android.provider.Settings.Global, returning read-only value.
D/NfcService( 2530): NFC is on. Doing normal stuff
D/SetupWizard( 2552): startWelcomeActivity() lastActivity=WIFI_ACTIVITY_REQUEST(10004)
I/SetupWizard( 2552): starting activity WELCOME_REQUEST(10001)
I/NfcService( 2530): Enabling NFC
D/CheckConnectionTask( 2552): doInBackground: url=http://clients3.google.com/generate_204
D/NFCJNI  ( 2530): Start Initialization
I/LatinIME:LogUtils( 2489): Dictionary info: dictionary = ? ; version = 26 ; date = 1351062238
I/Timeline( 2552): Timeline: Activity_launch_request id:com.google.android.setupwizard time:17574
I/SetupWizard( 2552): SetupWizardActivity.onCreate() completed
