E/AndroidRuntime( 3226): 	at android.app.ActivityThread.performLaunchActivity(ActivityThread.java:2169)
E/AndroidRuntime( 3226): 	at android.app.ActivityThread.handleLaunchActivity(ActivityThread.java:2271)
E/AndroidRuntime( 3226): 	at android.app.ActivityThread.access$800(ActivityThread.java:144)
E/AndroidRuntime( 3226): 	at android.app.ActivityThread$H.handleMessage(ActivityThread.java:1205)
E/AndroidRuntime( 3226): 	at android.os.Handler.dispatchMessage(Handler.java:102)
E/AndroidRuntime( 3226): 	at android.os.Looper.loop(Looper.java:136)
E/AndroidRuntime( 3226): 	at android.app.ActivityThread.main(ActivityThread.java:5146)
E/AndroidRuntime( 3226): 	at java.lang.reflect.Method.invokeNative(Native Method)
E/AndroidRuntime( 3226): 	at java.lang.reflect.Method.invoke(Method.java:515)
E/AndroidRuntime( 3226): 	at com.android.internal.os.ZygoteInit$MethodAndArgsCaller.run(ZygoteInit.java:732)
E/AndroidRuntime( 3226): 	at com.android.internal.os.ZygoteInit.main(ZygoteInit.java:566)
E/AndroidRuntime( 3226): 	at dalvik.system.NativeStart.main(Native Method)
W/ActivityManager( 2283):   Force finishing activity com.google.android.setupwizard/.WifiSettingsActivity
D/PhoneStatusBar( 2389): disable: < expand icons ALERTS ticker system_info back* HOME RECENT CLOCK SEARCH >
I/CheckinTask( 2597): Sending checkin request (8874 bytes)
W/MediaScanner( 2462): Error opening directory '/storage/emulated/0/ArchiDroid/debian/data/', skipping: Permission denied.
W/ActivityManager( 2283): Activity pause timeout for ActivityRecord{4265d1e0 u0 com.google.android.setupwizard/.WifiSettingsActivity t2 f}
I/InputReader( 2283): Reconfiguring input devices.  changes=0x00000010
I/CheckinResponseProcessor( 2597): From server: 14 gservices updates and 0 deletes
I/PackageManager( 2283):   Action: "android.intent.action.SENDTO"
I/PackageManager( 2283):   Category: "android.intent.category.DEFAULT"
I/PackageManager( 2283):   Scheme: "sms"
I/PackageManager( 2283): Adding preferred activity ComponentInfo{com.android.mms/com.android.mms.ui.ComposeMessageActivity} for user 0 :
I/PackageManager( 2283):   Action: "android.intent.action.SENDTO"
I/PackageManager( 2283):   Category: "android.intent.category.DEFAULT"
I/PackageManager( 2283): Adding preferred activity ComponentInfo{com.android.mms/com.android.mms.ui.ComposeMessageActivity} for user 0 :
I/PackageManager( 2283):   Scheme: "smsto"
E/GCoreFlp( 2636): Bound FusedProviderService with LocationManager
I/PackageManager( 2283):   Action: "android.intent.action.SENDTO"
I/PackageManager( 2283):   Category: "android.intent.category.DEFAULT"
I/PackageManager( 2283):   Scheme: "mms"
I/PackageManager( 2283): Adding preferred activity ComponentInfo{com.android.mms/com.android.mms.ui.ComposeMessageActivity} for user 0 :
I/PackageManager( 2283):   Action: "android.intent.action.SENDTO"
I/PackageManager( 2283):   Category: "android.intent.category.DEFAULT"
I/PackageManager( 2283):   Scheme: "mmsto"
I/PackageManager( 2283): Adding preferred activity ComponentInfo{com.android.mms/com.android.mms.ui.ComposeMessageActivity} for user 0 :
I/PackageManager( 2283):   Action: "android.intent.action.SENDTO"
I/PackageManager( 2283):   Category: "android.intent.category.DEFAULT"
I/PackageManager( 2283):   Scheme: "sms"
I/PackageManager( 2283): Adding preferred activity ComponentInfo{com.android.mms/com.android.mms.ui.ComposeMessageActivity} for user 0 :
I/PackageManager( 2283):   Action: "android.intent.action.SENDTO"
I/PackageManager( 2283):   Category: "android.intent.category.DEFAULT"
I/PackageManager( 2283):   Scheme: "smsto"
I/PackageManager( 2283): Adding preferred activity ComponentInfo{com.android.mms/com.android.mms.ui.ComposeMessageActivity} for user 0 :
I/PackageManager( 2283):   Action: "android.intent.action.SENDTO"
I/PackageManager( 2283):   Category: "android.intent.category.DEFAULT"
I/PackageManager( 2283):   Scheme: "mms"
I/PackageManager( 2283): Adding preferred activity ComponentInfo{com.android.mms/com.android.mms.ui.ComposeMessageActivity} for user 0 :
D/StatusBar.NetworkController( 2389): updateConnectivity: intent=Intent { act=android.net.conn.CONNECTIVITY_CHANGE flg=0x4000010 (has extras) }
D/StatusBar.NetworkController( 2389): updateConnectivity: networkInfo=NetworkInfo: type: mobile[HSPA+], state: CONNECTED/CONNECTED, reason: connected, extra: erainternet, roaming: false, failover: false, isAvailable: true, isConnectedToProvisioningNetwork: false
D/StatusBar.NetworkController( 2389): updateConnectivity: connectionStatus=0
I/PackageManager( 2283):   Action: "android.intent.action.SENDTO"
I/PackageManager( 2283):   Category: "android.intent.category.DEFAULT"
W/BroadcastQueue( 2283): Skipping deliver [background] BroadcastRecord{422484c8 u-1 android.net.conn.CONNECTIVITY_CHANGE} to ReceiverList{428644d8 3226 com.google.android.setupwizard/10023/u0 remote:42819058}: process crashing
I/PackageManager( 2283): Adding preferred activity ComponentInfo{com.android.mms/com.android.mms.ui.ComposeMessageActivity} for user 0 :
I/PackageManager( 2283):   Scheme: "mmsto"
D/Tethering( 2283): MasterInitialState.processMessage what=3
V/GmsNetworkLocationProvi( 2636): DISABLE
D/TelephonyProvider( 2512): Column apn id key is 'apn_id'
D/libgps  ( 2283): proxy_agps_ril_update_network_state: called
D/GpsLocationProvider( 2283): NTP server returned: 1411857133849 (Sun Sep 28 00:32:13 CEST 2014) reference: 28484 certainty: 50 system time offset: -2066
D/libgps  ( 2283): proxy_gps_inject_time: exit
I/GservicesProvider( 2683): main difference update completed
W/BroadcastQueue( 2283): Skipping deliver [background] BroadcastRecord{42242fe0 u0 com.google.gservices.intent.action.GSERVICES_CHANGED} to ReceiverList{4283cc60 3226 com.google.android.setupwizard/10023/u0 remote:42813d10}: process crashing
W/BroadcastQueue( 2283): Skipping deliver [background] BroadcastRecord{42242fe0 u0 com.google.gservices.intent.action.GSERVICES_CHANGED} to ReceiverList{428644d8 3226 com.google.android.setupwizard/10023/u0 remote:42819058}: process crashing
D/AudioPolicyManagerBase( 1907): getOutput() device 2, stream 1, samplingRate 0, format 0, channelMask 3, flags 0
D/AudioPolicyManagerBase( 1907): getOutput() returns output 2
D/AudioPolicyManagerBase( 1907): getOutput() device 2, stream 1, samplingRate 0, format 0, channelMask 3, flags 0
D/AudioPolicyManagerBase( 1907): getOutput() returns output 2
D/AudioPolicyManagerBase( 1907): getOutput() device 2, stream 1, samplingRate 48000, format 1, channelMask 3, flags 4
D/AudioPolicyManagerBase( 1907): getOutput() returns output 2
W/AudioTrack( 2283): AUDIO_OUTPUT_FLAG_FAST denied by client due to mismatching sample rate (48000 vs 44100)
D/AudioFlinger( 1907): start(4098), calling pid 2283 session 22
D/AudioFlinger( 1907): ? => ACTIVE (4098) on thread 0x417e5e98
D/AudioPolicyManagerBase( 1907): startOutput() output 2, stream 1, session 22
I/Process ( 3226): Sending signal. PID: 3226 SIG: 9
D/PhoneStatusBar( 2389): disable: < expand icons ALERTS ticker system_info BACK* HOME RECENT CLOCK SEARCH >
I/CheckinTask( 2597): Checkin success: https://android.clients.google.com/checkin (1 requests sent)
D/PhoneStatusBar( 2389): disable: < expand icons alerts* ticker system_info BACK home* recent* clock* search* >
I/StatusBarManagerService( 2283): binder died for pkg=com.google.android.setupwizard
I/ActivityManager( 2283): Process com.google.android.setupwizard (pid 3226) has died.
I/StatusBarManagerService( 2283): binder died for pkg=com.google.android.setupwizard
I/WindowState( 2283): WIN DEATH: Window{42620fc0 u0 com.google.android.setupwizard/com.google.android.setupwizard.WelcomeActivity}
I/StatusBarManagerService( 2283): binder died for pkg=com.google.android.setupwizard
I/StatusBarManagerService( 2283): binder died for pkg=com.google.android.setupwizard
I/OMXNodeInstance( 1907): OMX_FreeBuffer for buffer header 0x411da1f0 successful
I/OMXNodeInstance( 1907): OMX_FreeBuffer for buffer header 0x411d8a30 successful
I/OMXNodeInstance( 1907): OMX_FreeBuffer for buffer header 0x411d8960 successful
I/OMXNodeInstance( 1907): OMX_FreeBuffer for buffer header 0x40e3ff28 successful
I/OMXNodeInstance( 1907): OMX_FreeBuffer for buffer header 0x411da800 successful
I/OMXNodeInstance( 1907): OMX_FreeBuffer for buffer header 0x411da6d8 successful
I/OMXNodeInstance( 1907): OMX_FreeBuffer for buffer header 0x411da598 successful
I/OMXNodeInstance( 1907): OMX_FreeBuffer for buffer header 0x411da378 successful
W/ActivityManager( 2283): Force removing ActivityRecord{4251eb50 u0 com.google.android.setupwizard/.WelcomeActivity t2}: app died, no saved state
V/Zygote  ( 3310): Switching descriptor 32 to /dev/null
V/Zygote  ( 3310): Switching descriptor 9 to /dev/null
I/ActivityManager( 2283): Start proc com.google.android.setupwizard for activity com.google.android.setupwizard/.SetupWizardActivity: pid=3310 uid=10023 gids={50023, 3003}
D/ActivityThread( 3310): handleBindApplication:com.google.android.setupwizard
D/ActivityThread( 3310): setTargetHeapUtilization:0.75
D/ActivityThread( 3310): setTargetHeapMinFree:2097152
I/CheckinService( 2597): active receiver: disabled
I/dalvikvm( 3310): Could not find method android.net.wifi.IWifiManager.setWifiEnabled, referenced from method com.google.android.setupwizard.BaseActivity.tryEnablingWifi
W/dalvikvm( 3310): VFY: unable to resolve interface method 158: Landroid/net/wifi/IWifiManager;.setWifiEnabled (Z)Z
D/dalvikvm( 3310): VFY: replacing opcode 0x72 at 0x0017
I/SetupWizard( 3310): SetupWizardActivity.onCreate(icicle) LTE == false userID=0
V/SetupWizard( 3310): BaseActivity.onCreate(Bundle[mParcelledData.dataSize=292]) com.google.android.setupwizard.SetupWizardActivity
D/SetupWizard( 3310): BaseActivity.onCreate() mIsFirstRun=true mIsSecondaryUser=false
D/PhoneStatusBar( 2389): disable: < expand icons ALERTS* ticker system_info BACK HOME* RECENT* CLOCK* SEARCH* >
D/SetupWizard( 3310): DEVICE_PROVISIONED=false
D/SetupWizard( 3310): USER_SETUP_COMPLETE=false
I/SetupWizard( 3310): SetupWizardActivity.onCreate() completed
V/SetupWizard( 3310): BaseActivity.onStart() com.google.android.setupwizard.SetupWizardActivity
V/SetupWizard( 3310): BaseActivity.onRestoreInstanceState(Bundle[{android:viewHierarchyState=Bundle[mParcelledData.dataSize=124], screenTimeout=121000, currentFocus=-1}]) com.google.android.setupwizard.SetupWizardActivity
I/SetupWizard( 3310): BaseActivity.onActivityResult(WELCOME_REQUEST(10001), RESULT_CANCELED(0)) lastActivity=WIFI_ACTIVITY_REQUEST(10004)
D/SetupWizard( 3310):   RESULT_CANCELED, going back
V/SetupWizard( 3310): BaseActivity.onResume() com.google.android.setupwizard.SetupWizardActivity
E/PhoneMonitor( 3310): onOtaspChanged old =0, new =3
V/PhoneMonitor( 3310): mOtaspPhoneStateListener#onOtaspChanged, mOtaspMode=3
D/PhoneStatusBar( 2389): disable: < expand icons ALERTS ticker system_info back* HOME RECENT CLOCK SEARCH >
D/libEGL  ( 3310): loaded /system/lib/egl/libEGL_mali.so
D/libEGL  ( 3310): loaded /system/lib/egl/libGLESv1_CM_mali.so
I/CheckinService( 2597): active receiver: disabled
D/libEGL  ( 3310): loaded /system/lib/egl/libGLESv2_mali.so
E/        ( 3310): Device driver API match
E/        ( 3310): Device driver API version: 23
E/        ( 3310): User space API version: 23 
E/        ( 3310): mali: REVISION=Linux-r3p2-01rel3 BUILD_DATE=Fri Mar 21 13:52:50 KST 2014 
D/OpenGLRenderer( 3310): Enabling debug mode 0
W/Binder  ( 2489): Caught a RuntimeException from the binder stub implementation.
W/Binder  ( 2489): java.lang.NullPointerException
W/Binder  ( 2489): 	at android.inputmethodservice.IInputMethodWrapper.setSessionEnabled(IInputMethodWrapper.java:280)
W/Binder  ( 2489): 	at com.android.internal.view.IInputMethod$Stub.onTransact(IInputMethod.java:129)
W/Binder  ( 2489): 	at android.os.Binder.execTransact(Binder.java:404)
W/Binder  ( 2489): 	at dalvik.system.NativeStart.run(Native Method)
W/InputMethodManagerService( 2283): Got RemoteException sending setActive(false) notification to pid 3226 uid 10023
I/ActivityManager( 2283): Displayed com.google.android.setupwizard/.SetupWizardActivity: +346ms (total +1s873ms)
I/Timeline( 3310): Timeline: Activity_idle id: android.os.BinderProxy@42254f70 time:32130
I/Timeline( 2283): Timeline: Activity_windows_visible id: ActivityRecord{4224c5f0 u0 com.google.android.setupwizard/.SetupWizardActivity t2} time:32451
W/ViewRootImpl( 2283): Dropping event due to no window focus: KeyEvent { action=ACTION_DOWN, keyCode=KEYCODE_POWER, scanCode=116, metaState=0, flags=0x8, repeatCount=2, eventTime=32436, downTime=31885, deviceId=8, source=0x101 }
D/PhoneStatusBar( 2389): disable: < EXPAND* icons ALERTS ticker system_info back HOME RECENT CLOCK SEARCH >
W/MediaScanner( 2462): Error opening directory '/storage/emulated/0/ArchiDroid/debian/var/spool/cron/crontabs/', skipping: Permission denied.
W/MediaScanner( 2462): Error opening directory '/storage/emulated/0/ArchiDroid/debian/var/spool/rsyslog/', skipping: Permission denied.
W/MediaScanner( 2462): Error opening directory '/storage/emulated/0/ArchiDroid/debian/var/cache/ldconfig/', skipping: Permission denied.
D/ShutdownThread( 2283): Notifying thread to start shutdown
D/ShutdownThread( 2283): longPressBehavior=1
W/InputMethodManagerService( 2283): Window already focused, ignoring focus gain of: com.android.internal.view.IInputMethodClient$Stub$Proxy@426526e8 attribute=null, token = android.os.BinderProxy@4277dbc0
D/PhoneStatusBar( 2389): disable: < expand* icons ALERTS ticker system_info back HOME RECENT CLOCK SEARCH >
D/AudioPolicyManagerBase( 1907): getOutput() device 2, stream 1, samplingRate 0, format 0, channelMask 3, flags 0
D/AudioPolicyManagerBase( 1907): getOutput() returns output 2
D/AudioPolicyManagerBase( 1907): getOutput() device 2, stream 1, samplingRate 0, format 0, channelMask 3, flags 0
D/AudioPolicyManagerBase( 1907): getOutput() returns output 2
D/AudioPolicyManagerBase( 1907): getOutput() device 2, stream 1, samplingRate 48000, format 1, channelMask 3, flags 4
D/AudioPolicyManagerBase( 1907): getOutput() returns output 2
W/AudioTrack( 2283): AUDIO_OUTPUT_FLAG_FAST denied by client due to mismatching sample rate (48000 vs 44100)
D/AudioFlinger( 1907): start(4099), calling pid 2283 session 23
D/AudioFlinger( 1907): ? => ACTIVE (4099) on thread 0x411d8958
D/AudioPolicyManagerBase( 1907): startOutput() output 2, stream 1, session 23
I/ShutdownThread( 2283): Sending shutdown broadcast...
W/SyncManager( 2283): Writing sync state before shutdown...
I/ShutdownThread( 2283): Shutting down activity manager...
W/ShutdownThread( 2283): Turning off NFC...
V/SetupWizard( 3310): BaseActivity.onPause() com.google.android.setupwizard.SetupWizardActivity
I/NfcService( 2530): Disabling NFC
W/ShutdownThread( 2283): Turning off radio...
V/SetupWizard( 3310): BaseActivity.onSaveInstanceState(Bundle[{android:viewHierarchyState=Bundle[{android:views={16908290=android.view.AbsSavedState$1@41fbeae0}}], screenTimeout=121000, currentFocus=-1}]) com.google.android.setupwizard.SetupWizardActivity
V/SetupWizard( 3310): BaseActivity.onStop() com.google.android.setupwizard.SetupWizardActivity
I/ShutdownThread( 2283): Waiting for NFC, Bluetooth and Radio...
W/AppOps  ( 2283): Writing app ops before shutdown...
D/NfcP2pLinkManager( 2530): enableDisable: llcp deactivate
I/NfcP2pLinkManager( 2530): LLCP deactivated.
I/NfcP2pLinkManager( 2530): Duplicate onLlcpDectivated()
D/NdefPushServer( 2530): stop, thread = Thread[Thread-41,5,main]
D/NdefPushServer( 2530): shuting down server thread
D/NfcDispatcher( 2530): Set Foreground Dispatch
I/EntropyMixer( 2283): Writing entropy...
I/UsageStats( 2283): Writing usage stats before shutdown...
W/BatteryStats( 2283): Writing battery stats before shutdown...
D/NFCJNI  ( 2530): Terminating client thread...
D/NFCJNI  ( 2530): phLibNfc_Mgt_UnConfigureDriver() returned 0x0000[NFCSTATUS_SUCCESS]
I/dalvikvm( 2283): Jit: resizing JitTable from 4096 to 8192
W/ProcessStatsService( 2283): Writing process stats before shutdown...
I/ProcessStatsService( 2283): Prepared write state in 7ms
I/ShutdownThread( 2283): Shutting down MountService
I/PackageManager( 2283): Updating external media status from unmounted to unmounted
I/MountService( 2283): Shutting down
I/MountService( 2283): Unmount completed: /storage/usbdisk0, result code: 0
W/ActivityManager( 2283): Killing processes unmount media at adjustment 8
I/ActivityManager( 2283): Killing 2462:android.process.media/u0a6 (adj 8): unmount media
W/ActivityManager( 2283): Scheduling restart of crashed service com.android.providers.media/.MediaScannerService in 28572ms
I/ShutdownThread( 2283): NFC turned off.
I/ActivityManager( 2283): Killing 2746:com.google.android.gms.ui/u0a10 (adj 15): empty #17
I/PackageManager( 2283): Updating external media status from unmounted to unmounted
I/MountService( 2283): Unmount completed: /storage/emulated/0, result code: -1
D/Vold    ( 1899): Volume sdcard1 state changing 4 (Mounted) -> 5 (Unmounting)
D/MountService( 2283): sendStorageIntent Intent { act=android.intent.action.MEDIA_EJECT dat=file:///storage/sdcard1 (has extras) } to UserHandle{-1}
I/ActivityManager( 2283): Waited long enough for: ServiceRecord{427debc8 u0 com.android.providers.media/.MediaScannerService}
I/ActivityManager( 2283): Resuming delayed broadcast
D/AlertReceiver( 3188): onReceive: a=android.intent.action.BOOT_COMPLETED Intent { act=android.intent.action.BOOT_COMPLETED flg=0x8000010 cmp=com.android.calendar/.alerts.AlertReceiver (has extras) }
I/ActivityManager( 2283): Delay finish: com.android.calendar/.alerts.AlertReceiver
D/AlertService( 3188): 0 Action = android.intent.action.BOOT_COMPLETED
D/AlertService( 3188): Scheduling next alarm with AlarmScheduler. sEventReminderReceived: null
D/AlarmScheduler( 3188): No events found starting within 1 week.
D/PhoneApp( 2512): mReceiver: ACTION_ANY_DATA_CONNECTION_STATE_CHANGED
D/PhoneApp( 2512): - state: CONNECTED
D/PhoneApp( 2512): - reason: null
D/MobileDataStateTracker( 2283): default: Broadcast received: android.intent.action.ANY_DATA_STATE apnType=default
D/MobileDataStateTracker( 2283): default: Received state=CONNECTED, old=CONNECTED, reason=(unspecified)
D/MobileDataStateTracker( 2283): default: Broadcast received: android.intent.action.ANY_DATA_STATE apnType=default
D/MobileDataStateTracker( 2283): default: Received state=DISCONNECTED, old=CONNECTED, reason=radioTurnedOff
D/MobileDataStateTracker( 2283): default: setDetailed state, old =CONNECTED and new state=DISCONNECTED
D/PhoneApp( 2512): mReceiver: ACTION_ANY_DATA_CONNECTION_STATE_CHANGED
D/PhoneApp( 2512): - state: DISCONNECTED
D/PhoneApp( 2512): - reason: radioTurnedOff
D/ConnectivityService( 2283): Setting TCP values: [0] which comes from [net.tcp.usercfg.default]
E/ConnectivityService( 2283): Can't set delayed ACK size:java.io.FileNotFoundException: /sys/kernel/ipv4/tcp_use_userconfig: open failed: ENOENT (No such file or directory)
D/ConnectivityService( 2283): Setting TCP values: [1] which comes from [net.tcp.delack.default]
E/ConnectivityService( 2283): Can't set delayed ACK size:java.io.FileNotFoundException: /sys/kernel/ipv4/tcp_delack_seg: open failed: ENOENT (No such file or directory)
D/ConnectivityService( 2283): ConnectivityChange for mobile: DISCONNECTED/DISCONNECTED
D/ConnectivityService( 2283): tryFailover: set mActiveDefaultNetwork=-1, prevNetType=0
E/ConnectivityService( 2283): Can't set delayed ACK size:java.io.FileNotFoundException: /sys/kernel/ipv4/tcp_use_userconfig: open failed: ENOENT (No such file or directory)
E/ConnectivityService( 2283): Can't set delayed ACK size:java.io.FileNotFoundException: /sys/kernel/ipv4/tcp_delack_seg: open failed: ENOENT (No such file or directory)
D/ConnectivityService( 2283): Attempting to switch to wifi
D/ConnectivityService( 2283): Attempting to switch to BLUETOOTH_TETHER
D/NetUtils( 2283): android_net_utils_resetConnections in env=0x5df78758 clazz=0x42100001 iface=rmnet0 mask=0x3
D/ConnectivityService( 2283): resetConnections(rmnet0, 3)
D/CaptivePortalTracker( 2283): NoActiveNetworkState{ when=0 what=1 obj=NetworkInfo: type: mobile[HSDPA], state: DISCONNECTED/DISCONNECTED, reason: radioTurnedOff, extra: erainternet, roaming: false, failover: false, isAvailable: false, isConnectedToProvisioningNetwork: false target=com.android.internal.util.StateMachine$SmHandler }
D/CaptivePortalTracker( 2283): NoActiveNetworkState not a wifi connectivity change, ignore
D/Nat464Xlat( 2283): requiresClat: netType=0, hasIPv4Address=true
D/MobileDataStateTracker( 2283): default: setPolicyDataEnable(enabled=true)
W/NetworkPolicy( 2283): problem reading network stats: java.lang.NullPointerException
I/ActivityManager( 2283): Waited long enough for: ServiceRecord{42815af0 u0 com.android.mms/.transaction.TransactionService}
I/ActivityManager( 2283): Resuming delayed broadcast
V/Zygote  ( 3347): Switching descriptor 32 to /dev/null
V/Zygote  ( 3347): Switching descriptor 9 to /dev/null
I/ActivityManager( 2283): Start proc com.android.cellbroadcastreceiver for broadcast com.android.cellbroadcastreceiver/.CellBroadcastReceiver: pid=3347 uid=10033 gids={50033}
D/ActivityThread( 3347): handleBindApplication:com.android.cellbroadcastreceiver
D/ActivityThread( 3347): setTargetHeapUtilization:0.75
D/ActivityThread( 3347): setTargetHeapMinFree:2097152
D/CellBroadcastReceiver( 3347): onReceive Intent { act=android.intent.action.BOOT_COMPLETED flg=0x8000010 cmp=com.android.cellbroadcastreceiver/.CellBroadcastReceiver (has extras) }
D/CellBroadcastReceiver( 3347): Registering for ServiceState updates
D/CellBroadcastReceiver( 3347): Service state changed! 0 Full: 0 0 home T-Mobile.pl T-Mobile.pl 26002  Unknown HSDPA CSS not supported -1 -1 RoamInd=-1 DefRoamInd=-1 EmergOnly=false
V/Zygote  ( 3360): Switching descriptor 32 to /dev/null
V/Zygote  ( 3360): Switching descriptor 9 to /dev/null
I/ActivityManager( 2283): Start proc com.android.email for broadcast com.android.email/.service.EmailBroadcastReceiver: pid=3360 uid=10038 gids={50038, 3003, 1028, 1015}
D/CellBroadcastConfigService( 3347): enabling emergency cell broadcast channels
D/IccSmsInterfaceManager( 2512): [IccSmsInterfaceManager] enableGsmBroadcastRange
D/ActivityThread( 3360): handleBindApplication:com.android.email
D/IccSmsInterfaceManager( 2512): [IccSmsInterfaceManager] Calling setGsmBroadcastConfig with 1 configurations
D/ActivityThread( 3360): setTargetHeapUtilization:0.75
D/ActivityThread( 3360): setTargetHeapMinFree:2097152
D/IccSmsInterfaceManager( 2512): [IccSmsInterfaceManager] Added cell broadcast subscription for MID range 4352 to 4354 from client com.android.cellbroadcastreceiver
D/IccSmsInterfaceManager( 2512): [IccSmsInterfaceManager] Calling setCellBroadcastActivation(true)
D/IccSmsInterfaceManager( 2512): [IccSmsInterfaceManager] enableGsmBroadcastRange
D/IccSmsInterfaceManager( 2512): [IccSmsInterfaceManager] Calling setGsmBroadcastConfig with 2 configurations
D/IccSmsInterfaceManager( 2512): [IccSmsInterfaceManager] Added cell broadcast subscription for MID range 4356 to 4356 from client com.android.cellbroadcastreceiver
D/IccSmsInterfaceManager( 2512): [IccSmsInterfaceManager] Calling setCellBroadcastActivation(true)
D/IccSmsInterfaceManager( 2512): [IccSmsInterfaceManager] enableGsmBroadcastRange
D/IccSmsInterfaceManager( 2512): [IccSmsInterfaceManager] Calling setGsmBroadcastConfig with 3 configurations
D/IccSmsInterfaceManager( 2512): [IccSmsInterfaceManager] Added cell broadcast subscription for MID range 4371 to 4372 from client com.android.cellbroadcastreceiver
D/IccSmsInterfaceManager( 2512): [IccSmsInterfaceManager] Calling setCellBroadcastActivation(true)
D/ActivityThread( 3360): Loading provider com.android.email.provider;com.android.email.notifier: com.android.email.provider.EmailProvider
D/IccSmsInterfaceManager( 2512): [IccSmsInterfaceManager] enableGsmBroadcastRange
D/IccSmsInterfaceManager( 2512): [IccSmsInterfaceManager] Calling setGsmBroadcastConfig with 4 configurations
D/IccSmsInterfaceManager( 2512): [IccSmsInterfaceManager] Added cell broadcast subscription for MID range 4373 to 4378 from client com.android.cellbroadcastreceiver
D/IccSmsInterfaceManager( 2512): [IccSmsInterfaceManager] Calling setCellBroadcastActivation(true)
D/IccSmsInterfaceManager( 2512): [IccSmsInterfaceManager] enableGsmBroadcastRange
D/IccSmsInterfaceManager( 2512): [IccSmsInterfaceManager] Calling setGsmBroadcastConfig with 4 configurations
D/IccSmsInterfaceManager( 2512): [IccSmsInterfaceManager] Added cell broadcast subscription for MID range 4379 to 4379 from client com.android.cellbroadcastreceiver
D/IccSmsInterfaceManager( 2512): [IccSmsInterfaceManager] Calling setCellBroadcastActivation(true)
I/ActivityManager( 2283): Delay finish: com.android.email/.service.EmailBroadcastReceiver
D/IccSmsInterfaceManager( 2512): [IccSmsInterfaceManager] enableGsmBroadcastRange
D/IccSmsInterfaceManager( 2512): [IccSmsInterfaceManager] Calling setGsmBroadcastConfig with 4 configurations
D/IccSmsInterfaceManager( 2512): [IccSmsInterfaceManager] Added cell broadcast subscription for MID range 4370 to 4370 from client com.android.cellbroadcastreceiver
D/IccSmsInterfaceManager( 2512): [IccSmsInterfaceManager] Calling setCellBroadcastActivation(true)
D/CellBroadcastConfigService( 3347): enabled emergency cell broadcast channels
D/CellBroadcastConfigService( 3347): disabling cell broadcast channel 50
D/IccSmsInterfaceManager( 2512): [IccSmsInterfaceManager] disableGsmBroadcastRange
D/IccSmsInterfaceManager( 2512): [IccSmsInterfaceManager] Failed to remove cell broadcast subscription for MID range 50 to 50 from client com.android.cellbroadcastreceiver
D/CellBroadcastConfigService( 3347): disabled cell broadcast channel 50
D/CellBroadcastConfigService( 3347): disabling cell broadcast channel 60
D/IccSmsInterfaceManager( 2512): [IccSmsInterfaceManager] disableGsmBroadcastRange
D/IccSmsInterfaceManager( 2512): [IccSmsInterfaceManager] Failed to remove cell broadcast subscription for MID range 60 to 60 from client com.android.cellbroadcastreceiver
D/CellBroadcastConfigService( 3347): disabled cell broadcast channel 60
D/CellBroadcastConfigService( 3347): disabling channels 919-928
D/IccSmsInterfaceManager( 2512): [IccSmsInterfaceManager] disableGsmBroadcastRange
D/IccSmsInterfaceManager( 2512): [IccSmsInterfaceManager] Failed to remove cell broadcast subscription for MID range 919 to 928 from client com.android.cellbroadcastreceiver
D/CellBroadcastConfigService( 3347): disabling cell broadcast ETWS test messages
D/IccSmsInterfaceManager( 2512): [IccSmsInterfaceManager] disableGsmBroadcastRange
D/IccSmsInterfaceManager( 2512): [IccSmsInterfaceManager] Failed to remove cell broadcast subscription for MID range 4355 to 4355 from client com.android.cellbroadcastreceiver
D/CellBroadcastConfigService( 3347): disabling cell broadcast CMAS test messages
D/IccSmsInterfaceManager( 2512): [IccSmsInterfaceManager] disableGsmBroadcastRange
D/IccSmsInterfaceManager( 2512): [IccSmsInterfaceManager] Failed to remove cell broadcast subscription for MID range 4380 to 4382 from client com.android.cellbroadcastreceiver
W/ActivityManager( 2283): Unable to start service Intent { cmp=com.android.email/.service.AttachmentDownloadService } U=0: not found
I/Email   ( 3360): Observing account changes for notifications
I/ActivityManager( 2283): Delaying start of: ServiceRecord{427bee80 u0 com.android.exchange/.service.EmailSyncAdapterService}
V/Zygote  ( 3382): Switching descriptor 32 to /dev/null
V/Zygote  ( 3382): Switching descriptor 9 to /dev/null
I/ActivityManager( 2283): Start proc com.android.exchange for service com.android.exchange/.service.EmailSyncAdapterService: pid=3382 uid=10039 gids={50039, 3003, 1028, 1015}
W/ActivityManager( 2283): Unable to start service Intent { cmp=com.android.email/.service.AttachmentDownloadService } U=0: not found
D/ActivityThread( 3382): handleBindApplication:com.android.exchange
D/ActivityThread( 3382): setTargetHeapUtilization:0.75
D/ActivityThread( 3382): setTargetHeapMinFree:2097152
I/ActivityManager( 2283): Resuming delayed broadcast
V/Zygote  ( 3395): Switching descriptor 32 to /dev/null
V/Zygote  ( 3395): Switching descriptor 9 to /dev/null
I/ActivityManager( 2283): Start proc com.android.gallery3d for broadcast com.android.gallery3d/org.codeaurora.gallery3d.video.DmReceiver: pid=3395 uid=10041 gids={50041, 1006, 3003, 1028, 1015, 3002}
I/ActivityManager( 2283): Killing 2869:com.android.externalstorage/u0a7 (adj 15): empty #17
D/ActivityThread( 3395): handleBindApplication:com.android.gallery3d
D/ActivityThread( 3395): setTargetHeapUtilization:0.75
D/ActivityThread( 3395): setTargetHeapMinFree:2097152
I/ActivityManager( 2283): Killing 2900:com.android.dialer/u0a5 (adj 15): empty #17
I/LauncherIconVisibilityManager( 2489): Boot has been completed
I/LauncherIconVisibilityManager( 2489): Activity has already been disabled: ComponentInfo{com.android.inputmethod.latin/com.android.inputmethod.latin.setup.SetupActivity}
I/Vold    ( 1899): /storage/sdcard1 sucessfully unmounted
D/WeatherUpdateService( 3205): Service started, but shouldn't update ... stopping
I/Vold    ( 1899): /mnt/media_rw/sdcard1 sucessfully unmounted
I/Vold    ( 1899): /mnt/media_rw/sdcard1 unmounted successfully
D/Vold    ( 1899): Volume sdcard1 state changing 5 (Unmounting) -> 1 (Idle-Unmounted)
D/MountService( 2283): volume state changed for /storage/sdcard1 (mounted -> unmounted)
V/Zygote  ( 3411): Switching descriptor 32 to /dev/null
V/Zygote  ( 3411): Switching descriptor 9 to /dev/null
D/MountService( 2283): sendStorageIntent Intent { act=android.intent.action.MEDIA_UNMOUNTED dat=file:///storage/sdcard1 (has extras) } to UserHandle{-1}
I/ActivityManager( 2283): Start proc org.cyanogenmod.voiceplus for broadcast org.cyanogenmod.voiceplus/.PackageChangeReceiver: pid=3411 uid=10061 gids={50061, 3003}
E/VoldConnector( 2283): NDC Command {8 volume unmount /storage/sdcard1 force} took too long (2145ms)
W/ShutdownThread( 2283): Result code 0 from MountService.shutdown
I/MountService( 2283): Unmount completed: /storage/sdcard1, result code: 0
D/ActivityThread( 3411): handleBindApplication:org.cyanogenmod.voiceplus
D/ActivityThread( 3411): setTargetHeapUtilization:0.75
D/ActivityThread( 3411): setTargetHeapMinFree:2097152
V/Zygote  ( 3423): Switching descriptor 32 to /dev/null
V/Zygote  ( 3423): Switching descriptor 9 to /dev/null
I/ActivityManager( 2283): Start proc org.whispersystems.whisperpush for broadcast org.whispersystems.whisperpush/.service.DirectoryRefreshListener: pid=3423 uid=10063 gids={50063, 3003}
I/ActivityManager( 2283): Killing 2914:com.cyanogenmod.settings.device/1000 (adj 15): empty #17
D/ActivityThread( 3423): handleBindApplication:org.whispersystems.whisperpush
D/ActivityThread( 3423): setTargetHeapUtilization:0.75
D/ActivityThread( 3423): setTargetHeapMinFree:2097152
I/ActivityManager( 2283): Killing 2579:com.android.printspooler/u0a55 (adj 15): empty #17
I/ActivityManager( 2283): Delay finish: com.google.android.syncadapters.contacts/.ContactsSyncAdapterBroadcastReceiver
I/ActivityManager( 2283): Resuming delayed broadcast
I/ActivityManager( 2283): Delay finish: com.android.phone/.SipBroadcastReceiver
D/MccTable( 2512): WIFI_COUNTRY_CODE set to 
D/WifiStateMachine( 2283): Ignoring resetting of country code
I/WifiService( 2283): WifiService trying to set country code to  with persist set to true
D/CellBroadcastReceiver( 3347): Service state changed! 3 Full: 3 3 home null null null  Unknown Unknown CSS not supported -1 -1 RoamInd=-1 DefRoamInd=-1 EmergOnly=false
D/KeyguardUpdateMonitor( 2389): Received SPN update on sub :0
D/MobileDataStateTracker( 2283): default: Broadcast received: android.intent.action.ANY_DATA_STATE apnType=default
D/MobileDataStateTracker( 2283): default: Received state=DISCONNECTED, old=DISCONNECTED, reason=(unspecified)
D/MobileDataStateTracker( 2283): dun: Broadcast received: android.intent.action.ANY_DATA_STATE apnType=dun
D/MobileDataStateTracker( 2283): dun: Received state=DISCONNECTED, old=DISCONNECTED, reason=radioTurnedOff
D/MobileDataStateTracker( 2283): supl: Broadcast received: android.intent.action.ANY_DATA_STATE apnType=supl
D/MobileDataStateTracker( 2283): supl: Received state=DISCONNECTED, old=DISCONNECTED, reason=radioTurnedOff
D/MobileDataStateTracker( 2283): hipri: Broadcast received: android.intent.action.ANY_DATA_STATE apnType=hipri
D/MobileDataStateTracker( 2283): hipri: Received state=DISCONNECTED, old=DISCONNECTED, reason=radioTurnedOff
I/ShutdownThread( 2283): Radio turned off.
I/ShutdownThread( 2283): NFC, Radio and Bluetooth shutdown complete.
D/MobileDataStateTracker( 2283): default: Broadcast received: android.intent.action.ANY_DATA_STATE apnType=default
D/MobileDataStateTracker( 2283): default: Received state=DISCONNECTED, old=DISCONNECTED, reason=radioTurnedOff
D/MobileDataStateTracker( 2283): mms: Broadcast received: android.intent.action.ANY_DATA_STATE apnType=mms
D/MobileDataStateTracker( 2283): mms: Received state=DISCONNECTED, old=DISCONNECTED, reason=radioTurnedOff
D/MobileDataStateTracker( 2283): dun: Broadcast received: android.intent.action.ANY_DATA_STATE apnType=dun
D/MobileDataStateTracker( 2283): dun: Received state=DISCONNECTED, old=DISCONNECTED, reason=radioTurnedOff
D/MobileDataStateTracker( 2283): supl: Broadcast received: android.intent.action.ANY_DATA_STATE apnType=supl
D/MobileDataStateTracker( 2283): supl: Received state=DISCONNECTED, old=DISCONNECTED, reason=radioTurnedOff
D/MobileDataStateTracker( 2283): hipri: Broadcast received: android.intent.action.ANY_DATA_STATE apnType=hipri
D/MobileDataStateTracker( 2283): hipri: Received state=DISCONNECTED, old=DISCONNECTED, reason=radioTurnedOff
D/MobileDataStateTracker( 2283): mms: Broadcast received: android.intent.action.ANY_DATA_STATE apnType=mms
D/MobileDataStateTracker( 2283): mms: Received state=DISCONNECTED, old=DISCONNECTED, reason=radioTurnedOff
D/MobileDataStateTracker( 2283): default: Broadcast received: android.intent.action.ANY_DATA_STATE apnType=default
D/MobileDataStateTracker( 2283): default: Received state=DISCONNECTED, old=DISCONNECTED, reason=dataDetached
D/MobileDataStateTracker( 2283): dun: Broadcast received: android.intent.action.ANY_DATA_STATE apnType=dun
D/MobileDataStateTracker( 2283): dun: Received state=DISCONNECTED, old=DISCONNECTED, reason=dataDetached
D/MobileDataStateTracker( 2283): supl: Broadcast received: android.intent.action.ANY_DATA_STATE apnType=supl
D/MobileDataStateTracker( 2283): supl: Received state=DISCONNECTED, old=DISCONNECTED, reason=dataDetached
D/MobileDataStateTracker( 2283): hipri: Broadcast received: android.intent.action.ANY_DATA_STATE apnType=hipri
D/PhoneApp( 2512): mReceiver: ACTION_ANY_DATA_CONNECTION_STATE_CHANGED
D/PhoneApp( 2512): - state: DISCONNECTED
D/PhoneApp( 2512): - reason: null
D/PhoneApp( 2512): mReceiver: ACTION_ANY_DATA_CONNECTION_STATE_CHANGED
D/PhoneApp( 2512): - state: DISCONNECTED
D/PhoneApp( 2512): - reason: radioTurnedOff
D/PhoneApp( 2512): mReceiver: ACTION_ANY_DATA_CONNECTION_STATE_CHANGED
D/PhoneApp( 2512): - state: DISCONNECTED
D/PhoneApp( 2512): - reason: radioTurnedOff
D/PhoneApp( 2512): mReceiver: ACTION_ANY_DATA_CONNECTION_STATE_CHANGED
D/PhoneApp( 2512): - state: DISCONNECTED
D/PhoneApp( 2512): - reason: radioTurnedOff
D/PhoneApp( 2512): mReceiver: ACTION_ANY_DATA_CONNECTION_STATE_CHANGED
D/PhoneApp( 2512): - state: DISCONNECTED
D/PhoneApp( 2512): - reason: radioTurnedOff
D/PhoneApp( 2512): mReceiver: ACTION_ANY_DATA_CONNECTION_STATE_CHANGED
D/PhoneApp( 2512): - state: DISCONNECTED
D/PhoneApp( 2512): - reason: radioTurnedOff
D/PhoneApp( 2512): mReceiver: ACTION_ANY_DATA_CONNECTION_STATE_CHANGED
D/PhoneApp( 2512): - state: DISCONNECTED
D/PhoneApp( 2512): - reason: radioTurnedOff
D/PhoneApp( 2512): mReceiver: ACTION_ANY_DATA_CONNECTION_STATE_CHANGED
D/PhoneApp( 2512): - state: DISCONNECTED
D/PhoneApp( 2512): - reason: radioTurnedOff
D/MobileDataStateTracker( 2283): hipri: Received state=DISCONNECTED, old=DISCONNECTED, reason=dataDetached
D/MobileDataStateTracker( 2283): mms: Broadcast received: android.intent.action.ANY_DATA_STATE apnType=mms
D/MobileDataStateTracker( 2283): mms: Received state=DISCONNECTED, old=DISCONNECTED, reason=dataDetached
D/PhoneApp( 2512): mReceiver: ACTION_ANY_DATA_CONNECTION_STATE_CHANGED
D/PhoneApp( 2512): - state: DISCONNECTED
D/PhoneApp( 2512): - reason: radioTurnedOff
D/PhoneApp( 2512): mReceiver: ACTION_ANY_DATA_CONNECTION_STATE_CHANGED
D/PhoneApp( 2512): - state: DISCONNECTED
D/PhoneApp( 2512): - reason: radioTurnedOff
D/PhoneApp( 2512): mReceiver: ACTION_ANY_DATA_CONNECTION_STATE_CHANGED
D/PhoneApp( 2512): - state: DISCONNECTED
D/PhoneApp( 2512): - reason: dataDetached
D/PhoneApp( 2512): mReceiver: ACTION_ANY_DATA_CONNECTION_STATE_CHANGED
D/PhoneApp( 2512): - state: DISCONNECTED
D/PhoneApp( 2512): - reason: dataDetached
D/PhoneApp( 2512): mReceiver: ACTION_ANY_DATA_CONNECTION_STATE_CHANGED
D/PhoneApp( 2512): - state: DISCONNECTED
D/PhoneApp( 2512): - reason: dataDetached
D/PhoneApp( 2512): mReceiver: ACTION_ANY_DATA_CONNECTION_STATE_CHANGED
D/PhoneApp( 2512): - state: DISCONNECTED
D/PhoneApp( 2512): - reason: dataDetached
D/GCM     ( 2683): GcmService start Intent { act=com.google.android.gms.INITIALIZE flg=0x10 pkg=com.google.android.gms cmp=com.google.android.gms/.gcm.GcmService } com.google.android.gms.INITIALIZE
I/ActivityManager( 2283): Resuming delayed broadcast
D/PhoneApp( 2512): mReceiver: ACTION_ANY_DATA_CONNECTION_STATE_CHANGED
D/PhoneApp( 2512): - state: DISCONNECTED
D/PhoneApp( 2512): - reason: dataDetached
D/AuthorizationBluetoothService( 2683): Received GmsCore event: Intent { act=com.google.android.gms.INITIALIZE flg=0x10 pkg=com.google.android.gms cmp=com.google.android.gms/.auth.be.proximity.authorization.bt.AuthorizationBluetoothService$AutoStarter }.
D/c       ( 2683): Getting all permits...
D/a       ( 2683): Opening database...
D/a       ( 2683): Opening database auth.proximity.permit_store...
D/a       ( 2683): Closing database...
D/GCM     ( 2683): GcmService start Intent { act=com.google.android.gms.INITIALIZE flg=0x10 pkg=com.google.android.gms cmp=com.google.android.gms/.gcm.GcmService } com.google.android.gms.INITIALIZE
D/AuthorizationBluetoothService( 2683): Received GmsCore event: Intent { act=com.google.android.gms.INITIALIZE flg=0x10 pkg=com.google.android.gms cmp=com.google.android.gms/.auth.be.proximity.authorization.bt.AuthorizationBluetoothService$AutoStarter }.
D/c       ( 2683): Getting all permits...
D/a       ( 2683): Opening database...
D/a       ( 2683): Opening database auth.proximity.permit_store...
D/a       ( 2683): Closing database...
I/ActivityManager( 2283): Delay finish: com.cyanogenmod.lockclock/.ClockWidgetProvider
I/ActivityManager( 2283): Resuming delayed broadcast
D/GCM     ( 2683): GcmService start Intent { act=com.google.android.gms.INITIALIZE flg=0x10 pkg=com.google.android.gms cmp=com.google.android.gms/.gcm.GcmService } com.google.android.gms.INITIALIZE
D/AuthorizationBluetoothService( 2683): Received GmsCore event: Intent { act=com.google.android.gms.INITIALIZE flg=0x10 pkg=com.google.android.gms cmp=com.google.android.gms/.auth.be.proximity.authorization.bt.AuthorizationBluetoothService$AutoStarter }.
D/c       ( 2683): Getting all permits...
D/a       ( 2683): Opening database...
D/a       ( 2683): Opening database auth.proximity.permit_store...
D/a       ( 2683): Closing database...
D/GCM     ( 2683): GcmService start Intent { act=com.google.android.gms.INITIALIZE flg=0x10 pkg=com.google.android.gms cmp=com.google.android.gms/.gcm.GcmService } com.google.android.gms.INITIALIZE
D/AuthorizationBluetoothService( 2683): Received GmsCore event: Intent { act=com.google.android.gms.INITIALIZE flg=0x10 pkg=com.google.android.gms cmp=com.google.android.gms/.auth.be.proximity.authorization.bt.AuthorizationBluetoothService$AutoStarter }.
D/c       ( 2683): Getting all permits...
D/a       ( 2683): Opening database...
D/a       ( 2683): Opening database auth.proximity.permit_store...
D/a       ( 2683): Closing database...
I/ActivityManager( 2283): Delay finish: com.cyanogenmod.lockclock/.ClockWidgetProvider
D/GCM     ( 2683): GcmService start Intent { act=com.google.android.gms.INITIALIZE flg=0x10 pkg=com.google.android.gms cmp=com.google.android.gms/.gcm.GcmService } com.google.android.gms.INITIALIZE
I/ActivityManager( 2283): Resuming delayed broadcast
D/AuthorizationBluetoothService( 2683): Received GmsCore event: Intent { act=com.google.android.gms.INITIALIZE flg=0x10 pkg=com.google.android.gms cmp=com.google.android.gms/.auth.be.proximity.authorization.bt.AuthorizationBluetoothService$AutoStarter }.
D/c       ( 2683): Getting all permits...
D/a       ( 2683): Opening database...
D/a       ( 2683): Opening database auth.proximity.permit_store...
D/a       ( 2683): Closing database...
I/ActivityManager( 2283): Delay finish: com.cyanogenmod.lockclock/.ClockWidgetProvider
I/ActivityManager( 2283): Resuming delayed broadcast
I/ActivityManager( 2283): Delay finish: com.cyanogenmod.lockclock/.ClockWidgetProvider
D/WeatherUpdateService( 3205): Service started, but shouldn't update ... stopping
I/ActivityManager( 2283): Resuming delayed broadcast
I/ActivityManager( 2283): Delay finish: com.cyanogenmod.lockclock/.ClockWidgetProvider
I/ActivityManager( 2283): Resuming delayed broadcast
D/GCM     ( 2683): GcmService start Intent { act=com.google.android.checkin.CHECKIN_COMPLETE flg=0x10 cmp=com.google.android.gms/.gcm.GcmService (has extras) } com.google.android.checkin.CHECKIN_COMPLETE
I/ActivityManager( 2283): Delay finish: com.android.mms/.transaction.SmsReceiver
V/SmsReceiverService( 2979): onStart: #1 mResultCode: -1 = Activity.RESULT_OK
I/ActivityManager( 2283): Resuming delayed broadcast
I/ActivityManager( 2283): Delay finish: com.cyanogenmod.lockclock/.ClockWidgetProvider
I/ActivityManager( 2283): Resuming delayed broadcast
V/UserPresentBroadcastReceiver( 2683): Recieved ACTION_USER_PRESENT.
D/d       ( 2683): Notifying listener(s): onUserAbsent()...
D/c       ( 2683): Stoping periodic check for user presence.
D/AlertReceiver( 3188): onReceive: a=android.intent.action.PROVIDER_CHANGED Intent { act=android.intent.action.PROVIDER_CHANGED dat=content://com.android.calendar flg=0x10 cmp=com.android.calendar/.alerts.AlertReceiver }
D/AlertService( 3188): 0 Action = android.intent.action.PROVIDER_CHANGED
I/ActivityManager( 2283): Delay finish: com.android.calendar/.widget.CalendarAppWidgetService$CalendarFactory
I/ShutdownThread( 2283): Performing low-level shutdown...
